Component: ARM Compiler 5.06 update 6 (build 750) Tool: armlink [4d35ed]

==============================================================================

Section Cross References

    main.o(.text) refers to rcc.o(.text) for rcc_init
    main.o(.text) refers to leds.o(.text) for leds_init
    main.o(.text) refers to debug.o(.text) for debug_init
    main.o(.text) refers to setting.o(.text) for setting_init
    main.o(.text) refers to button.o(.text) for button_init
    main.o(.text) refers to update.o(.text) for update_init
    main.o(.text) refers to touchpanel.o(.text) for TP_Init
    main.o(.text) refers to lcd.o(.text) for LCD_Initializtion
    main.o(.text) refers to printf8.o(i.__0sprintf$8) for __2sprintf
    main.o(.text) refers to menu.o(.text) for Menu_Init
    main.o(.text) refers to printf8.o(i.__0printf$8) for __2printf
    main.o(.text) refers to devices.o(.text) for Timers_Update
    main.o(.text) refers to actionmenu.o(.text) for ActionTouch
    main.o(.text) refers to rammap.o(.bss) for coreCPUsett
    main.o(.text) refers to rammap.o(.bss) for coreFlags
    main.o(.text) refers to touchpanel.o(.bss) for matrix
    main.o(.text) refers to touchpanel.o(.data) for display
    main.o(.text) refers to actionmenu.o(.data) for BaseXY
    main.o(.text) refers to menu.o(.bss) for Menu
    lcd.o(.text) refers to stm32f4xx_rcc.o(.text) for RCC_AHB1PeriphClockCmd
    lcd.o(.text) refers to stm32f4xx_gpio.o(.text) for GPIO_PinAFConfig
    lcd.o(.text) refers to lcd.o(.data) for .data
    lcd.o(.text) refers to printf8.o(i.__0printf$8) for __2printf
    lcd.o(.text) refers to asciilib.o(.text) for GetASCIICode
    lcd.o(.text) refers to stm32f4xx_fsmc.o(.text) for FSMC_NORSRAMInit
    asciilib.o(.text) refers to memcpya.o(.text) for __aeabi_memcpy
    asciilib.o(.text) refers to asciilib.o(.constdata) for .constdata
    touchpanel.o(.text) refers to stm32f4xx_rcc.o(.text) for RCC_AHB1PeriphClockCmd
    touchpanel.o(.text) refers to stm32f4xx_gpio.o(.text) for GPIO_PinAFConfig
    touchpanel.o(.text) refers to stm32f4xx_spi.o(.text) for SPI_I2S_DeInit
    touchpanel.o(.text) refers to printf8.o(i.__0printf$8) for __2printf
    touchpanel.o(.text) refers to lcd.o(.text) for LCD_SetPoint
    touchpanel.o(.text) refers to memseta.o(.text) for __aeabi_memclr4
    touchpanel.o(.text) refers to touchpanel.o(.data) for .data
    touchpanel.o(.text) refers to dflti.o(.text) for __aeabi_i2d
    touchpanel.o(.text) refers to cdcmple.o(.text) for __aeabi_cdcmpeq
    touchpanel.o(.text) refers to dfltui.o(.text) for __aeabi_ui2d
    touchpanel.o(.text) refers to dmul.o(.text) for __aeabi_dmul
    touchpanel.o(.text) refers to dadd.o(.text) for __aeabi_dadd
    touchpanel.o(.text) refers to ddiv.o(.text) for __aeabi_ddiv
    touchpanel.o(.text) refers to dfixui.o(.text) for __aeabi_d2uiz
    touchpanel.o(.text) refers to touchpanel.o(.bss) for .bss
    debug.o(.text) refers to stm32f4xx_gpio.o(.text) for GPIO_PinAFConfig
    debug.o(.text) refers to printf8.o(i.__0printf$8) for __2printf
    rcc.o(.text) refers to delay.o(.text) for _delay_ms
    setting.o(.text) refers to flash.o(.text) for flash_erase_sector
    setting.o(.text) refers to printf8.o(i.__0printf$8) for __2printf
    setting.o(.text) refers to strcpy.o(.text) for strcpy
    setting.o(.text) refers to printf8.o(i.__0sprintf$8) for __2sprintf
    setting.o(.text) refers to rammap.o(.bss) for coreFlags
    setting.o(.text) refers to rammap.o(.bss) for coreCPUsett
    menu.o(.text) refers to printf8.o(i.__0printf$8) for __2printf
    menu.o(.text) refers to lcd.o(.text) for LCD_SetPoint
    menu.o(.text) refers to printf8.o(i.__0sprintf$8) for __2sprintf
    menu.o(.text) refers to menu.o(.bss) for .bss
    menu.o(.text) refers to rammap.o(.bss) for coreCPUsett
    menu.o(.text) refers to rammap.o(.bss) for coreFlags
    devices.o(.text) refers to printf8.o(i.__0printf$8) for __2printf
    devices.o(.text) refers to timer.o(.text) for timer_init
    devices.o(.text) refers to rammap.o(.bss) for seqTimer
    timer.o(.text) refers to printf8.o(i.__0printf$8) for __2printf
    timer.o(.text) refers to stm32f4xx_gpio.o(.text) for GPIO_Init
    timer.o(.text) refers to rammap.o(.bss) for seqTimer
    timer.o(.text) refers to rammap.o(.bss) for coreFlags
    leds.o(.text) refers to stm32f4xx_gpio.o(.text) for GPIO_SetBits
    leds.o(.text) refers to strcmp.o(.text) for strcmp
    leds.o(.text) refers to blink.o(.text) for led_blink
    leds.o(.text) refers to delay.o(.text) for _delay_ms
    leds.o(.text) refers to menu.o(.bss) for Menu
    leds.o(.text) refers to rammap.o(.bss) for coreCPUsett
    leds.o(.text) refers to rammap.o(.bss) for coreFlags
    leds.o(.text) refers to rammap.o(.bss) for seqTimer
    actionmenu.o(.text) refers to devices.o(.text) for Timers_Update
    actionmenu.o(.text) refers to menu.o(.text) for MenuRedraw
    actionmenu.o(.text) refers to touchpanel.o(.text) for Read_Ads7846
[...]
    printf2.o(i.__0fprintf$2) refers to debug.o(.text) for fputc
    printf2.o(i.__0printf$2) refers to printf2.o(i._printf_core) for _printf_core
    printf2.o(i.__0printf$2) refers to debug.o(.text) for fputc
    printf2.o(i.__0printf$2) refers to stdout.o(.data) for __stdout
    printf2.o(i.__0snprintf$2) refers to printf2.o(i._printf_core) for _printf_core
    printf2.o(i.__0snprintf$2) refers to printf2.o(i._snputc) for _snputc
    printf2.o(i.__0sprintf$2) refers to printf2.o(i._printf_core) for _printf_core
    printf2.o(i.__0sprintf$2) refers to printf2.o(i._sputc) for _sputc
    printf2.o(i.__0vfprintf$2) refers to printf2.o(i._printf_core) for _printf_core
    printf2.o(i.__0vfprintf$2) refers to debug.o(.text) for fputc
    printf2.o(i.__0vprintf$2) refers to printf2.o(i._printf_core) for _printf_core
    printf2.o(i.__0vprintf$2) refers to debug.o(.text) for fputc
    printf2.o(i.__0vprintf$2) refers to stdout.o(.data) for __stdout
    printf2.o(i.__0vsnprintf$2) refers to printf2.o(i._printf_core) for _printf_core
    printf2.o(i.__0vsnprintf$2) refers to printf2.o(i._snputc) for _snputc
    printf2.o(i.__0vsprintf$2) refers to printf2.o(i._printf_core) for _printf_core
    printf2.o(i.__0vsprintf$2) refers to printf2.o(i._sputc) for _sputc
    printf3.o(i.__0fprintf$3) refers to printf3.o(i._printf_core) for _printf_core
    printf3.o(i.__0fprintf$3) refers to debug.o(.text) for fputc
    printf3.o(i.__0printf$3) refers to printf3.o(i._printf_core) for _printf_core
    printf3.o(i.__0printf$3) refers to debug.o(.text) for fputc
    printf3.o(i.__0printf$3) refers to stdout.o(.data) for __stdout
    printf3.o(i.__0snprintf$3) refers to printf3.o(i._printf_core) for _printf_core
    printf3.o(i.__0snprintf$3) refers to printf3.o(i._snputc) for _snputc
    printf3.o(i.__0sprintf$3) refers to printf3.o(i._printf_core) for _printf_core
    printf3.o(i.__0sprintf$3) refers to printf3.o(i._sputc) for _sputc
    printf3.o(i.__0vfprintf$3) refers to printf3.o(i._printf_core) for _printf_core
    printf3.o(i.__0vfprintf$3) refers to debug.o(.text) for fputc
    printf3.o(i.__0vprintf$3) refers to printf3.o(i._printf_core) for _printf_core
    printf3.o(i.__0vprintf$3) refers to debug.o(.text) for fputc
    printf3.o(i.__0vprintf$3) refers to stdout.o(.data) for __stdout
    printf3.o(i.__0vsnprintf$3) refers to printf3.o(i._printf_core) for _printf_core
    printf3.o(i.__0vsnprintf$3) refers to printf3.o(i._snputc) for _snputc
    printf3.o(i.__0vsprintf$3) refers to printf3.o(i._printf_core) for _printf_core
    printf3.o(i.__0vsprintf$3) refers to printf3.o(i._sputc) for _sputc
    printf3.o(i._printf_core) refers to uidiv.o(.text) for __aeabi_uidivmod
    printf4.o(i.__0fprintf$4) refers to printf4.o(i._printf_core) for _printf_core
    printf4.o(i.__0fprintf$4) refers to debug.o(.text) for fputc
    printf4.o(i.__0printf$4) refers to printf4.o(i._printf_core) for _printf_core
    printf4.o(i.__0printf$4) refers to debug.o(.text) for fputc
    printf4.o(i.__0printf$4) refers to stdout.o(.data) for __stdout
    printf4.o(i.__0snprintf$4) refers to printf4.o(i._printf_core) for _printf_core
    printf4.o(i.__0snprintf$4) refers to printf4.o(i._snputc) for _snputc
    printf4.o(i.__0sprintf$4) refers to printf4.o(i._printf_core) for _printf_core
    printf4.o(i.__0sprintf$4) refers to printf4.o(i._sputc) for _sputc
    printf4.o(i.__0vfprintf$4) refers to printf4.o(i._printf_core) for _printf_core
    printf4.o(i.__0vfprintf$4) refers to debug.o(.text) for fputc
    printf4.o(i.__0vprintf$4) refers to printf4.o(i._printf_core) for _printf_core
    printf4.o(i.__0vprintf$4) refers to debug.o(.text) for fputc
    printf4.o(i.__0vprintf$4) refers to stdout.o(.data) for __stdout
    printf4.o(i.__0vsnprintf$4) refers to printf4.o(i._printf_core) for _printf_core
    printf4.o(i.__0vsnprintf$4) refers to printf4.o(i._snputc) for _snputc
    printf4.o(i.__0vsprintf$4) refers to printf4.o(i._printf_core) for _printf_core
    printf4.o(i.__0vsprintf$4) refers to printf4.o(i._sputc) for _sputc
    printf4.o(i._printf_core) refers to uldiv.o(.text) for __aeabi_uldivmod
    printf5.o(i.__0fprintf$5) refers to printf5.o(i._printf_core) for _printf_core
    printf5.o(i.__0fprintf$5) refers to debug.o(.text) for fputc
    printf5.o(i.__0printf$5) refers to printf5.o(i._printf_core) for _printf_core
    printf5.o(i.__0printf$5) refers to debug.o(.text) for fputc
    printf5.o(i.__0printf$5) refers to stdout.o(.data) for __stdout
    printf5.o(i.__0snprintf$5) refers to printf5.o(i._printf_core) for _printf_core
    printf5.o(i.__0snprintf$5) refers to printf5.o(i._snputc) for _snputc
    printf5.o(i.__0sprintf$5) refers to printf5.o(i._printf_core) for _printf_core
    printf5.o(i.__0sprintf$5) refers to printf5.o(i._sputc) for _sputc
    printf5.o(i.__0vfprintf$5) refers to printf5.o(i._printf_core) for _printf_core
    printf5.o(i.__0vfprintf$5) refers to debug.o(.text) for fputc
    printf5.o(i.__0vprintf$5) refers to printf5.o(i._printf_core) for _printf_core
    printf5.o(i.__0vprintf$5) refers to debug.o(.text) for fputc
    printf5.o(i.__0vprintf$5) refers to stdout.o(.data) for __stdout
    printf5.o(i.__0vsnprintf$5) refers to printf5.o(i._printf_core) for _printf_core
    printf5.o(i.__0vsnprintf$5) refers to printf5.o(i._snputc) for _snputc
    printf5.o(i.__0vsprintf$5) refers to printf5.o(i._printf_core) for _printf_core
    printf5.o(i.__0vsprintf$5) refers to printf5.o(i._sputc) for _sputc
    printf5.o(i._printf_core) refers to uldiv.o(.text) for __aeabi_uldivmod
    printf6.o(i.__0fprintf$6) refers to printf6.o(i._printf_core) for _printf_core
    printf6.o(i.__0fprintf$6) refers to debug.o(.text) for fputc
    printf6.o(i.__0printf$6) refers to printf6.o(i._printf_core) for _printf_core
    printf6.o(i.__0printf$6) refers to debug.o(.text) for fputc
    printf6.o(i.__0printf$6) refers to stdout.o(.data) for __stdout
    printf6.o(i.__0snprintf$6) refers to printf6.o(i._printf_core) for _printf_core
    printf6.o(i.__0snprintf$6) refers to printf6.o(i._snputc) for _snputc
    printf6.o(i.__0sprintf$6) refers to printf6.o(i._printf_core) for _printf_core
    printf6.o(i.__0sprintf$6) refers to printf6.o(i._sputc) for _sputc
    printf6.o(i.__0vfprintf$6) refers to printf6.o(i._printf_core) for _printf_core
    printf6.o(i.__0vfprintf$6) refers to debug.o(.text) for fputc
    printf6.o(i.__0vprintf$6) refers to printf6.o(i._printf_core) for _printf_core
    printf6.o(i.__0vprintf$6) refers to debug.o(.text) for fputc
    printf6.o(i.__0vprintf$6) refers to stdout.o(.data) for __stdout
    printf6.o(i.__0vsnprintf$6) refers to printf6.o(i._printf_core) for _printf_core
    printf6.o(i.__0vsnprintf$6) refers to printf6.o(i._snputc) for _snputc
    printf6.o(i.__0vsprintf$6) refers to printf6.o(i._printf_core) for _printf_core
    printf6.o(i.__0vsprintf$6) refers to printf6.o(i._sputc) for _sputc
    printf6.o(i._printf_core) refers to printf6.o(i._printf_pre_padding) for _printf_pre_padding
    printf6.o(i._printf_core) refers to uidiv.o(.text) for __aeabi_uidivmod
    printf6.o(i._printf_core) refers to printf6.o(i._printf_post_padding) for _printf_post_padding
    printf7.o(i.__0fprintf$7) refers to printf7.o(i._printf_core) for _printf_core
    printf7.o(i.__0fprintf$7) refers to debug.o(.text) for fputc
    printf7.o(i.__0printf$7) refers to printf7.o(i._printf_core) for _printf_core
    printf7.o(i.__0printf$7) refers to debug.o(.text) for fputc
    printf7.o(i.__0printf$7) refers to stdout.o(.data) for __stdout
    printf7.o(i.__0snprintf$7) refers to printf7.o(i._printf_core) for _printf_core
    printf7.o(i.__0snprintf$7) refers to printf7.o(i._snputc) for _snputc
    printf7.o(i.__0sprintf$7) refers to printf7.o(i._printf_core) for _printf_core
    printf7.o(i.__0sprintf$7) refers to printf7.o(i._sputc) for _sputc
    printf7.o(i.__0vfprintf$7) refers to printf7.o(i._printf_core) for _printf_core
    printf7.o(i.__0vfprintf$7) refers to debug.o(.text) for fputc
    printf7.o(i.__0vprintf$7) refers to printf7.o(i._printf_core) for _printf_core
    printf7.o(i.__0vprintf$7) refers to debug.o(.text) for fputc
    printf7.o(i.__0vprintf$7) refers to stdout.o(.data) for __stdout
    printf7.o(i.__0vsnprintf$7) refers to printf7.o(i._printf_core) for _printf_core
    printf7.o(i.__0vsnprintf$7) refers to printf7.o(i._snputc) for _snputc
    printf7.o(i.__0vsprintf$7) refers to printf7.o(i._printf_core) for _printf_core
    printf7.o(i.__0vsprintf$7) refers to printf7.o(i._sputc) for _sputc
    printf7.o(i._printf_core) refers to printf7.o(i._printf_pre_padding) for _printf_pre_padding
    printf7.o(i._printf_core) refers to uldiv.o(.text) for __aeabi_uldivmod
    printf7.o(i._printf_core) refers to printf7.o(i._printf_post_padding) for _printf_post_padding
    printf8.o(i.__0fprintf$8) refers to printf8.o(i._printf_core) for _printf_core
    printf8.o(i.__0fprintf$8) refers to debug.o(.text) for fputc
    printf8.o(i.__0printf$8) refers to printf8.o(i._printf_core) for _printf_core
    printf8.o(i.__0printf$8) refers to debug.o(.text) for fputc
    printf8.o(i.__0printf$8) refers to stdout.o(.data) for __stdout
    printf8.o(i.__0snprintf$8) refers to printf8.o(i._printf_core) for _printf_core
    printf8.o(i.__0snprintf$8) refers to printf8.o(i._snputc) for _snputc
    printf8.o(i.__0sprintf$8) refers to printf8.o(i._printf_core) for _printf_core
    printf8.o(i.__0sprintf$8) refers to printf8.o(i._sputc) for _sputc
    printf8.o(i.__0vfprintf$8) refers to printf8.o(i._printf_core) for _printf_core
    printf8.o(i.__0vfprintf$8) refers to debug.o(.text) for fputc
    printf8.o(i.__0vprintf$8) refers to printf8.o(i._printf_core) for _printf_core
    printf8.o(i.__0vprintf$8) refers to debug.o(.text) for fputc
    printf8.o(i.__0vprintf$8) refers to stdout.o(.data) for __stdout
    printf8.o(i.__0vsnprintf$8) refers to printf8.o(i._printf_core) for _printf_core
    printf8.o(i.__0vsnprintf$8) refers to printf8.o(i._snputc) for _snputc
    printf8.o(i.__0vsprintf$8) refers to printf8.o(i._printf_core) for _printf_core
    printf8.o(i.__0vsprintf$8) refers to printf8.o(i._sputc) for _sputc
    printf8.o(i._printf_core) refers to printf8.o(i._printf_pre_padding) for _printf_pre_padding
    printf8.o(i._printf_core) refers to uldiv.o(.text) for __aeabi_uldivmod
    printf8.o(i._printf_core) refers to printf8.o(i._printf_post_padding) for _printf_post_padding
    printfa.o(i.__0fprintf) refers (Special) to iusefp.o(.text) for __I$use$fp
    printfa.o(i.__0fprintf) refers to printfa.o(i._printf_core) for _printf_core
    printfa.o(i.__0fprintf) refers to debug.o(.text) for fputc
    printfa.o(i.__0printf) refers (Special) to iusefp.o(.text) for __I$use$fp
    printfa.o(i.__0printf) refers to printfa.o(i._printf_core) for _printf_core
    printfa.o(i.__0printf) refers to debug.o(.text) for fputc
    printfa.o(i.__0printf) refers to stdout.o(.data) for __stdout
    printfa.o(i.__0snprintf) refers (Special) to iusefp.o(.text) for __I$use$fp
    printfa.o(i.__0snprintf) refers to printfa.o(i._printf_core) for _printf_core
    printfa.o(i.__0snprintf) refers to printfa.o(i._snputc) for _snputc
    printfa.o(i.__0sprintf) refers (Special) to iusefp.o(.text) for __I$use$fp
    printfa.o(i.__0sprintf) refers to printfa.o(i._printf_core) for _printf_core
    printfa.o(i.__0sprintf) refers to printfa.o(i._sputc) for _sputc
    printfa.o(i.__0vfprintf) refers (Special) to iusefp.o(.text) for __I$use$fp
    printfa.o(i.__0vfprintf) refers to printfa.o(i._printf_core) for _printf_core
    printfa.o(i.__0vfprintf) refers to debug.o(.text) for fputc
    printfa.o(i.__0vprintf) refers (Special) to iusefp.o(.text) for __I$use$fp
    printfa.o(i.__0vprintf) refers to printfa.o(i._printf_core) for _printf_core
    printfa.o(i.__0vprintf) refers to debug.o(.text) for fputc
    printfa.o(i.__0vprintf) refers to stdout.o(.data) for __stdout
    printfa.o(i.__0vsnprintf) refers (Special) to iusefp.o(.text) for __I$use$fp
    printfa.o(i.__0vsnprintf) refers to printfa.o(i._printf_core) for _printf_core
    printfa.o(i.__0vsnprintf) refers to printfa.o(i._snputc) for _snputc
    printfa.o(i.__0vsprintf) refers (Special) to iusefp.o(.text) for __I$use$fp
    printfa.o(i.__0vsprintf) refers to printfa.o(i._printf_core) for _printf_core
    printfa.o(i.__0vsprintf) refers to printfa.o(i._sputc) for _sputc
    printfa.o(i._fp_digits) refers (Special) to iusefp.o(.text) for __I$use$fp
    printfa.o(i._fp_digits) refers to dmul.o(.text) for __aeabi_dmul
    printfa.o(i._fp_digits) refers to ddiv.o(.text) for __aeabi_ddiv
    printfa.o(i._fp_digits) refers to cdrcmple.o(.text) for __aeabi_cdrcmple
    printfa.o(i._fp_digits) refers to dadd.o(.text) for __aeabi_dadd
    printfa.o(i._fp_digits) refers to dfixul.o(.text) for __aeabi_d2ulz
    printfa.o(i._fp_digits) refers to uldiv.o(.text) for __aeabi_uldivmod
    printfa.o(i._printf_core) refers (Special) to iusefp.o(.text) for __I$use$fp
    printfa.o(i._printf_core) refers to printfa.o(i._printf_pre_padding) for _printf_pre_padding
    printfa.o(i._printf_core) refers to uldiv.o(.text) for __aeabi_uldivmod
    printfa.o(i._printf_core) refers to printfa.o(i._printf_post_padding) for _printf_post_padding
    printfa.o(i._printf_core) refers to printfa.o(i._fp_digits) for _fp_digits
    printfa.o(i._printf_core) refers to uidiv.o(.text) for __aeabi_uidivmod
    printfa.o(i._printf_post_padding) refers (Special) to iusefp.o(.text) for __I$use$fp
    printfa.o(i._printf_pre_padding) refers (Special) to iusefp.o(.text) for __I$use$fp
    printfa.o(i._snputc) refers (Special) to iusefp.o(.text) for __I$use$fp
    printfa.o(i._sputc) refers (Special) to iusefp.o(.text) for __I$use$fp
    dadd.o(.text) refers (Special) to iusefp.o(.text) for __I$use$fp
    dadd.o(.text) refers to llshl.o(.text) for __aeabi_llsl
    dadd.o(.text) refers to llsshr.o(.text) for __aeabi_lasr
    dadd.o(.text) refers to depilogue.o(.text) for _double_epilogue
    dmul.o(.text) refers (Special) to iusefp.o(.text) for __I$use$fp
    dmul.o(.text) refers to depilogue.o(.text) for _double_epilogue
    ddiv.o(.text) refers (Special) to iusefp.o(.text) for __I$use$fp
    ddiv.o(.text) refers to depilogue.o(.text) for _double_round
    dflti.o(.text) refers (Special) to iusefp.o(.text) for __I$use$fp
    dflti.o(.text) refers to depilogue.o(.text) for _double_epilogue
    dfltui.o(.text) refers (Special) to iusefp.o(.text) for __I$use$fp
    dfltui.o(.text) refers to depilogue.o(.text) for _double_epilogue
    dfixui.o(.text) refers (Special) to iusefp.o(.text) for __I$use$fp
    dfixui.o(.text) refers to llushr.o(.text) for __aeabi_llsr
    cdcmple.o(.text) refers (Special) to iusefp.o(.text) for __I$use$fp
    entry2.o(.ARM.Collect$$$$00000001) refers to entry2.o(.ARM.Collect$$$$00002712) for __lit__00000000
    entry2.o(.ARM.Collect$$$$00002712) refers to startup_stm32f4xx.o(STACK) for __initial_sp
    entry2.o(__vectab_stack_and_reset_area) refers to startup_stm32f4xx.o(STACK) for __initial_sp
    entry2.o(__vectab_stack_and_reset_area) refers to entry.o(.ARM.Collect$$$$00000000) for __main
    entry5.o(.ARM.Collect$$$$00000004) refers to init.o(.text) for __scatterload
    entry9a.o(.ARM.Collect$$$$0000000B) refers to main.o(.text) for main
    entry9b.o(.ARM.Collect$$$$0000000C) refers to main.o(.text) for main
    uldiv.o(.text) refers to llushr.o(.text) for __aeabi_llsr
    uldiv.o(.text) refers to llshl.o(.text) for __aeabi_llsl
    depilogue.o(.text) refers to llshl.o(.text) for __aeabi_llsl
    depilogue.o(.text) refers to llushr.o(.text) for __aeabi_llsr
    dfixul.o(.text) refers to llushr.o(.text) for __aeabi_llsr
    dfixul.o(.text) refers to llshl.o(.text) for __aeabi_llsl
    init.o(.text) refers to entry5.o(.ARM.Collect$$$$00000004) for __main_after_scatterload


==============================================================================

Removing Unused input sections from the image.

    Removing main.o(.emb_text), (8 bytes).
    Removing lcd.o(.emb_text), (8 bytes).
    Removing lcd.o(.data), (2 bytes).
    Removing touchpanel.o(.emb_text), (8 bytes).
    Removing touchpanel.o(.data), (12 bytes).
    Removing rammap.o(.emb_text), (8 bytes).
    Removing rammap.o(.bss), (228 bytes).
    Removing debug.o(.emb_text), (8 bytes).
    Removing delay.o(.emb_text), (8 bytes).
    Removing rcc.o(.emb_text), (8 bytes).
    Removing setting.o(.emb_text), (8 bytes).
    Removing flash.o(.emb_text), (8 bytes).
    Removing menu.o(.emb_text), (8 bytes).
    Removing devices.o(.emb_text), (8 bytes).
    Removing timer.o(.emb_text), (8 bytes).
    Removing leds.o(.emb_text), (8 bytes).
    Removing actionmenu.o(.emb_text), (8 bytes).
    Removing update.o(.emb_text), (8 bytes).
    Removing button.o(.emb_text), (8 bytes).
    Removing blink.o(.emb_text), (8 bytes).
    Removing blink.o(.data), (4 bytes).
    Removing startup_stm32f4xx.o(HEAP), (512 bytes).
    Removing misc.o(.emb_text), (8 bytes).
    Removing misc.o(.text), (176 bytes).
    Removing stm32f4xx_fsmc.o(.emb_text), (8 bytes).
    Removing stm32f4xx_gpio.o(.emb_text), (8 bytes).
    Removing stm32f4xx_rcc.o(.emb_text), (8 bytes).
    Removing stm32f4xx_usart.o(.emb_text), (8 bytes).
    Removing stm32f4xx_usart.o(.text), (824 bytes).
    Removing stm32f4xx_spi.o(.emb_text), (8 bytes).
    Removing system_stm32f4xx.o(.emb_text), (8 bytes).
    Removing dfixul.o(.text), (48 bytes).
    Removing cdrcmple.o(.text), (48 bytes).

33 unused section(s) (total 2046 bytes) removed from the image.

==============================================================================

Image Symbol Table

    Local Symbols

    Symbol Name                              Value     Ov Type        Size  Object(Section)

    ../clib/microlib/division.c              0x00000000   Number         0  uidiv.o ABSOLUTE
    ../clib/microlib/division.c              0x00000000   Number         0  uldiv.o ABSOLUTE
    ../clib/microlib/init/entry.s            0x00000000   Number         0  entry11b.o ABSOLUTE
    ../clib/microlib/init/entry.s            0x00000000   Number         0  entry11a.o ABSOLUTE
    ../clib/microlib/init/entry.s            0x00000000   Number         0  entry10a.o ABSOLUTE
    ../clib/microlib/init/entry.s            0x00000000   Number         0  entry9a.o ABSOLUTE
    ../clib/microlib/init/entry.s            0x00000000   Number         0  entry5.o ABSOLUTE
    ../clib/microlib/init/entry.s            0x00000000   Number         0  entry7b.o ABSOLUTE
    ../clib/microlib/init/entry.s            0x00000000   Number         0  entry.o ABSOLUTE
    ../clib/microlib/init/entry.s            0x00000000   Number         0  entry8b.o ABSOLUTE
    ../clib/microlib/init/entry.s            0x00000000   Number         0  entry8a.o ABSOLUTE
    ../clib/microlib/init/entry.s            0x00000000   Number         0  entry2.o ABSOLUTE
    ../clib/microlib/init/entry.s            0x00000000   Number         0  entry7a.o ABSOLUTE
    ../clib/microlib/init/entry.s            0x00000000   Number         0  entry9b.o ABSOLUTE
    ../clib/microlib/init/entry.s            0x00000000   Number         0  entry10b.o ABSOLUTE
    ../clib/microlib/longlong.c              0x00000000   Number         0  llsshr.o ABSOLUTE
    ../clib/microlib/longlong.c              0x00000000   Number         0  llushr.o ABSOLUTE
    ../clib/microlib/longlong.c              0x00000000   Number         0  llshl.o ABSOLUTE
    ../clib/microlib/printf/printf.c         0x00000000   Number         0  printf4.o ABSOLUTE
    ../clib/microlib/printf/printf.c         0x00000000   Number         0  printfa.o ABSOLUTE
    ../clib/microlib/printf/printf.c         0x00000000   Number         0  printf8.o ABSOLUTE
    ../clib/microlib/printf/printf.c         0x00000000   Number         0  printf2.o ABSOLUTE
    ../clib/microlib/printf/printf.c         0x00000000   Number         0  printf1.o ABSOLUTE
    ../clib/microlib/printf/printf.c         0x00000000   Number         0  printf0.o ABSOLUTE
    ../clib/microlib/printf/printf.c         0x00000000   Number         0  printf6.o ABSOLUTE
    ../clib/microlib/printf/printf.c         0x00000000   Number         0  printf5.o ABSOLUTE
    ../clib/microlib/printf/printf.c         0x00000000   Number         0  printf7.o ABSOLUTE
    ../clib/microlib/printf/printf.c         0x00000000   Number         0  printf3.o ABSOLUTE
    ../clib/microlib/printf/printf.c         0x00000000   Number         0  printfb.o ABSOLUTE
    ../clib/microlib/printf/stubs.s          0x00000000   Number         0  stubs.o ABSOLUTE
    ../clib/microlib/stdio/streams.c         0x00000000   Number         0  stdout.o ABSOLUTE
    ../clib/microlib/string/memcpy.c         0x00000000   Number         0  memcpyb.o ABSOLUTE
    ../clib/microlib/string/memcpy.c         0x00000000   Number         0  memcpya.o ABSOLUTE
    ../clib/microlib/string/memset.c         0x00000000   Number         0  memseta.o ABSOLUTE
    ../clib/microlib/string/strcmp.c         0x00000000   Number         0  strcmp.o ABSOLUTE
    ../clib/microlib/string/strcpy.c         0x00000000   Number         0  strcpy.o ABSOLUTE
    ../clib/microlib/string/strlen.c         0x00000000   Number         0  strlen.o ABSOLUTE
    ../clib/microlib/stubs.s                 0x00000000   Number         0  iusefp.o ABSOLUTE
    ../fplib/microlib/fpadd.c                0x00000000   Number         0  dadd.o ABSOLUTE
    ../fplib/microlib/fpdiv.c                0x00000000   Number         0  ddiv.o ABSOLUTE
    ../fplib/microlib/fpepilogue.c           0x00000000   Number         0  depilogue.o ABSOLUTE
    ../fplib/microlib/fpfix.c                0x00000000   Number         0  dfixul.o ABSOLUTE
    ../fplib/microlib/fpfix.c                0x00000000   Number         0  dfixui.o ABSOLUTE
    ../fplib/microlib/fpflt.c                0x00000000   Number         0  dfltui.o ABSOLUTE
    ../fplib/microlib/fpflt.c                0x00000000   Number         0  dflti.o ABSOLUTE
    ../fplib/microlib/fpmul.c                0x00000000   Number         0  dmul.o ABSOLUTE
    ..\Libraries\CMSIS\Device\ST\STM32F4xx\Source\Templates\arm\startup_stm32f4xx.s 0x00000000   Number         0  startup_stm32f4xx.o ABSOLUTE
    ..\Libraries\CMSIS\Device\ST\STM32F4xx\Source\Templates\system_stm32f4xx.c 0x00000000   Number         0  system_stm32f4xx.o ABSOLUTE
    ..\Libraries\STM32F4xx_StdPeriph_Driver\src\misc.c 0x00000000   Number         0  misc.o ABSOLUTE
    ..\Libraries\STM32F4xx_StdPeriph_Driver\src\stm32f4xx_fsmc.c 0x00000000   Number         0  stm32f4xx_fsmc.o ABSOLUTE
    ..\Libraries\STM32F4xx_StdPeriph_Driver\src\stm32f4xx_gpio.c 0x00000000   Number         0  stm32f4xx_gpio.o ABSOLUTE
    ..\Libraries\STM32F4xx_StdPeriph_Driver\src\stm32f4xx_rcc.c 0x00000000   Number         0  stm32f4xx_rcc.o ABSOLUTE
    ..\Libraries\STM32F4xx_StdPeriph_Driver\src\stm32f4xx_spi.c 0x00000000   Number         0  stm32f4xx_spi.o ABSOLUTE
    ..\Libraries\STM32F4xx_StdPeriph_Driver\src\stm32f4xx_usart.c 0x00000000   Number         0  stm32f4xx_usart.o ABSOLUTE
    ..\User\LCD\AsciiLib.c                   0x00000000   Number         0  asciilib.o ABSOLUTE
    ..\User\LCD\LCD.c                        0x00000000   Number         0  lcd.o ABSOLUTE
    ..\User\TouchPanel\TouchPanel.c          0x00000000   Number         0  touchpanel.o ABSOLUTE
    ..\User\actionMenu.c                     0x00000000   Number         0  actionmenu.o ABSOLUTE
    ..\User\blink.c                          0x00000000   Number         0  blink.o ABSOLUTE
    ..\User\button.c                         0x00000000   Number         0  button.o ABSOLUTE
    ..\User\debug.c                          0x00000000   Number         0  debug.o ABSOLUTE
    ..\User\delay.c                          0x00000000   Number         0  delay.o ABSOLUTE
    ..\User\devices.c                        0x00000000   Number         0  devices.o ABSOLUTE
    ..\User\flash.c                          0x00000000   Number         0  flash.o ABSOLUTE
    ..\User\leds.c                           0x00000000   Number         0  leds.o ABSOLUTE
    ..\User\main.c                           0x00000000   Number         0  main.o ABSOLUTE
    ..\User\menu.c                           0x00000000   Number         0  menu.o ABSOLUTE
    ..\User\rammap.c                         0x00000000   Number         0  rammap.o ABSOLUTE
    ..\User\rcc.c                            0x00000000   Number         0  rcc.o ABSOLUTE
    ..\User\setting.c                        0x00000000   Number         0  setting.o ABSOLUTE
    ..\User\timer.c                          0x00000000   Number         0  timer.o ABSOLUTE
    ..\User\update.c                         0x00000000   Number         0  update.o ABSOLUTE
    ..\\Libraries\\CMSIS\\Device\\ST\\STM32F4xx\\Source\\Templates\\system_stm32f4xx.c 0x00000000   Number         0  system_stm32f4xx.o ABSOLUTE
    ..\\Libraries\\STM32F4xx_StdPeriph_Driver\\src\\misc.c 0x00000000   Number         0  misc.o ABSOLUTE
    ..\\Libraries\\STM32F4xx_StdPeriph_Driver\\src\\stm32f4xx_fsmc.c 0x00000000   Number         0  stm32f4xx_fsmc.o ABSOLUTE
    ..\\Libraries\\STM32F4xx_StdPeriph_Driver\\src\\stm32f4xx_gpio.c 0x00000000   Number         0  stm32f4xx_gpio.o ABSOLUTE
    ..\\Libraries\\STM32F4xx_StdPeriph_Driver\\src\\stm32f4xx_rcc.c 0x00000000   Number         0  stm32f4xx_rcc.o ABSOLUTE
    ..\\Libraries\\STM32F4xx_StdPeriph_Driver\\src\\stm32f4xx_spi.c 0x00000000   Number         0  stm32f4xx_spi.o ABSOLUTE
    ..\\Libraries\\STM32F4xx_StdPeriph_Driver\\src\\stm32f4xx_usart.c 0x00000000   Number         0  stm32f4xx_usart.o ABSOLUTE
    ..\\User\\LCD\\LCD.c                     0x00000000   Number         0  lcd.o ABSOLUTE
    ..\\User\\TouchPanel\\TouchPanel.c       0x00000000   Number         0  touchpanel.o ABSOLUTE
    ..\\User\\actionMenu.c                   0x00000000   Number         0  actionmenu.o ABSOLUTE
    ..\\User\\blink.c                        0x00000000   Number         0  blink.o ABSOLUTE
    ..\\User\\button.c                       0x00000000   Number         0  button.o ABSOLUTE
    ..\\User\\debug.c                        0x00000000   Number         0  debug.o ABSOLUTE
    ..\\User\\delay.c                        0x00000000   Number         0  delay.o ABSOLUTE
    ..\\User\\devices.c                      0x00000000   Number         0  devices.o ABSOLUTE
    ..\\User\\flash.c                        0x00000000   Number         0  flash.o ABSOLUTE
    ..\\User\\leds.c                         0x00000000   Number         0  leds.o ABSOLUTE
    ..\\User\\main.c                         0x00000000   Number         0  main.o ABSOLUTE
    ..\\User\\menu.c                         0x00000000   Number         0  menu.o ABSOLUTE
    ..\\User\\rammap.c                       0x00000000   Number         0  rammap.o ABSOLUTE
    ..\\User\\rcc.c                          0x00000000   Number         0  rcc.o ABSOLUTE
    ..\\User\\setting.c                      0x00000000   Number         0  setting.o ABSOLUTE
    ..\\User\\timer.c                        0x00000000   Number         0  timer.o ABSOLUTE
    ..\\User\\update.c                       0x00000000   Number         0  update.o ABSOLUTE
    cdcmple.s                                0x00000000   Number         0  cdcmple.o ABSOLUTE
    cdrcmple.s                               0x00000000   Number         0  cdrcmple.o ABSOLUTE
    dc.s                                     0x00000000   Number         0  dc.o ABSOLUTE
    handlers.s                               0x00000000   Number         0  handlers.o ABSOLUTE
    init.s                                   0x00000000   Number         0  init.o ABSOLUTE
    RESET                                    0x08000000   Section      392  startup_stm32f4xx.o(RESET)
    .ARM.Collect$$$$00000000                 0x08000188   Section        0  entry.o(.ARM.Collect$$$$00000000)
    .ARM.Collect$$$$00000001                 0x08000188   Section        4  entry2.o(.ARM.Collect$$$$00000001)
    .ARM.Collect$$$$00000004                 0x0800018c   Section        4  entry5.o(.ARM.Collect$$$$00000004)
    .ARM.Collect$$$$00000008                 0x08000190   Section        0  entry7b.o(.ARM.Collect$$$$00000008)
    .ARM.Collect$$$$0000000A                 0x08000190   Section        0  entry8b.o(.ARM.Collect$$$$0000000A)
    .ARM.Collect$$$$0000000B                 0x08000190   Section        8  entry9a.o(.ARM.Collect$$$$0000000B)
    .ARM.Collect$$$$0000000D                 0x08000198   Section        0  entry10a.o(.ARM.Collect$$$$0000000D)
    .ARM.Collect$$$$0000000F                 0x08000198   Section        0  entry11a.o(.ARM.Collect$$$$0000000F)
    .ARM.Collect$$$$00002712                 0x08000198   Section        4  entry2.o(.ARM.Collect$$$$00002712)
    __lit__00000000                          0x08000198   Data           4  entry2.o(.ARM.Collect$$$$00002712)
    .text                                    0x0800019c   Section        0  main.o(.text)
    .text                                    0x08000384   Section        0  lcd.o(.text)
    LCD_CtrlLinesConfig                      0x08000385   Thumb Code   318  lcd.o(.text)
    LCD_SetCursor                            0x08001b29   Thumb Code    60  lcd.o(.text)
    LCD_FSMCConfig                           0x08001e0f   Thumb Code    78  lcd.o(.text)
    .text                                    0x08001e74   Section        0  asciilib.o(.text)
    .text                                    0x08001e88   Section        0  touchpanel.o(.text)
    RD_AD                                    0x08001fa5   Thumb Code   102  touchpanel.o(.text)
    DelayUS                                  0x08002603   Thumb Code    26  touchpanel.o(.text)
    WR_CMD                                   0x0800261d   Thumb Code    48  touchpanel.o(.text)
    .text                                    0x08002698   Section        0  debug.o(.text)
    .text                                    0x080027d8   Section        0  delay.o(.text)
    .text                                    0x08002820   Section        0  rcc.o(.text)
    .text                                    0x08002868   Section        0  setting.o(.text)
    .text                                    0x08002b60   Section        0  flash.o(.text)
    .text                                    0x08002c3c   Section        0  menu.o(.text)
    .text                                    0x08003d88   Section        0  devices.o(.text)
    .text                                    0x08003f88   Section        0  timer.o(.text)
    NVIC_EnableIRQ                           0x0800435b   Thumb Code   126  timer.o(.text)
    NVIC_SetPriority                         0x080043d9   Thumb Code    32  timer.o(.text)
    .text                                    0x080043f8   Section        0  leds.o(.text)
    .text                                    0x08004a2c   Section        0  actionmenu.o(.text)
    .text                                    0x0800575c   Section        0  update.o(.text)
    NVIC_EnableIRQ                           0x08005a15   Thumb Code    22  update.o(.text)
    NVIC_SetPriority                         0x08005a2b   Thumb Code    32  update.o(.text)
    .text                                    0x08005a88   Section        0  button.o(.text)
    .text                                    0x08005b40   Section        0  blink.o(.text)
    .text                                    0x08005ee0   Section       36  startup_stm32f4xx.o(.text)
    $v0                                      0x08005ee0   Number         0  startup_stm32f4xx.o(.text)
    .text                                    0x08005f04   Section        0  stm32f4xx_fsmc.o(.text)
    .text                                    0x08006380   Section        0  stm32f4xx_gpio.o(.text)
    .text                                    0x0800656c   Section        0  stm32f4xx_rcc.o(.text)
    .text                                    0x0800693c   Section        0  stm32f4xx_spi.o(.text)
    .text                                    0x08006c2c   Section        0  system_stm32f4xx.o(.text)
    SetSysClock                              0x08006c2d   Thumb Code   162  system_stm32f4xx.o(.text)
    .text                                    0x08006da8   Section        0  memcpya.o(.text)
    .text                                    0x08006dcc   Section        0  memseta.o(.text)
    .text                                    0x08006df0   Section        0  strlen.o(.text)
    .text                                    0x08006dfe   Section        0  strcmp.o(.text)
    .text                                    0x08006e1a   Section        0  strcpy.o(.text)
    .text                                    0x08006e2c   Section        0  dadd.o(.text)
    .text                                    0x08006f7a   Section        0  dmul.o(.text)
    .text                                    0x0800705e   Section        0  ddiv.o(.text)
    .text                                    0x0800713c   Section        0  dflti.o(.text)
    .text                                    0x0800715e   Section        0  dfltui.o(.text)
    .text                                    0x08007178   Section        0  dfixui.o(.text)
    .text                                    0x080071ac   Section       48  cdcmple.o(.text)
    .text                                    0x080071dc   Section        0  uldiv.o(.text)
    .text                                    0x0800723e   Section        0  llshl.o(.text)
    .text                                    0x0800725c   Section        0  llushr.o(.text)
    .text                                    0x0800727c   Section        0  llsshr.o(.text)
    .text                                    0x080072a0   Section        0  depilogue.o(.text)
    .text                                    0x080072a0   Section        0  iusefp.o(.text)
    .text                                    0x0800735c   Section       36  init.o(.text)
    i.__0printf$8                            0x08007380   Section        0  printf8.o(i.__0printf$8)
    i.__0sprintf$8                           0x080073a0   Section        0  printf8.o(i.__0sprintf$8)
    i.__scatterload_copy                     0x080073c8   Section       14  handlers.o(i.__scatterload_copy)
    i.__scatterload_null                     0x080073d6   Section        2  handlers.o(i.__scatterload_null)
    i.__scatterload_zeroinit                 0x080073d8   Section       14  handlers.o(i.__scatterload_zeroinit)
    i._printf_core                           0x080073e8   Section        0  printf8.o(i._printf_core)
    _printf_core                             0x080073e9   Thumb Code   996  printf8.o(i._printf_core)
    i._printf_post_padding                   0x080077f8   Section        0  printf8.o(i._printf_post_padding)
    _printf_post_padding                     0x080077f9   Thumb Code    36  printf8.o(i._printf_post_padding)
    i._printf_pre_padding                    0x0800781c   Section        0  printf8.o(i._printf_pre_padding)
    _printf_pre_padding                      0x0800781d   Thumb Code    46  printf8.o(i._printf_pre_padding)
    i._sputc                                 0x0800784a   Section        0  printf8.o(i._sputc)
    _sputc                                   0x0800784b   Thumb Code    10  printf8.o(i._sputc)
    .constdata                               0x08007854   Section     1520  asciilib.o(.constdata)
    AsciiLib                                 0x08007854   Data        1520  asciilib.o(.constdata)
    .data                                    0x20000000   Section        4  lcd.o(.data)
    LCD_Code                                 0x20000000   Data           1  lcd.o(.data)
    .data                                    0x20000004   Section       16  touchpanel.o(.data)
    screen                                   0x20000004   Data           4  touchpanel.o(.data)
    .data                                    0x20000014   Section        4  touchpanel.o(.data)
    .data                                    0x20000018   Section        4  actionmenu.o(.data)
    .data                                    0x2000001c   Section        8  blink.o(.data)
    .data                                    0x20000024   Section       16  stm32f4xx_rcc.o(.data)
    APBAHBPrescTable                         0x20000024   Data          16  stm32f4xx_rcc.o(.data)
    .data                                    0x20000034   Section       20  system_stm32f4xx.o(.data)
    .data                                    0x20000048   Section        4  stdout.o(.data)
    .bss                                     0x20000050   Section       68  touchpanel.o(.bss)
    .bss                                     0x20000094   Section    49828  rammap.o(.bss)
    .bss                                     0x2000c338   Section       24  rammap.o(.bss)
    .bss                                     0x2000c350   Section     8056  rammap.o(.bss)
    .bss                                     0x2000e2c8   Section     3335  rammap.o(.bss)
    .bss                                     0x2000efd0   Section       52  menu.o(.bss)
    STACK                                    0x2000f008   Section     1024  startup_stm32f4xx.o(STACK)

    Global Symbols

    Symbol Name                              Value     Ov Type        Size  Object(Section)

    BuildAttributes$$THM_ISAv4$E$P$D$K$B$S$7EM$VFPi3$EXTD16$VFPS$VFMA$PE$A:L22UL41UL21$X:L11$S22US41US21$IEEE1$IW$USESV6$~STKCKD$USESV7$~SHL$OSPACE$ROPI$EBA8$MICROLIB$REQ8$PRES8$EABIv2 0x00000000   Number         0  anon$$obj.o ABSOLUTE
    __ARM_use_no_argv                        0x00000000   Number         0  main.o ABSOLUTE
    _printf_a                                0x00000000   Number         0  stubs.o ABSOLUTE
    _printf_c                                0x00000000   Number         0  stubs.o ABSOLUTE
    _printf_charcount                        0x00000000   Number         0  stubs.o ABSOLUTE
    _printf_d                                0x00000000   Number         0  stubs.o ABSOLUTE
    _printf_e                                0x00000000   Number         0  stubs.o ABSOLUTE
    _printf_f                                0x00000000   Number         0  stubs.o ABSOLUTE
    _printf_flags                            0x00000000   Number         0  stubs.o ABSOLUTE
    _printf_fp_dec                           0x00000000   Number         0  stubs.o ABSOLUTE
    _printf_fp_hex                           0x00000000   Number         0  stubs.o ABSOLUTE
    _printf_g                                0x00000000   Number         0  stubs.o ABSOLUTE
    _printf_i                                0x00000000   Number         0  stubs.o ABSOLUTE
    _printf_int_dec                          0x00000000   Number         0  stubs.o ABSOLUTE
    _printf_l                                0x00000000   Number         0  stubs.o ABSOLUTE
    _printf_lc                               0x00000000   Number         0  stubs.o ABSOLUTE
    _printf_ll                               0x00000000   Number         0  stubs.o ABSOLUTE
    _printf_lld                              0x00000000   Number         0  stubs.o ABSOLUTE
    _printf_lli                              0x00000000   Number         0  stubs.o ABSOLUTE
    _printf_llo                              0x00000000   Number         0  stubs.o ABSOLUTE
    _printf_llu                              0x00000000   Number         0  stubs.o ABSOLUTE
    _printf_llx                              0x00000000   Number         0  stubs.o ABSOLUTE
    _printf_longlong_dec                     0x00000000   Number         0  stubs.o ABSOLUTE
    _printf_longlong_hex                     0x00000000   Number         0  stubs.o ABSOLUTE
    _printf_longlong_oct                     0x00000000   Number         0  stubs.o ABSOLUTE
    _printf_ls                               0x00000000   Number         0  stubs.o ABSOLUTE
    _printf_mbtowc                           0x00000000   Number         0  stubs.o ABSOLUTE
    _printf_n                                0x00000000   Number         0  stubs.o ABSOLUTE
    _printf_o                                0x00000000   Number         0  stubs.o ABSOLUTE
    _printf_p                                0x00000000   Number         0  stubs.o ABSOLUTE
    _printf_percent                          0x00000000   Number         0  stubs.o ABSOLUTE
    _printf_pre_padding                      0x00000000   Number         0  stubs.o ABSOLUTE
    _printf_return_value                     0x00000000   Number         0  stubs.o ABSOLUTE
    _printf_s                                0x00000000   Number         0  stubs.o ABSOLUTE
    _printf_sizespec                         0x00000000   Number         0  stubs.o ABSOLUTE
    _printf_str                              0x00000000   Number         0  stubs.o ABSOLUTE
    _printf_truncate_signed                  0x00000000   Number         0  stubs.o ABSOLUTE
    _printf_truncate_unsigned                0x00000000   Number         0  stubs.o ABSOLUTE
    _printf_u                                0x00000000   Number         0  stubs.o ABSOLUTE
    _printf_wc                               0x00000000   Number         0  stubs.o ABSOLUTE
    _printf_wctomb                           0x00000000   Number         0  stubs.o ABSOLUTE
    _printf_widthprec                        0x00000000   Number         0  stubs.o ABSOLUTE
    _printf_x                                0x00000000   Number         0  stubs.o ABSOLUTE
    __cpp_initialize__aeabi_                  - Undefined Weak Reference
    __cxa_finalize                            - Undefined Weak Reference
    __decompress                              - Undefined Weak Reference
    _clock_init                               - Undefined Weak Reference
    _microlib_exit                            - Undefined Weak Reference
    __Vectors_Size                           0x00000188   Number         0  startup_stm32f4xx.o ABSOLUTE
    __Vectors                                0x08000000   Data           4  startup_stm32f4xx.o(RESET)
    __Vectors_End                            0x08000188   Data           0  startup_stm32f4xx.o(RESET)
    __main                                   0x08000189   Thumb Code     0  entry.o(.ARM.Collect$$$$00000000)
    _main_stk                                0x08000189   Thumb Code     0  entry2.o(.ARM.Collect$$$$00000001)
    _main_scatterload                        0x0800018d   Thumb Code     0  entry5.o(.ARM.Collect$$$$00000004)
    __main_after_scatterload                 0x08000191   Thumb Code     0  entry5.o(.ARM.Collect$$$$00000004)
    _main_clock                              0x08000191   Thumb Code     0  entry7b.o(.ARM.Collect$$$$00000008)
    _main_cpp_init                           0x08000191   Thumb Code     0  entry8b.o(.ARM.Collect$$$$0000000A)
    _main_init                               0x08000191   Thumb Code     0  entry9a.o(.ARM.Collect$$$$0000000B)
    __rt_final_cpp                           0x08000199   Thumb Code     0  entry10a.o(.ARM.Collect$$$$0000000D)
    __rt_final_exit                          0x08000199   Thumb Code     0  entry11a.o(.ARM.Collect$$$$0000000F)
    main                                     0x0800019d   Thumb Code   332  main.o(.text)
    delay_ms                                 0x080004c3   Thumb Code    28  lcd.o(.text)
    LCD_WriteData                            0x080004df   Thumb Code     6  lcd.o(.text)
    LCD_WriteIndex                           0x080004e5   Thumb Code     8  lcd.o(.text)
    LCD_WriteReg                             0x080004ed   Thumb Code    12  lcd.o(.text)
    LCD_ReadData                             0x080004f9   Thumb Code     6  lcd.o(.text)
    LCD_ReadReg                              0x080004ff   Thumb Code    12  lcd.o(.text)
    LCD_Initializtion                        0x0800050b   Thumb Code  5662  lcd.o(.text)
    LCD_Clear                                0x08001b65   Thumb Code   116  lcd.o(.text)
    LCD_GetPoint                             0x08001bd9   Thumb Code    94  lcd.o(.text)
    LCD_SetPoint                             0x08001c37   Thumb Code    32  lcd.o(.text)
    LCD_DrawPicture                          0x08001c57   Thumb Code    52  lcd.o(.text)
    LCD_DrawLine                             0x08001c8b   Thumb Code   218  lcd.o(.text)
    PutChar                                  0x08001d65   Thumb Code    82  lcd.o(.text)
    GUI_Text                                 0x08001db7   Thumb Code    78  lcd.o(.text)
    Prepare_Write_RAM                        0x08001e05   Thumb Code    10  lcd.o(.text)
    GetASCIICode                             0x08001e75   Thumb Code    16  asciilib.o(.text)
    TP_Init                                  0x08001e89   Thumb Code   284  touchpanel.o(.text)
    Read_X                                   0x0800200b   Thumb Code    48  touchpanel.o(.text)
    Read_Y                                   0x0800203b   Thumb Code    48  touchpanel.o(.text)
    TP_GetAdXY                               0x0800206b   Thumb Code    28  touchpanel.o(.text)
    TP_DrawPoint                             0x08002087   Thumb Code    52  touchpanel.o(.text)
    DrawCross                                0x080020bb   Thumb Code   256  touchpanel.o(.text)
    Read_Ads7846                             0x080021bb   Thumb Code   336  touchpanel.o(.text)
    setCalibrationMatrix                     0x0800230b   Thumb Code   334  touchpanel.o(.text)
    getDisplayPoint                          0x08002459   Thumb Code   208  touchpanel.o(.text)
    TouchPanel_Calibrate                     0x08002529   Thumb Code   160  touchpanel.o(.text)
    TouchPanel_SettCalibrate                 0x080025c9   Thumb Code    58  touchpanel.o(.text)
    debug_init                               0x08002699   Thumb Code    72  debug.o(.text)
    debugSendStr                             0x080026e1   Thumb Code    22  debug.o(.text)
    fputc                                    0x080026f7   Thumb Code    12  debug.o(.text)
    printfArray                              0x08002703   Thumb Code    48  debug.o(.text)
    printfArray32                            0x08002733   Thumb Code    50  debug.o(.text)
    USART1_IRQHandler                        0x08002765   Thumb Code     2  debug.o(.text)
    _delay_us                                0x080027d9   Thumb Code    34  delay.o(.text)
    _delay_ms                                0x080027fb   Thumb Code    36  delay.o(.text)
    rcc_init                                 0x08002821   Thumb Code    52  rcc.o(.text)
    clearRAM                                 0x08002869   Thumb Code    16  setting.o(.text)
    setting_save                             0x08002879   Thumb Code    74  setting.o(.text)
    setting_null                             0x080028c3   Thumb Code   334  setting.o(.text)
    setting_update_struct                    0x08002a11   Thumb Code     2  setting.o(.text)
    setting_load                             0x08002a13   Thumb Code    64  setting.o(.text)
    setting_init                             0x08002a53   Thumb Code    40  setting.o(.text)
    flash_unlock                             0x08002b61   Thumb Code    32  flash.o(.text)
    flash_erase_sector                       0x08002b81   Thumb Code    92  flash.o(.text)
    flash_write                              0x08002bdd   Thumb Code    78  flash.o(.text)
    Menu_Init                                0x08002c3d   Thumb Code    50  menu.o(.text)
    RectDraw                                 0x08002c6f   Thumb Code    54  menu.o(.text)
    ModalDraw                                0x08002ca5   Thumb Code    94  menu.o(.text)
    CircleDraw                               0x08002d03   Thumb Code    54  menu.o(.text)
    RightButtonDraw                          0x08002d39   Thumb Code   252  menu.o(.text)
    NaviPageButtonDraw                       0x08002e35   Thumb Code   110  menu.o(.text)
    convertTimeParamDraw                     0x08002ea3   Thumb Code    56  menu.o(.text)
    convertOnOffParamDraw                    0x08002edb   Thumb Code    14  menu.o(.text)
    convertReverseParamDraw                  0x08002ee9   Thumb Code    14  menu.o(.text)
    convertPulseCountParamDraw               0x08002ef7   Thumb Code    10  menu.o(.text)
    TableDPBDraw                             0x08002f01   Thumb Code   764  menu.o(.text)
    TableAPOODraw                            0x080031fd   Thumb Code   602  menu.o(.text)
    TablePulseCheckDraw                      0x08003457   Thumb Code   520  menu.o(.text)
    TablePeriodDraw                          0x0800365f   Thumb Code    94  menu.o(.text)
    PaintPage                                0x080036bd   Thumb Code   194  menu.o(.text)
    PulseChangeDrawModalValue                0x0800377f   Thumb Code    84  menu.o(.text)
    PulseChangeDrawModal                     0x080037d3   Thumb Code   860  menu.o(.text)
    PageProgDraw                             0x08003b2f   Thumb Code   326  menu.o(.text)
    SaveYesDraw                              0x08003c75   Thumb Code    42  menu.o(.text)
    MenuRedraw                               0x08003c9f   Thumb Code   106  menu.o(.text)
    devices_init                             0x08003d89   Thumb Code    18  devices.o(.text)
    addPscArrHS                              0x08003d9b   Thumb Code   100  devices.o(.text)
    addPscArrLS                              0x08003dff   Thumb Code   100  devices.o(.text)
    CalcParamCH                              0x08003e63   Thumb Code   174  devices.o(.text)
    Timers_Update                            0x08003f11   Thumb Code    40  devices.o(.text)
    timer_init                               0x08003f89   Thumb Code   866  timer.o(.text)
    TIM4_IRQHandler                          0x080042eb   Thumb Code    30  timer.o(.text)
    TIM1_UP_TIM10_IRQHandler                 0x08004309   Thumb Code     8  timer.o(.text)
    TIM8_UP_TIM13_IRQHandler                 0x08004311   Thumb Code    10  timer.o(.text)
    DMA1_Stream1_IRQHandler                  0x0800431b   Thumb Code    32  timer.o(.text)
    DMA1_Stream0_IRQHandler                  0x0800433b   Thumb Code    32  timer.o(.text)
    led_off                                  0x080043f9   Thumb Code   158  leds.o(.text)
    leds_init                                0x08004497   Thumb Code    58  leds.o(.text)
    led_control                              0x080044d1   Thumb Code   402  leds.o(.text)
    led_blink_on_device                      0x08004663   Thumb Code   964  leds.o(.text)
    Menu_Timer_Update                        0x08004a2d   Thumb Code    20  actionmenu.o(.text)
    MenuParamInc                             0x08004a41   Thumb Code    20  actionmenu.o(.text)
    MenuParamDec                             0x08004a55   Thumb Code    20  actionmenu.o(.text)
    MenuProgPageUp                           0x08004a69   Thumb Code    38  actionmenu.o(.text)
    MenuProgPageDown                         0x08004a8f   Thumb Code    30  actionmenu.o(.text)
    MenuPageLeft                             0x08004aad   Thumb Code    20  actionmenu.o(.text)
    MenuPageRight                            0x08004ac1   Thumb Code    20  actionmenu.o(.text)
    MenuSwitchByte                           0x08004ad5   Thumb Code    26  actionmenu.o(.text)
    IsPushCoordinate                         0x08004aef   Thumb Code    62  actionmenu.o(.text)
    IsPopCoordinate                          0x08004b2d   Thumb Code    58  actionmenu.o(.text)
    MenuProgPageProg                         0x08004b67   Thumb Code    42  actionmenu.o(.text)
    MenuAddNewPulse                          0x08004b91   Thumb Code    62  actionmenu.o(.text)
    MenuDelCurPulse                          0x08004bcf   Thumb Code    74  actionmenu.o(.text)
    ActionBtn                                0x08004c19   Thumb Code   324  actionmenu.o(.text)
    ActionTouchPage1                         0x08004d5d   Thumb Code  1186  actionmenu.o(.text)
    ActionTouchPagePaint                     0x080051ff   Thumb Code   216  actionmenu.o(.text)
    incValueModal                            0x080052d7   Thumb Code    36  actionmenu.o(.text)
    decValueModal                            0x080052fb   Thumb Code    36  actionmenu.o(.text)
    ActionTouchModal                         0x0800531f   Thumb Code   364  actionmenu.o(.text)
    bckspsSymbol                             0x0800548b   Thumb Code    42  actionmenu.o(.text)
    otherSymbol                              0x080054b5   Thumb Code    52  actionmenu.o(.text)
    DeleteProg                               0x080054e9   Thumb Code   104  actionmenu.o(.text)
    AddNewProg                               0x08005551   Thumb Code   134  actionmenu.o(.text)
    ActionTouchPageChangeProg                0x080055d7   Thumb Code   210  actionmenu.o(.text)
    ActionTouch                              0x080056a9   Thumb Code   138  actionmenu.o(.text)
    update_init                              0x0800575d   Thumb Code   240  update.o(.text)
    updateSendStrDMA                         0x0800584d   Thumb Code    28  update.o(.text)
    DMA1_Stream6_IRQHandler                  0x08005869   Thumb Code    26  update.o(.text)
    TIM6_DAC_IRQHandler                      0x08005883   Thumb Code    18  update.o(.text)
    USART2_IRQHandler                        0x08005895   Thumb Code    78  update.o(.text)
    TIM7_IRQHandler                          0x080058e3   Thumb Code    30  update.o(.text)
    calcCRC                                  0x08005901   Thumb Code    26  update.o(.text)
    sendSequencedToPC                        0x0800591b   Thumb Code    76  update.o(.text)
    parseQueryUpdate                         0x08005967   Thumb Code   174  update.o(.text)
    button_init                              0x08005a89   Thumb Code    54  button.o(.text)
    IsPushBtn                                0x08005abf   Thumb Code    18  button.o(.text)
    IsPopBtn                                 0x08005ad1   Thumb Code    44  button.o(.text)
    IsPushBtnI                               0x08005afd   Thumb Code    16  button.o(.text)
    IsPopBtnI                                0x08005b0d   Thumb Code    44  button.o(.text)
    blink_programm0                          0x08005b41   Thumb Code   282  blink.o(.text)
    blink_programm1                          0x08005c5b   Thumb Code   280  blink.o(.text)
    blink_programm2                          0x08005d73   Thumb Code   282  blink.o(.text)
    led_blink                                0x08005e8d   Thumb Code    62  blink.o(.text)
    Reset_Handler                            0x08005ee1   Thumb Code     8  startup_stm32f4xx.o(.text)
    NMI_Handler                              0x08005ee9   Thumb Code     2  startup_stm32f4xx.o(.text)
    HardFault_Handler                        0x08005eeb   Thumb Code     2  startup_stm32f4xx.o(.text)
    MemManage_Handler                        0x08005eed   Thumb Code     2  startup_stm32f4xx.o(.text)
    BusFault_Handler                         0x08005eef   Thumb Code     2  startup_stm32f4xx.o(.text)
    UsageFault_Handler                       0x08005ef1   Thumb Code     2  startup_stm32f4xx.o(.text)
    SVC_Handler                              0x08005ef3   Thumb Code     2  startup_stm32f4xx.o(.text)
    DebugMon_Handler                         0x08005ef5   Thumb Code     2  startup_stm32f4xx.o(.text)
    PendSV_Handler                           0x08005ef7   Thumb Code     2  startup_stm32f4xx.o(.text)
    SysTick_Handler                          0x08005ef9   Thumb Code     2  startup_stm32f4xx.o(.text)
    ADC_IRQHandler                           0x08005efb   Thumb Code     0  startup_stm32f4xx.o(.text)
    CAN1_RX0_IRQHandler                      0x08005efb   Thumb Code     0  startup_stm32f4xx.o(.text)
    CAN1_RX1_IRQHandler                      0x08005efb   Thumb Code     0  startup_stm32f4xx.o(.text)
    CAN1_SCE_IRQHandler                      0x08005efb   Thumb Code     0  startup_stm32f4xx.o(.text)
    CAN1_TX_IRQHandler                       0x08005efb   Thumb Code     0  startup_stm32f4xx.o(.text)
    CAN2_RX0_IRQHandler                      0x08005efb   Thumb Code     0  startup_stm32f4xx.o(.text)
    CAN2_RX1_IRQHandler                      0x08005efb   Thumb Code     0  startup_stm32f4xx.o(.text)
    CAN2_SCE_IRQHandler                      0x08005efb   Thumb Code     0  startup_stm32f4xx.o(.text)
    CAN2_TX_IRQHandler                       0x08005efb   Thumb Code     0  startup_stm32f4xx.o(.text)
    CRYP_IRQHandler                          0x08005efb   Thumb Code     0  startup_stm32f4xx.o(.text)
    DCMI_IRQHandler                          0x08005efb   Thumb Code     0  startup_stm32f4xx.o(.text)
    DMA1_Stream2_IRQHandler                  0x08005efb   Thumb Code     0  startup_stm32f4xx.o(.text)
    DMA1_Stream3_IRQHandler                  0x08005efb   Thumb Code     0  startup_stm32f4xx.o(.text)
    DMA1_Stream4_IRQHandler                  0x08005efb   Thumb Code     0  startup_stm32f4xx.o(.text)
    DMA1_Stream5_IRQHandler                  0x08005efb   Thumb Code     0  startup_stm32f4xx.o(.text)
    DMA1_Stream7_IRQHandler                  0x08005efb   Thumb Code     0  startup_stm32f4xx.o(.text)
    DMA2_Stream0_IRQHandler                  0x08005efb   Thumb Code     0  startup_stm32f4xx.o(.text)
    DMA2_Stream1_IRQHandler                  0x08005efb   Thumb Code     0  startup_stm32f4xx.o(.text)
    DMA2_Stream2_IRQHandler                  0x08005efb   Thumb Code     0  startup_stm32f4xx.o(.text)
    DMA2_Stream3_IRQHandler                  0x08005efb   Thumb Code     0  startup_stm32f4xx.o(.text)
    DMA2_Stream4_IRQHandler                  0x08005efb   Thumb Code     0  startup_stm32f4xx.o(.text)
    DMA2_Stream5_IRQHandler                  0x08005efb   Thumb Code     0  startup_stm32f4xx.o(.text)
    DMA2_Stream6_IRQHandler                  0x08005efb   Thumb Code     0  startup_stm32f4xx.o(.text)
    DMA2_Stream7_IRQHandler                  0x08005efb   Thumb Code     0  startup_stm32f4xx.o(.text)
    ETH_IRQHandler                           0x08005efb   Thumb Code     0  startup_stm32f4xx.o(.text)
    ETH_WKUP_IRQHandler                      0x08005efb   Thumb Code     0  startup_stm32f4xx.o(.text)
    EXTI0_IRQHandler                         0x08005efb   Thumb Code     0  startup_stm32f4xx.o(.text)
    EXTI15_10_IRQHandler                     0x08005efb   Thumb Code     0  startup_stm32f4xx.o(.text)
    EXTI1_IRQHandler                         0x08005efb   Thumb Code     0  startup_stm32f4xx.o(.text)
    EXTI2_IRQHandler                         0x08005efb   Thumb Code     0  startup_stm32f4xx.o(.text)
    EXTI3_IRQHandler                         0x08005efb   Thumb Code     0  startup_stm32f4xx.o(.text)
    EXTI4_IRQHandler                         0x08005efb   Thumb Code     0  startup_stm32f4xx.o(.text)
    EXTI9_5_IRQHandler                       0x08005efb   Thumb Code     0  startup_stm32f4xx.o(.text)
    FLASH_IRQHandler                         0x08005efb   Thumb Code     0  startup_stm32f4xx.o(.text)
    FPU_IRQHandler                           0x08005efb   Thumb Code     0  startup_stm32f4xx.o(.text)
    FSMC_IRQHandler                          0x08005efb   Thumb Code     0  startup_stm32f4xx.o(.text)
    HASH_RNG_IRQHandler                      0x08005efb   Thumb Code     0  startup_stm32f4xx.o(.text)
    I2C1_ER_IRQHandler                       0x08005efb   Thumb Code     0  startup_stm32f4xx.o(.text)
    I2C1_EV_IRQHandler                       0x08005efb   Thumb Code     0  startup_stm32f4xx.o(.text)
    I2C2_ER_IRQHandler                       0x08005efb   Thumb Code     0  startup_stm32f4xx.o(.text)
    I2C2_EV_IRQHandler                       0x08005efb   Thumb Code     0  startup_stm32f4xx.o(.text)
    I2C3_ER_IRQHandler                       0x08005efb   Thumb Code     0  startup_stm32f4xx.o(.text)
    I2C3_EV_IRQHandler                       0x08005efb   Thumb Code     0  startup_stm32f4xx.o(.text)
    OTG_FS_IRQHandler                        0x08005efb   Thumb Code     0  startup_stm32f4xx.o(.text)
    OTG_FS_WKUP_IRQHandler                   0x08005efb   Thumb Code     0  startup_stm32f4xx.o(.text)
    OTG_HS_EP1_IN_IRQHandler                 0x08005efb   Thumb Code     0  startup_stm32f4xx.o(.text)
    OTG_HS_EP1_OUT_IRQHandler                0x08005efb   Thumb Code     0  startup_stm32f4xx.o(.text)
    OTG_HS_IRQHandler                        0x08005efb   Thumb Code     0  startup_stm32f4xx.o(.text)
    OTG_HS_WKUP_IRQHandler                   0x08005efb   Thumb Code     0  startup_stm32f4xx.o(.text)
    PVD_IRQHandler                           0x08005efb   Thumb Code     0  startup_stm32f4xx.o(.text)
    RCC_IRQHandler                           0x08005efb   Thumb Code     0  startup_stm32f4xx.o(.text)
    RTC_Alarm_IRQHandler                     0x08005efb   Thumb Code     0  startup_stm32f4xx.o(.text)
    RTC_WKUP_IRQHandler                      0x08005efb   Thumb Code     0  startup_stm32f4xx.o(.text)
    SDIO_IRQHandler                          0x08005efb   Thumb Code     0  startup_stm32f4xx.o(.text)
    SPI1_IRQHandler                          0x08005efb   Thumb Code     0  startup_stm32f4xx.o(.text)
    SPI2_IRQHandler                          0x08005efb   Thumb Code     0  startup_stm32f4xx.o(.text)
    SPI3_IRQHandler                          0x08005efb   Thumb Code     0  startup_stm32f4xx.o(.text)
    TAMP_STAMP_IRQHandler                    0x08005efb   Thumb Code     0  startup_stm32f4xx.o(.text)
    TIM1_BRK_TIM9_IRQHandler                 0x08005efb   Thumb Code     0  startup_stm32f4xx.o(.text)
    TIM1_CC_IRQHandler                       0x08005efb   Thumb Code     0  startup_stm32f4xx.o(.text)
    TIM1_TRG_COM_TIM11_IRQHandler            0x08005efb   Thumb Code     0  startup_stm32f4xx.o(.text)
    TIM2_IRQHandler                          0x08005efb   Thumb Code     0  startup_stm32f4xx.o(.text)
    TIM3_IRQHandler                          0x08005efb   Thumb Code     0  startup_stm32f4xx.o(.text)
    TIM5_IRQHandler                          0x08005efb   Thumb Code     0  startup_stm32f4xx.o(.text)
    TIM8_BRK_TIM12_IRQHandler                0x08005efb   Thumb Code     0  startup_stm32f4xx.o(.text)
    TIM8_CC_IRQHandler                       0x08005efb   Thumb Code     0  startup_stm32f4xx.o(.text)
    TIM8_TRG_COM_TIM14_IRQHandler            0x08005efb   Thumb Code     0  startup_stm32f4xx.o(.text)
    UART4_IRQHandler                         0x08005efb   Thumb Code     0  startup_stm32f4xx.o(.text)
    UART5_IRQHandler                         0x08005efb   Thumb Code     0  startup_stm32f4xx.o(.text)
    USART3_IRQHandler                        0x08005efb   Thumb Code     0  startup_stm32f4xx.o(.text)
    USART6_IRQHandler                        0x08005efb   Thumb Code     0  startup_stm32f4xx.o(.text)
    WWDG_IRQHandler                          0x08005efb   Thumb Code     0  startup_stm32f4xx.o(.text)
    FSMC_NORSRAMDeInit                       0x08005f05   Thumb Code    38  stm32f4xx_fsmc.o(.text)
    FSMC_NORSRAMInit                         0x08005f2b   Thumb Code   200  stm32f4xx_fsmc.o(.text)
    FSMC_NORSRAMStructInit                   0x08005ff3   Thumb Code    98  stm32f4xx_fsmc.o(.text)
    FSMC_NORSRAMCmd                          0x08006055   Thumb Code    26  stm32f4xx_fsmc.o(.text)
    FSMC_NANDDeInit                          0x0800606f   Thumb Code    40  stm32f4xx_fsmc.o(.text)
    FSMC_NANDInit                            0x08006097   Thumb Code   104  stm32f4xx_fsmc.o(.text)
    FSMC_NANDStructInit                      0x080060ff   Thumb Code    54  stm32f4xx_fsmc.o(.text)
    FSMC_NANDCmd                             0x08006135   Thumb Code    54  stm32f4xx_fsmc.o(.text)
    FSMC_NANDECCCmd                          0x0800616b   Thumb Code    54  stm32f4xx_fsmc.o(.text)
    FSMC_GetECC                              0x080061a1   Thumb Code    18  stm32f4xx_fsmc.o(.text)
    FSMC_PCCARDDeInit                        0x080061b3   Thumb Code    26  stm32f4xx_fsmc.o(.text)
    FSMC_PCCARDInit                          0x080061cd   Thumb Code   102  stm32f4xx_fsmc.o(.text)
    FSMC_PCCARDStructInit                    0x08006233   Thumb Code    60  stm32f4xx_fsmc.o(.text)
    FSMC_PCCARDCmd                           0x0800626f   Thumb Code    28  stm32f4xx_fsmc.o(.text)
    FSMC_ITConfig                            0x0800628b   Thumb Code    72  stm32f4xx_fsmc.o(.text)
    FSMC_GetFlagStatus                       0x080062d3   Thumb Code    40  stm32f4xx_fsmc.o(.text)
    FSMC_ClearFlag                           0x080062fb   Thumb Code    38  stm32f4xx_fsmc.o(.text)
    FSMC_GetITStatus                         0x08006321   Thumb Code    48  stm32f4xx_fsmc.o(.text)
    FSMC_ClearITPendingBit                   0x08006351   Thumb Code    42  stm32f4xx_fsmc.o(.text)
    GPIO_DeInit                              0x08006381   Thumb Code   192  stm32f4xx_gpio.o(.text)
    GPIO_Init                                0x08006441   Thumb Code   120  stm32f4xx_gpio.o(.text)
    GPIO_StructInit                          0x080064b9   Thumb Code    18  stm32f4xx_gpio.o(.text)
    GPIO_PinLockConfig                       0x080064cb   Thumb Code    24  stm32f4xx_gpio.o(.text)
    GPIO_ReadInputDataBit                    0x080064e3   Thumb Code    14  stm32f4xx_gpio.o(.text)
    GPIO_ReadInputData                       0x080064f1   Thumb Code     6  stm32f4xx_gpio.o(.text)
    GPIO_ReadOutputDataBit                   0x080064f7   Thumb Code    14  stm32f4xx_gpio.o(.text)
    GPIO_ReadOutputData                      0x08006505   Thumb Code     6  stm32f4xx_gpio.o(.text)
    GPIO_SetBits                             0x0800650b   Thumb Code     4  stm32f4xx_gpio.o(.text)
    GPIO_ResetBits                           0x0800650f   Thumb Code     4  stm32f4xx_gpio.o(.text)
    GPIO_WriteBit                            0x08006513   Thumb Code    10  stm32f4xx_gpio.o(.text)
    GPIO_Write                               0x0800651d   Thumb Code     4  stm32f4xx_gpio.o(.text)
    GPIO_ToggleBits                          0x08006521   Thumb Code     8  stm32f4xx_gpio.o(.text)
    GPIO_PinAFConfig                         0x08006529   Thumb Code    32  stm32f4xx_gpio.o(.text)
    RCC_DeInit                               0x0800656d   Thumb Code    48  stm32f4xx_rcc.o(.text)
    RCC_HSEConfig                            0x0800659d   Thumb Code    12  stm32f4xx_rcc.o(.text)
    RCC_GetFlagStatus                        0x080065a9   Thumb Code    46  stm32f4xx_rcc.o(.text)
    RCC_WaitForHSEStartUp                    0x080065d7   Thumb Code    44  stm32f4xx_rcc.o(.text)
    RCC_AdjustHSICalibrationValue            0x08006603   Thumb Code    16  stm32f4xx_rcc.o(.text)
    RCC_HSICmd                               0x08006613   Thumb Code     6  stm32f4xx_rcc.o(.text)
    RCC_LSEConfig                            0x08006619   Thumb Code    24  stm32f4xx_rcc.o(.text)
    RCC_LSICmd                               0x08006631   Thumb Code     6  stm32f4xx_rcc.o(.text)
    RCC_PLLConfig                            0x08006637   Thumb Code    32  stm32f4xx_rcc.o(.text)
    RCC_PLLCmd                               0x08006657   Thumb Code     6  stm32f4xx_rcc.o(.text)
    RCC_PLLI2SConfig                         0x0800665d   Thumb Code    14  stm32f4xx_rcc.o(.text)
    RCC_PLLI2SCmd                            0x0800666b   Thumb Code     6  stm32f4xx_rcc.o(.text)
    RCC_ClockSecuritySystemCmd               0x08006671   Thumb Code     6  stm32f4xx_rcc.o(.text)
    RCC_MCO1Config                           0x08006677   Thumb Code    18  stm32f4xx_rcc.o(.text)
    RCC_MCO2Config                           0x08006689   Thumb Code    18  stm32f4xx_rcc.o(.text)
    RCC_SYSCLKConfig                         0x0800669b   Thumb Code    16  stm32f4xx_rcc.o(.text)
    RCC_GetSYSCLKSource                      0x080066ab   Thumb Code    12  stm32f4xx_rcc.o(.text)
    RCC_HCLKConfig                           0x080066b7   Thumb Code    16  stm32f4xx_rcc.o(.text)
    RCC_PCLK1Config                          0x080066c7   Thumb Code    16  stm32f4xx_rcc.o(.text)
    RCC_PCLK2Config                          0x080066d7   Thumb Code    18  stm32f4xx_rcc.o(.text)
    RCC_GetClocksFreq                        0x080066e9   Thumb Code   134  stm32f4xx_rcc.o(.text)
    RCC_RTCCLKConfig                         0x0800676f   Thumb Code    42  stm32f4xx_rcc.o(.text)
    RCC_RTCCLKCmd                            0x08006799   Thumb Code     8  stm32f4xx_rcc.o(.text)
    RCC_BackupResetCmd                       0x080067a1   Thumb Code     8  stm32f4xx_rcc.o(.text)
    RCC_I2SCLKConfig                         0x080067a9   Thumb Code     8  stm32f4xx_rcc.o(.text)
    RCC_AHB1PeriphClockCmd                   0x080067b1   Thumb Code    20  stm32f4xx_rcc.o(.text)
    RCC_AHB2PeriphClockCmd                   0x080067c5   Thumb Code    20  stm32f4xx_rcc.o(.text)
    RCC_AHB3PeriphClockCmd                   0x080067d9   Thumb Code    20  stm32f4xx_rcc.o(.text)
    RCC_APB1PeriphClockCmd                   0x080067ed   Thumb Code    20  stm32f4xx_rcc.o(.text)
    RCC_APB2PeriphClockCmd                   0x08006801   Thumb Code    20  stm32f4xx_rcc.o(.text)
    RCC_AHB1PeriphResetCmd                   0x08006815   Thumb Code    20  stm32f4xx_rcc.o(.text)
    RCC_AHB2PeriphResetCmd                   0x08006829   Thumb Code    20  stm32f4xx_rcc.o(.text)
    RCC_AHB3PeriphResetCmd                   0x0800683d   Thumb Code    20  stm32f4xx_rcc.o(.text)
    RCC_APB1PeriphResetCmd                   0x08006851   Thumb Code    20  stm32f4xx_rcc.o(.text)
    RCC_APB2PeriphResetCmd                   0x08006865   Thumb Code    20  stm32f4xx_rcc.o(.text)
    RCC_AHB1PeriphClockLPModeCmd             0x08006879   Thumb Code    20  stm32f4xx_rcc.o(.text)
    RCC_AHB2PeriphClockLPModeCmd             0x0800688d   Thumb Code    20  stm32f4xx_rcc.o(.text)
    RCC_AHB3PeriphClockLPModeCmd             0x080068a1   Thumb Code    20  stm32f4xx_rcc.o(.text)
    RCC_APB1PeriphClockLPModeCmd             0x080068b5   Thumb Code    20  stm32f4xx_rcc.o(.text)
    RCC_APB2PeriphClockLPModeCmd             0x080068c9   Thumb Code    20  stm32f4xx_rcc.o(.text)
    RCC_ITConfig                             0x080068dd   Thumb Code    20  stm32f4xx_rcc.o(.text)
    RCC_ClearFlag                            0x080068f1   Thumb Code    14  stm32f4xx_rcc.o(.text)
    RCC_GetITStatus                          0x080068ff   Thumb Code    18  stm32f4xx_rcc.o(.text)
    RCC_ClearITPendingBit                    0x08006911   Thumb Code     8  stm32f4xx_rcc.o(.text)
    SPI_I2S_DeInit                           0x0800693d   Thumb Code    72  stm32f4xx_spi.o(.text)
    SPI_Init                                 0x08006985   Thumb Code    56  stm32f4xx_spi.o(.text)
    I2S_Init                                 0x080069bd   Thumb Code   188  stm32f4xx_spi.o(.text)
    SPI_StructInit                           0x08006a79   Thumb Code    24  stm32f4xx_spi.o(.text)
    I2S_StructInit                           0x08006a91   Thumb Code    18  stm32f4xx_spi.o(.text)
    SPI_Cmd                                  0x08006aa3   Thumb Code    20  stm32f4xx_spi.o(.text)
    I2S_Cmd                                  0x08006ab7   Thumb Code    20  stm32f4xx_spi.o(.text)
    SPI_DataSizeConfig                       0x08006acb   Thumb Code    16  stm32f4xx_spi.o(.text)
    SPI_BiDirectionalLineConfig              0x08006adb   Thumb Code    22  stm32f4xx_spi.o(.text)
    SPI_NSSInternalSoftwareConfig            0x08006af1   Thumb Code    24  stm32f4xx_spi.o(.text)
    SPI_SSOutputCmd                          0x08006b09   Thumb Code    20  stm32f4xx_spi.o(.text)
    SPI_TIModeCmd                            0x08006b1d   Thumb Code    20  stm32f4xx_spi.o(.text)
    I2S_FullDuplexConfig                     0x08006b31   Thumb Code    58  stm32f4xx_spi.o(.text)
    SPI_I2S_ReceiveData                      0x08006b6b   Thumb Code     4  stm32f4xx_spi.o(.text)
    SPI_I2S_SendData                         0x08006b6f   Thumb Code     4  stm32f4xx_spi.o(.text)
    SPI_CalculateCRC                         0x08006b73   Thumb Code    20  stm32f4xx_spi.o(.text)
    SPI_TransmitCRC                          0x08006b87   Thumb Code    10  stm32f4xx_spi.o(.text)
    SPI_GetCRC                               0x08006b91   Thumb Code    12  stm32f4xx_spi.o(.text)
    SPI_GetCRCPolynomial                     0x08006b9d   Thumb Code     4  stm32f4xx_spi.o(.text)
    SPI_I2S_DMACmd                           0x08006ba1   Thumb Code    16  stm32f4xx_spi.o(.text)
    SPI_I2S_ITConfig                         0x08006bb1   Thumb Code    24  stm32f4xx_spi.o(.text)
    SPI_I2S_GetFlagStatus                    0x08006bc9   Thumb Code    14  stm32f4xx_spi.o(.text)
    SPI_I2S_ClearFlag                        0x08006bd7   Thumb Code     6  stm32f4xx_spi.o(.text)
    SPI_I2S_GetITStatus                      0x08006bdd   Thumb Code    44  stm32f4xx_spi.o(.text)
    SPI_I2S_ClearITPendingBit                0x08006c09   Thumb Code    14  stm32f4xx_spi.o(.text)
    SystemInit                               0x08006ccf   Thumb Code    74  system_stm32f4xx.o(.text)
    SystemCoreClockUpdate                    0x08006d19   Thumb Code   108  system_stm32f4xx.o(.text)
    __aeabi_memcpy                           0x08006da9   Thumb Code    36  memcpya.o(.text)
    __aeabi_memcpy4                          0x08006da9   Thumb Code     0  memcpya.o(.text)
    __aeabi_memcpy8                          0x08006da9   Thumb Code     0  memcpya.o(.text)
    __aeabi_memset                           0x08006dcd   Thumb Code    14  memseta.o(.text)
    __aeabi_memset4                          0x08006dcd   Thumb Code     0  memseta.o(.text)
    __aeabi_memset8                          0x08006dcd   Thumb Code     0  memseta.o(.text)
    __aeabi_memclr                           0x08006ddb   Thumb Code     4  memseta.o(.text)
    __aeabi_memclr4                          0x08006ddb   Thumb Code     0  memseta.o(.text)
    __aeabi_memclr8                          0x08006ddb   Thumb Code     0  memseta.o(.text)
    _memset$wrapper                          0x08006ddf   Thumb Code    18  memseta.o(.text)
    strlen                                   0x08006df1   Thumb Code    14  strlen.o(.text)
    strcmp                                   0x08006dff   Thumb Code    28  strcmp.o(.text)
    strcpy                                   0x08006e1b   Thumb Code    18  strcpy.o(.text)
    __aeabi_dadd                             0x08006e2d   Thumb Code   322  dadd.o(.text)
    __aeabi_dsub                             0x08006f6f   Thumb Code     6  dadd.o(.text)
    __aeabi_drsub                            0x08006f75   Thumb Code     6  dadd.o(.text)
    __aeabi_dmul                             0x08006f7b   Thumb Code   228  dmul.o(.text)
    __aeabi_ddiv                             0x0800705f   Thumb Code   222  ddiv.o(.text)
    __aeabi_i2d                              0x0800713d   Thumb Code    34  dflti.o(.text)
    __aeabi_ui2d                             0x0800715f   Thumb Code    26  dfltui.o(.text)
    __aeabi_d2uiz                            0x08007179   Thumb Code    50  dfixui.o(.text)
    __aeabi_cdcmpeq                          0x080071ad   Thumb Code     0  cdcmple.o(.text)
    __aeabi_cdcmple                          0x080071ad   Thumb Code    48  cdcmple.o(.text)
    __aeabi_uldivmod                         0x080071dd   Thumb Code    98  uldiv.o(.text)
    __aeabi_llsl                             0x0800723f   Thumb Code    30  llshl.o(.text)
    _ll_shift_l                              0x0800723f   Thumb Code     0  llshl.o(.text)
    __aeabi_llsr                             0x0800725d   Thumb Code    32  llushr.o(.text)
    _ll_ushift_r                             0x0800725d   Thumb Code     0  llushr.o(.text)
    __aeabi_lasr                             0x0800727d   Thumb Code    36  llsshr.o(.text)
    _ll_sshift_r                             0x0800727d   Thumb Code     0  llsshr.o(.text)
    __I$use$fp                               0x080072a1   Thumb Code     0  iusefp.o(.text)
    _double_round                            0x080072a1   Thumb Code    30  depilogue.o(.text)
    _double_epilogue                         0x080072bf   Thumb Code   156  depilogue.o(.text)
    __scatterload                            0x0800735d   Thumb Code    28  init.o(.text)
    __scatterload_rt2                        0x0800735d   Thumb Code     0  init.o(.text)
    __0printf$8                              0x08007381   Thumb Code    22  printf8.o(i.__0printf$8)
    __1printf$8                              0x08007381   Thumb Code     0  printf8.o(i.__0printf$8)
    __2printf                                0x08007381   Thumb Code     0  printf8.o(i.__0printf$8)
    __0sprintf$8                             0x080073a1   Thumb Code    34  printf8.o(i.__0sprintf$8)
    __1sprintf$8                             0x080073a1   Thumb Code     0  printf8.o(i.__0sprintf$8)
    __2sprintf                               0x080073a1   Thumb Code     0  printf8.o(i.__0sprintf$8)
    __scatterload_copy                       0x080073c9   Thumb Code    14  handlers.o(i.__scatterload_copy)
    __scatterload_null                       0x080073d7   Thumb Code     2  handlers.o(i.__scatterload_null)
    __scatterload_zeroinit                   0x080073d9   Thumb Code    14  handlers.o(i.__scatterload_zeroinit)
    Region$$Table$$Base                      0x08007e44   Number         0  anon$$obj.o(Region$$Table)
    Region$$Table$$Limit                     0x08007e64   Number         0  anon$$obj.o(Region$$Table)
    DeviceCode                               0x20000002   Data           2  lcd.o(.data)
    DisplaySample                            0x20000008   Data          12  touchpanel.o(.data)
    display                                  0x20000014   Data           4  touchpanel.o(.data)
    BaseXY                                   0x20000018   Data           4  actionmenu.o(.data)
    blink_phase                              0x2000001c   Data           4  blink.o(.data)
    blink_delay                              0x20000020   Data           4  blink.o(.data)
    SystemCoreClock                          0x20000034   Data           4  system_stm32f4xx.o(.data)
    AHBPrescTable                            0x20000038   Data          16  system_stm32f4xx.o(.data)
    __stdout                                 0x20000048   Data           4  stdout.o(.data)
    matrix                                   0x20000050   Data          56  touchpanel.o(.bss)
    ScreenSample                             0x20000088   Data          12  touchpanel.o(.bss)
    coreCPUsett                              0x20000094   Data       49828  rammap.o(.bss)
    coreFlags                                0x2000c338   Data          24  rammap.o(.bss)
    seqTimer                                 0x2000c350   Data        8056  rammap.o(.bss)
    updateBuf                                0x2000e2c8   Data        3335  rammap.o(.bss)
    Menu                                     0x2000efd0   Data          52  menu.o(.bss)
    __initial_sp                             0x2000f408   Data           0  startup_stm32f4xx.o(STACK)



==============================================================================

Memory Map of the image

  Image Entry point : 0x08000189

  Load Region LR_IROM1 (Base: 0x08000000, Size: 0x00007eb0, Max: 0x00100000, ABSOLUTE)

    Execution Region ER_IROM1 (Exec base: 0x08000000, Load base: 0x08000000, Size: 0x00007e64, Max: 0x00100000, ABSOLUTE)

    Exec Addr    Load Addr    Size         Type   Attr      Idx    E Section Name        Object

    0x08000000   0x08000000   0x00000188   Data   RO          532    RESET               startup_stm32f4xx.o
    0x08000188   0x08000188   0x00000000   Code   RO          657  * .ARM.Collect$$$$00000000  mc_w.l(entry.o)
    0x08000188   0x08000188   0x00000004   Code   RO          947    .ARM.Collect$$$$00000001  mc_w.l(entry2.o)
    0x0800018c   0x0800018c   0x00000004   Code   RO          950    .ARM.Collect$$$$00000004  mc_w.l(entry5.o)
    0x08000190   0x08000190   0x00000000   Code   RO          952    .ARM.Collect$$$$00000008  mc_w.l(entry7b.o)
    0x08000190   0x08000190   0x00000000   Code   RO          954    .ARM.Collect$$$$0000000A  mc_w.l(entry8b.o)
    0x08000190   0x08000190   0x00000008   Code   RO          955    .ARM.Collect$$$$0000000B  mc_w.l(entry9a.o)
    0x08000198   0x08000198   0x00000000   Code   RO          957    .ARM.Collect$$$$0000000D  mc_w.l(entry10a.o)
    0x08000198   0x08000198   0x00000000   Code   RO          959    .ARM.Collect$$$$0000000F  mc_w.l(entry11a.o)
    0x08000198   0x08000198   0x00000004   Code   RO          948    .ARM.Collect$$$$00002712  mc_w.l(entry2.o)
    0x0800019c   0x0800019c   0x000001e8   Code   RO            2    .text               main.o
    0x08000384   0x08000384   0x00001af0   Code   RO          199    .text               lcd.o
    0x08001e74   0x08001e74   0x00000014   Code   RO          219    .text               asciilib.o
    0x08001e88   0x08001e88   0x00000810   Code   RO          237    .text               touchpanel.o
    0x08002698   0x08002698   0x00000140   Code   RO          294    .text               debug.o
    0x080027d8   0x080027d8   0x00000046   Code   RO          311    .text               delay.o
    0x0800281e   0x0800281e   0x00000002   PAD
    0x08002820   0x08002820   0x00000048   Code   RO          327    .text               rcc.o
    0x08002868   0x08002868   0x000002f8   Code   RO          343    .text               setting.o
    0x08002b60   0x08002b60   0x000000dc   Code   RO          360    .text               flash.o
    0x08002c3c   0x08002c3c   0x0000114c   Code   RO          377    .text               menu.o
    0x08003d88   0x08003d88   0x00000200   Code   RO          401    .text               devices.o
    0x08003f88   0x08003f88   0x00000470   Code   RO          417    .text               timer.o
    0x080043f8   0x080043f8   0x00000634   Code   RO          437    .text               leds.o
    0x08004a2c   0x08004a2c   0x00000d30   Code   RO          453    .text               actionmenu.o
    0x0800575c   0x0800575c   0x0000032c   Code   RO          477    .text               update.o
    0x08005a88   0x08005a88   0x000000b8   Code   RO          494    .text               button.o
    0x08005b40   0x08005b40   0x000003a0   Code   RO          511    .text               blink.o
    0x08005ee0   0x08005ee0   0x00000024   Code   RO          533    .text               startup_stm32f4xx.o
    0x08005f04   0x08005f04   0x0000047c   Code   RO          554    .text               stm32f4xx_fsmc.o
    0x08006380   0x08006380   0x000001ec   Code   RO          570    .text               stm32f4xx_gpio.o
    0x0800656c   0x0800656c   0x000003d0   Code   RO          586    .text               stm32f4xx_rcc.o
    0x0800693c   0x0800693c   0x000002f0   Code   RO          620    .text               stm32f4xx_spi.o
    0x08006c2c   0x08006c2c   0x0000017c   Code   RO          636    .text               system_stm32f4xx.o
    0x08006da8   0x08006da8   0x00000024   Code   RO          660    .text               mc_w.l(memcpya.o)
    0x08006dcc   0x08006dcc   0x00000024   Code   RO          662    .text               mc_w.l(memseta.o)
    0x08006df0   0x08006df0   0x0000000e   Code   RO          664    .text               mc_w.l(strlen.o)
    0x08006dfe   0x08006dfe   0x0000001c   Code   RO          666    .text               mc_w.l(strcmp.o)
    0x08006e1a   0x08006e1a   0x00000012   Code   RO          668    .text               mc_w.l(strcpy.o)
    0x08006e2c   0x08006e2c   0x0000014e   Code   RO          933    .text               mf_w.l(dadd.o)
    0x08006f7a   0x08006f7a   0x000000e4   Code   RO          935    .text               mf_w.l(dmul.o)
    0x0800705e   0x0800705e   0x000000de   Code   RO          937    .text               mf_w.l(ddiv.o)
    0x0800713c   0x0800713c   0x00000022   Code   RO          939    .text               mf_w.l(dflti.o)
    0x0800715e   0x0800715e   0x0000001a   Code   RO          941    .text               mf_w.l(dfltui.o)
    0x08007178   0x08007178   0x00000032   Code   RO          943    .text               mf_w.l(dfixui.o)
    0x080071aa   0x080071aa   0x00000002   PAD
    0x080071ac   0x080071ac   0x00000030   Code   RO          945    .text               mf_w.l(cdcmple.o)
    0x080071dc   0x080071dc   0x00000062   Code   RO          964    .text               mc_w.l(uldiv.o)
    0x0800723e   0x0800723e   0x0000001e   Code   RO          966    .text               mc_w.l(llshl.o)
    0x0800725c   0x0800725c   0x00000020   Code   RO          968    .text               mc_w.l(llushr.o)
    0x0800727c   0x0800727c   0x00000024   Code   RO          970    .text               mc_w.l(llsshr.o)
    0x080072a0   0x080072a0   0x00000000   Code   RO          972    .text               mc_w.l(iusefp.o)
    0x080072a0   0x080072a0   0x000000ba   Code   RO          973    .text               mf_w.l(depilogue.o)
    0x0800735a   0x0800735a   0x00000002   PAD
    0x0800735c   0x0800735c   0x00000024   Code   RO          979    .text               mc_w.l(init.o)
    0x08007380   0x08007380   0x00000020   Code   RO          879    i.__0printf$8       mc_w.l(printf8.o)
    0x080073a0   0x080073a0   0x00000028   Code   RO          881    i.__0sprintf$8      mc_w.l(printf8.o)
    0x080073c8   0x080073c8   0x0000000e   Code   RO          983    i.__scatterload_copy  mc_w.l(handlers.o)
    0x080073d6   0x080073d6   0x00000002   Code   RO          984    i.__scatterload_null  mc_w.l(handlers.o)
    0x080073d8   0x080073d8   0x0000000e   Code   RO          985    i.__scatterload_zeroinit  mc_w.l(handlers.o)
    0x080073e6   0x080073e6   0x00000002   PAD
    0x080073e8   0x080073e8   0x00000410   Code   RO          886    i._printf_core      mc_w.l(printf8.o)
    0x080077f8   0x080077f8   0x00000024   Code   RO          887    i._printf_post_padding  mc_w.l(printf8.o)
    0x0800781c   0x0800781c   0x0000002e   Code   RO          888    i._printf_pre_padding  mc_w.l(printf8.o)
    0x0800784a   0x0800784a   0x0000000a   Code   RO          890    i._sputc            mc_w.l(printf8.o)
    0x08007854   0x08007854   0x000005f0   Data   RO          220    .constdata          asciilib.o
    0x08007e44   0x08007e44   0x00000020   Data   RO          981    Region$$Table       anon$$obj.o


    Execution Region RW_IRAM1 (Exec base: 0x20000000, Load base: 0x08007e64, Size: 0x0000f408, Max: 0x00020000, ABSOLUTE)

    Exec Addr    Load Addr    Size         Type   Attr      Idx    E Section Name        Object

    0x20000000   0x08007e64   0x00000004   Data   RW          200    .data               lcd.o
    0x20000004   0x08007e68   0x00000010   Data   RW          239    .data               touchpanel.o
    0x20000014   0x08007e78   0x00000004   Data   RW          241    .data               touchpanel.o
    0x20000018   0x08007e7c   0x00000004   Data   RW          454    .data               actionmenu.o
    0x2000001c   0x08007e80   0x00000008   Data   RW          513    .data               blink.o
    0x20000024   0x08007e88   0x00000010   Data   RW          587    .data               stm32f4xx_rcc.o
    0x20000034   0x08007e98   0x00000014   Data   RW          637    .data               system_stm32f4xx.o
    0x20000048   0x08007eac   0x00000004   Data   RW          961    .data               mc_w.l(stdout.o)
    0x2000004c   0x08007eb0   0x00000004   PAD
    0x20000050        -       0x00000044   Zero   RW          238    .bss                touchpanel.o
    0x20000094        -       0x0000c2a4   Zero   RW          273    .bss                rammap.o
    0x2000c338        -       0x00000018   Zero   RW          274    .bss                rammap.o
    0x2000c350        -       0x00001f78   Zero   RW          275    .bss                rammap.o
    0x2000e2c8        -       0x00000d07   Zero   RW          276    .bss                rammap.o
    0x2000efcf   0x08007eb0   0x00000001   PAD
    0x2000efd0        -       0x00000034   Zero   RW          378    .bss                menu.o
    0x2000f004   0x08007eb0   0x00000004   PAD
    0x2000f008        -       0x00000400   Zero   RW          530    STACK               startup_stm32f4xx.o


==============================================================================

Image component sizes


      Code (inc. data)   RO Data    RW Data    ZI Data      Debug   Object Name

      3376         92          0          4          0       9027   actionmenu.o
        20          4       1520          0          0       1167   asciilib.o
       928        118          0          8          0       2153   blink.o
       184          8          0          0          0       1928   button.o
       320        114          0          0          0       2178   debug.o
        70          0          0          0          0        658   delay.o
       512         80          0          0          0       2385   devices.o
       220         18          0          0          0       1544   flash.o
      6896         60          0          4          0      11113   lcd.o
      1588         42          0          0          0       1844   leds.o
       488        156          0          0          0     251385   main.o
      4428        416          0          0         52       8177   menu.o
         0          0          0          0      61243       2372   rammap.o
        72         20          0          0          0        527   rcc.o
       760        230          0          0          0       2611   setting.o
        36          8        392          0       1024        968   startup_stm32f4xx.o
      1148          6          0          0          0       6175   stm32f4xx_fsmc.o
       492         36          0          0          0       4717   stm32f4xx_gpio.o
       976         36          0         16          0      11755   stm32f4xx_rcc.o
       752         22          0          0          0       7573   stm32f4xx_spi.o
       380         36          0         20          0       2319   system_stm32f4xx.o
      1136        104          0          0          0      20450   timer.o
      2064        116          0         20         68       7992   touchpanel.o
       812         62          0          0          0       3458   update.o

    ----------------------------------------------------------------------
     27660       1784       1944         72      62392     364476   Object Totals
         0          0         32          0          0          0   (incl. Generated)
         2          0          0          0          5          0   (incl. Padding)

    ----------------------------------------------------------------------

      Code (inc. data)   RO Data    RW Data    ZI Data      Debug   Library Member Name

         0          0          0          0          0          0   entry.o
         0          0          0          0          0          0   entry10a.o
         0          0          0          0          0          0   entry11a.o
         8          4          0          0          0          0   entry2.o
         4          0          0          0          0          0   entry5.o
         0          0          0          0          0          0   entry7b.o
         0          0          0          0          0          0   entry8b.o
         8          4          0          0          0          0   entry9a.o
        30          0          0          0          0          0   handlers.o
        36          8          0          0          0         68   init.o
         0          0          0          0          0          0   iusefp.o
        30          0          0          0          0         68   llshl.o
        36          0          0          0          0         68   llsshr.o
        32          0          0          0          0         68   llushr.o
        36          0          0          0          0         68   memcpya.o
        36          0          0          0          0        108   memseta.o
      1204         60          0          0          0        504   printf8.o
         0          0          0          4          0          0   stdout.o
        28          0          0          0          0         76   strcmp.o
        18          0          0          0          0         68   strcpy.o
        14          0          0          0          0         68   strlen.o
        98          0          0          0          0         92   uldiv.o
        48          0          0          0          0         68   cdcmple.o
       334          0          0          0          0        148   dadd.o
       222          0          0          0          0        100   ddiv.o
       186          0          0          0          0        176   depilogue.o
        50          0          0          0          0         76   dfixui.o
        34          0          0          0          0         76   dflti.o
        26          0          0          0          0         76   dfltui.o
       228          0          0          0          0         96   dmul.o

    ----------------------------------------------------------------------
      2752         76          0          4          4       2072   Library Totals
         6          0          0          0          4          0   (incl. Padding)

    ----------------------------------------------------------------------

      Code (inc. data)   RO Data    RW Data    ZI Data      Debug   Library Name

      1618         76          0          4          0       1256   mc_w.l
      1128          0          0          0          0        816   mf_w.l

    ----------------------------------------------------------------------
      2752         76          0          4          4       2072   Library Totals

    ----------------------------------------------------------------------

==============================================================================


      Code (inc. data)   RO Data    RW Data    ZI Data      Debug   

     30412       1860       1944         76      62396     361060   Grand Totals
     30412       1860       1944         76      62396     361060   ELF Image Totals
     30412       1860       1944         76          0          0   ROM Totals

==============================================================================

    Total RO  Size (Code + RO Data)                32356 (  31.60kB)
    Total RW  Size (RW Data + ZI Data)             62472 (  61.01kB)
    Total ROM Size (Code + RO Data + RW Data)      32432 (  31.67kB)

==============================================================================

