<!doctype html public "-//w3c//dtd html 4.0 transitional//en">
<html><head>
<title>Static Call Graph - [.\Output\GenPulseBox.axf]</title></head>
<body><HR>
<H1>Static Call Graph for image .\Output\GenPulseBox.axf</H1><HR>
<BR><P>#&#060CALLGRAPH&#062# ARM Linker, 5060750: Last Updated: Wed Dec 21 16:16:43 2022
<BR><P>
<H3>Maximum Stack Usage =        464 bytes + Unknown(Cycles, Untraceable Function Pointers)</H3><H3>
Call chain for Maximum Stack Depth:</H3>
main &rArr; ActionTouch &rArr; ActionTouchPageChangeProg &rArr; IsPopCoordinate &rArr; IsPushCoordinate &rArr; Read_Ads7846 &rArr; TP_GetAdXY &rArr; Read_Y &rArr; RD_AD &rArr; DelayUS
<P>
<H3>
Mutually Recursive functions
</H3> <LI><a href="#[1]">NMI_Handler</a>&nbsp;&nbsp;&nbsp;&rArr;&nbsp;&nbsp;&nbsp;<a href="#[1]">NMI_Handler</a><BR>
 <LI><a href="#[2]">HardFault_Handler</a>&nbsp;&nbsp;&nbsp;&rArr;&nbsp;&nbsp;&nbsp;<a href="#[2]">HardFault_Handler</a><BR>
 <LI><a href="#[3]">MemManage_Handler</a>&nbsp;&nbsp;&nbsp;&rArr;&nbsp;&nbsp;&nbsp;<a href="#[3]">MemManage_Handler</a><BR>
 <LI><a href="#[4]">BusFault_Handler</a>&nbsp;&nbsp;&nbsp;&rArr;&nbsp;&nbsp;&nbsp;<a href="#[4]">BusFault_Handler</a><BR>
 <LI><a href="#[5]">UsageFault_Handler</a>&nbsp;&nbsp;&nbsp;&rArr;&nbsp;&nbsp;&nbsp;<a href="#[5]">UsageFault_Handler</a><BR>
 <LI><a href="#[6]">SVC_Handler</a>&nbsp;&nbsp;&nbsp;&rArr;&nbsp;&nbsp;&nbsp;<a href="#[6]">SVC_Handler</a><BR>
 <LI><a href="#[7]">DebugMon_Handler</a>&nbsp;&nbsp;&nbsp;&rArr;&nbsp;&nbsp;&nbsp;<a href="#[7]">DebugMon_Handler</a><BR>
 <LI><a href="#[8]">PendSV_Handler</a>&nbsp;&nbsp;&nbsp;&rArr;&nbsp;&nbsp;&nbsp;<a href="#[8]">PendSV_Handler</a><BR>
 <LI><a href="#[9]">SysTick_Handler</a>&nbsp;&nbsp;&nbsp;&rArr;&nbsp;&nbsp;&nbsp;<a href="#[9]">SysTick_Handler</a><BR>
 <LI><a href="#[1c]">ADC_IRQHandler</a>&nbsp;&nbsp;&nbsp;&rArr;&nbsp;&nbsp;&nbsp;<a href="#[1c]">ADC_IRQHandler</a><BR>
</UL>
<P>
<H3>
Function Pointers
</H3><UL>
 <LI><a href="#[1c]">ADC_IRQHandler</a> from startup_stm32f4xx.o(.text) referenced from startup_stm32f4xx.o(RESET)
 <LI><a href="#[4]">BusFault_Handler</a> from startup_stm32f4xx.o(.text) referenced from startup_stm32f4xx.o(RESET)
 <LI><a href="#[1e]">CAN1_RX0_IRQHandler</a> from startup_stm32f4xx.o(.text) referenced from startup_stm32f4xx.o(RESET)
 <LI><a href="#[1f]">CAN1_RX1_IRQHandler</a> from startup_stm32f4xx.o(.text) referenced from startup_stm32f4xx.o(RESET)
 <LI><a href="#[20]">CAN1_SCE_IRQHandler</a> from startup_stm32f4xx.o(.text) referenced from startup_stm32f4xx.o(RESET)
 <LI><a href="#[1d]">CAN1_TX_IRQHandler</a> from startup_stm32f4xx.o(.text) referenced from startup_stm32f4xx.o(RESET)
 <LI><a href="#[4a]">CAN2_RX0_IRQHandler</a> from startup_stm32f4xx.o(.text) referenced from startup_stm32f4xx.o(RESET)
 <LI><a href="#[4b]">CAN2_RX1_IRQHandler</a> from startup_stm32f4xx.o(.text) referenced from startup_stm32f4xx.o(RESET)
 <LI><a href="#[4c]">CAN2_SCE_IRQHandler</a> from startup_stm32f4xx.o(.text) referenced from startup_stm32f4xx.o(RESET)
 <LI><a href="#[49]">CAN2_TX_IRQHandler</a> from startup_stm32f4xx.o(.text) referenced from startup_stm32f4xx.o(RESET)
 <LI><a href="#[59]">CRYP_IRQHandler</a> from startup_stm32f4xx.o(.text) referenced from startup_stm32f4xx.o(RESET)
 <LI><a href="#[58]">DCMI_IRQHandler</a> from startup_stm32f4xx.o(.text) referenced from startup_stm32f4xx.o(RESET)
 <LI><a href="#[15]">DMA1_Stream0_IRQHandler</a> from timer.o(.text) referenced from startup_stm32f4xx.o(RESET)
 <LI><a href="#[16]">DMA1_Stream1_IRQHandler</a> from timer.o(.text) referenced from startup_stm32f4xx.o(RESET)
 <LI><a href="#[17]">DMA1_Stream2_IRQHandler</a> from startup_stm32f4xx.o(.text) referenced from startup_stm32f4xx.o(RESET)
 <LI><a href="#[18]">DMA1_Stream3_IRQHandler</a> from startup_stm32f4xx.o(.text) referenced from startup_stm32f4xx.o(RESET)
 <LI><a href="#[19]">DMA1_Stream4_IRQHandler</a> from startup_stm32f4xx.o(.text) referenced from startup_stm32f4xx.o(RESET)
 <LI><a href="#[1a]">DMA1_Stream5_IRQHandler</a> from startup_stm32f4xx.o(.text) referenced from startup_stm32f4xx.o(RESET)
 <LI><a href="#[1b]">DMA1_Stream6_IRQHandler</a> from update.o(.text) referenced from startup_stm32f4xx.o(RESET)
 <LI><a href="#[39]">DMA1_Stream7_IRQHandler</a> from startup_stm32f4xx.o(.text) referenced from startup_stm32f4xx.o(RESET)
 <LI><a href="#[42]">DMA2_Stream0_IRQHandler</a> from startup_stm32f4xx.o(.text) referenced from startup_stm32f4xx.o(RESET)
 <LI><a href="#[43]">DMA2_Stream1_IRQHandler</a> from startup_stm32f4xx.o(.text) referenced from startup_stm32f4xx.o(RESET)
 <LI><a href="#[44]">DMA2_Stream2_IRQHandler</a> from startup_stm32f4xx.o(.text) referenced from startup_stm32f4xx.o(RESET)
 <LI><a href="#[45]">DMA2_Stream3_IRQHandler</a> from startup_stm32f4xx.o(.text) referenced from startup_stm32f4xx.o(RESET)
 <LI><a href="#[46]">DMA2_Stream4_IRQHandler</a> from startup_stm32f4xx.o(.text) referenced from startup_stm32f4xx.o(RESET)
 <LI><a href="#[4e]">DMA2_Stream5_IRQHandler</a> from startup_stm32f4xx.o(.text) referenced from startup_stm32f4xx.o(RESET)
 <LI><a href="#[4f]">DMA2_Stream6_IRQHandler</a> from startup_stm32f4xx.o(.text) referenced from startup_stm32f4xx.o(RESET)
 <LI><a href="#[50]">DMA2_Stream7_IRQHandler</a> from startup_stm32f4xx.o(.text) referenced from startup_stm32f4xx.o(RESET)
 <LI><a href="#[7]">DebugMon_Handler</a> from startup_stm32f4xx.o(.text) referenced from startup_stm32f4xx.o(RESET)
 <LI><a href="#[47]">ETH_IRQHandler</a> from startup_stm32f4xx.o(.text) referenced from startup_stm32f4xx.o(RESET)
 <LI><a href="#[48]">ETH_WKUP_IRQHandler</a> from startup_stm32f4xx.o(.text) referenced from startup_stm32f4xx.o(RESET)
 <LI><a href="#[10]">EXTI0_IRQHandler</a> from startup_stm32f4xx.o(.text) referenced from startup_stm32f4xx.o(RESET)
 <LI><a href="#[32]">EXTI15_10_IRQHandler</a> from startup_stm32f4xx.o(.text) referenced from startup_stm32f4xx.o(RESET)
 <LI><a href="#[11]">EXTI1_IRQHandler</a> from startup_stm32f4xx.o(.text) referenced from startup_stm32f4xx.o(RESET)
 <LI><a href="#[12]">EXTI2_IRQHandler</a> from startup_stm32f4xx.o(.text) referenced from startup_stm32f4xx.o(RESET)
 <LI><a href="#[13]">EXTI3_IRQHandler</a> from startup_stm32f4xx.o(.text) referenced from startup_stm32f4xx.o(RESET)
 <LI><a href="#[14]">EXTI4_IRQHandler</a> from startup_stm32f4xx.o(.text) referenced from startup_stm32f4xx.o(RESET)
 <LI><a href="#[21]">EXTI9_5_IRQHandler</a> from startup_stm32f4xx.o(.text) referenced from startup_stm32f4xx.o(RESET)
 <LI><a href="#[e]">FLASH_IRQHandler</a> from startup_stm32f4xx.o(.text) referenced from startup_stm32f4xx.o(RESET)
 <LI><a href="#[5b]">FPU_IRQHandler</a> from startup_stm32f4xx.o(.text) referenced from startup_stm32f4xx.o(RESET)
 <LI><a href="#[3a]">FSMC_IRQHandler</a> from startup_stm32f4xx.o(.text) referenced from startup_stm32f4xx.o(RESET)
 <LI><a href="#[5a]">HASH_RNG_IRQHandler</a> from startup_stm32f4xx.o(.text) referenced from startup_stm32f4xx.o(RESET)
 <LI><a href="#[2]">HardFault_Handler</a> from startup_stm32f4xx.o(.text) referenced from startup_stm32f4xx.o(RESET)
 <LI><a href="#[2a]">I2C1_ER_IRQHandler</a> from startup_stm32f4xx.o(.text) referenced from startup_stm32f4xx.o(RESET)
 <LI><a href="#[29]">I2C1_EV_IRQHandler</a> from startup_stm32f4xx.o(.text) referenced from startup_stm32f4xx.o(RESET)
 <LI><a href="#[2c]">I2C2_ER_IRQHandler</a> from startup_stm32f4xx.o(.text) referenced from startup_stm32f4xx.o(RESET)
 <LI><a href="#[2b]">I2C2_EV_IRQHandler</a> from startup_stm32f4xx.o(.text) referenced from startup_stm32f4xx.o(RESET)
 <LI><a href="#[53]">I2C3_ER_IRQHandler</a> from startup_stm32f4xx.o(.text) referenced from startup_stm32f4xx.o(RESET)
 <LI><a href="#[52]">I2C3_EV_IRQHandler</a> from startup_stm32f4xx.o(.text) referenced from startup_stm32f4xx.o(RESET)
 <LI><a href="#[3]">MemManage_Handler</a> from startup_stm32f4xx.o(.text) referenced from startup_stm32f4xx.o(RESET)
 <LI><a href="#[1]">NMI_Handler</a> from startup_stm32f4xx.o(.text) referenced from startup_stm32f4xx.o(RESET)
 <LI><a href="#[4d]">OTG_FS_IRQHandler</a> from startup_stm32f4xx.o(.text) referenced from startup_stm32f4xx.o(RESET)
 <LI><a href="#[34]">OTG_FS_WKUP_IRQHandler</a> from startup_stm32f4xx.o(.text) referenced from startup_stm32f4xx.o(RESET)
 <LI><a href="#[55]">OTG_HS_EP1_IN_IRQHandler</a> from startup_stm32f4xx.o(.text) referenced from startup_stm32f4xx.o(RESET)
 <LI><a href="#[54]">OTG_HS_EP1_OUT_IRQHandler</a> from startup_stm32f4xx.o(.text) referenced from startup_stm32f4xx.o(RESET)
 <LI><a href="#[57]">OTG_HS_IRQHandler</a> from startup_stm32f4xx.o(.text) referenced from startup_stm32f4xx.o(RESET)
 <LI><a href="#[56]">OTG_HS_WKUP_IRQHandler</a> from startup_stm32f4xx.o(.text) referenced from startup_stm32f4xx.o(RESET)
 <LI><a href="#[b]">PVD_IRQHandler</a> from startup_stm32f4xx.o(.text) referenced from startup_stm32f4xx.o(RESET)
 <LI><a href="#[8]">PendSV_Handler</a> from startup_stm32f4xx.o(.text) referenced from startup_stm32f4xx.o(RESET)
 <LI><a href="#[f]">RCC_IRQHandler</a> from startup_stm32f4xx.o(.text) referenced from startup_stm32f4xx.o(RESET)
 <LI><a href="#[33]">RTC_Alarm_IRQHandler</a> from startup_stm32f4xx.o(.text) referenced from startup_stm32f4xx.o(RESET)
 <LI><a href="#[d]">RTC_WKUP_IRQHandler</a> from startup_stm32f4xx.o(.text) referenced from startup_stm32f4xx.o(RESET)
 <LI><a href="#[0]">Reset_Handler</a> from startup_stm32f4xx.o(.text) referenced from startup_stm32f4xx.o(RESET)
 <LI><a href="#[3b]">SDIO_IRQHandler</a> from startup_stm32f4xx.o(.text) referenced from startup_stm32f4xx.o(RESET)
 <LI><a href="#[2d]">SPI1_IRQHandler</a> from startup_stm32f4xx.o(.text) referenced from startup_stm32f4xx.o(RESET)
 <LI><a href="#[2e]">SPI2_IRQHandler</a> from startup_stm32f4xx.o(.text) referenced from startup_stm32f4xx.o(RESET)
 <LI><a href="#[3d]">SPI3_IRQHandler</a> from startup_stm32f4xx.o(.text) referenced from startup_stm32f4xx.o(RESET)
 <LI><a href="#[6]">SVC_Handler</a> from startup_stm32f4xx.o(.text) referenced from startup_stm32f4xx.o(RESET)
 <LI><a href="#[9]">SysTick_Handler</a> from startup_stm32f4xx.o(.text) referenced from startup_stm32f4xx.o(RESET)
 <LI><a href="#[5d]">SystemInit</a> from system_stm32f4xx.o(.text) referenced from startup_stm32f4xx.o(.text)
 <LI><a href="#[c]">TAMP_STAMP_IRQHandler</a> from startup_stm32f4xx.o(.text) referenced from startup_stm32f4xx.o(RESET)
 <LI><a href="#[22]">TIM1_BRK_TIM9_IRQHandler</a> from startup_stm32f4xx.o(.text) referenced from startup_stm32f4xx.o(RESET)
 <LI><a href="#[25]">TIM1_CC_IRQHandler</a> from startup_stm32f4xx.o(.text) referenced from startup_stm32f4xx.o(RESET)
 <LI><a href="#[24]">TIM1_TRG_COM_TIM11_IRQHandler</a> from startup_stm32f4xx.o(.text) referenced from startup_stm32f4xx.o(RESET)
 <LI><a href="#[23]">TIM1_UP_TIM10_IRQHandler</a> from timer.o(.text) referenced from startup_stm32f4xx.o(RESET)
 <LI><a href="#[26]">TIM2_IRQHandler</a> from startup_stm32f4xx.o(.text) referenced from startup_stm32f4xx.o(RESET)
 <LI><a href="#[27]">TIM3_IRQHandler</a> from startup_stm32f4xx.o(.text) referenced from startup_stm32f4xx.o(RESET)
 <LI><a href="#[28]">TIM4_IRQHandler</a> from timer.o(.text) referenced from startup_stm32f4xx.o(RESET)
 <LI><a href="#[3c]">TIM5_IRQHandler</a> from startup_stm32f4xx.o(.text) referenced from startup_stm32f4xx.o(RESET)
 <LI><a href="#[40]">TIM6_DAC_IRQHandler</a> from update.o(.text) referenced from startup_stm32f4xx.o(RESET)
 <LI><a href="#[41]">TIM7_IRQHandler</a> from update.o(.text) referenced from startup_stm32f4xx.o(RESET)
 <LI><a href="#[35]">TIM8_BRK_TIM12_IRQHandler</a> from startup_stm32f4xx.o(.text) referenced from startup_stm32f4xx.o(RESET)
 <LI><a href="#[38]">TIM8_CC_IRQHandler</a> from startup_stm32f4xx.o(.text) referenced from startup_stm32f4xx.o(RESET)
 <LI><a href="#[37]">TIM8_TRG_COM_TIM14_IRQHandler</a> from startup_stm32f4xx.o(.text) referenced from startup_stm32f4xx.o(RESET)
 <LI><a href="#[36]">TIM8_UP_TIM13_IRQHandler</a> from timer.o(.text) referenced from startup_stm32f4xx.o(RESET)
 <LI><a href="#[3e]">UART4_IRQHandler</a> from startup_stm32f4xx.o(.text) referenced from startup_stm32f4xx.o(RESET)
 <LI><a href="#[3f]">UART5_IRQHandler</a> from startup_stm32f4xx.o(.text) referenced from startup_stm32f4xx.o(RESET)
 <LI><a href="#[2f]">USART1_IRQHandler</a> from debug.o(.text) referenced from startup_stm32f4xx.o(RESET)
 <LI><a href="#[30]">USART2_IRQHandler</a> from update.o(.text) referenced from startup_stm32f4xx.o(RESET)
 <LI><a href="#[31]">USART3_IRQHandler</a> from startup_stm32f4xx.o(.text) referenced from startup_stm32f4xx.o(RESET)
 <LI><a href="#[51]">USART6_IRQHandler</a> from startup_stm32f4xx.o(.text) referenced from startup_stm32f4xx.o(RESET)
 <LI><a href="#[5]">UsageFault_Handler</a> from startup_stm32f4xx.o(.text) referenced from startup_stm32f4xx.o(RESET)
 <LI><a href="#[a]">WWDG_IRQHandler</a> from startup_stm32f4xx.o(.text) referenced from startup_stm32f4xx.o(RESET)
 <LI><a href="#[5e]">__main</a> from entry.o(.ARM.Collect$$$$00000000) referenced from startup_stm32f4xx.o(.text)
 <LI><a href="#[60]">_sputc</a> from printf8.o(i._sputc) referenced from printf8.o(i.__0sprintf$8)
 <LI><a href="#[5f]">fputc</a> from debug.o(.text) referenced from printf8.o(i.__0printf$8)
 <LI><a href="#[5c]">main</a> from main.o(.text) referenced from entry9a.o(.ARM.Collect$$$$0000000B)
</UL>
<P>
<H3>
Global Symbols
</H3>
<P><STRONG><a name="[5e]"></a>__main</STRONG> (Thumb, 0 bytes, Stack size unknown bytes, entry.o(.ARM.Collect$$$$00000000))
<BR>[Address Reference Count : 1]<UL><LI> startup_stm32f4xx.o(.text)
</UL>
<P><STRONG><a name="[10d]"></a>_main_stk</STRONG> (Thumb, 0 bytes, Stack size unknown bytes, entry2.o(.ARM.Collect$$$$00000001))

<P><STRONG><a name="[61]"></a>_main_scatterload</STRONG> (Thumb, 0 bytes, Stack size unknown bytes, entry5.o(.ARM.Collect$$$$00000004))
<BR><BR>[Calls]<UL><LI><a href="#[62]">&gt;&gt;</a>&nbsp;&nbsp;&nbsp;__scatterload
</UL>

<P><STRONG><a name="[107]"></a>__main_after_scatterload</STRONG> (Thumb, 0 bytes, Stack size unknown bytes, entry5.o(.ARM.Collect$$$$00000004))
<BR><BR>[Called By]<UL><LI><a href="#[62]">&gt;&gt;</a>&nbsp;&nbsp;&nbsp;__scatterload
</UL>

<P><STRONG><a name="[10e]"></a>_main_clock</STRONG> (Thumb, 0 bytes, Stack size unknown bytes, entry7b.o(.ARM.Collect$$$$00000008))

<P><STRONG><a name="[10f]"></a>_main_cpp_init</STRONG> (Thumb, 0 bytes, Stack size unknown bytes, entry8b.o(.ARM.Collect$$$$0000000A))

<P><STRONG><a name="[110]"></a>_main_init</STRONG> (Thumb, 0 bytes, Stack size unknown bytes, entry9a.o(.ARM.Collect$$$$0000000B))

<P><STRONG><a name="[111]"></a>__rt_final_cpp</STRONG> (Thumb, 0 bytes, Stack size unknown bytes, entry10a.o(.ARM.Collect$$$$0000000D))

<P><STRONG><a name="[112]"></a>__rt_final_exit</STRONG> (Thumb, 0 bytes, Stack size unknown bytes, entry11a.o(.ARM.Collect$$$$0000000F))

<P><STRONG><a name="[5c]"></a>main</STRONG> (Thumb, 332 bytes, Stack size 216 bytes, main.o(.text))
<BR><BR>[Stack]<UL><LI>Max Depth = 464<LI>Call Chain = main &rArr; ActionTouch &rArr; ActionTouchPageChangeProg &rArr; IsPopCoordinate &rArr; IsPushCoordinate &rArr; Read_Ads7846 &rArr; TP_GetAdXY &rArr; Read_Y &rArr; RD_AD &rArr; DelayUS
</UL>
<BR>[Calls]<UL><LI><a href="#[68]">&gt;&gt;</a>&nbsp;&nbsp;&nbsp;update_init
<LI><a href="#[79]">&gt;&gt;</a>&nbsp;&nbsp;&nbsp;setting_save
<LI><a href="#[66]">&gt;&gt;</a>&nbsp;&nbsp;&nbsp;setting_init
<LI><a href="#[63]">&gt;&gt;</a>&nbsp;&nbsp;&nbsp;rcc_init
<LI><a href="#[7a]">&gt;&gt;</a>&nbsp;&nbsp;&nbsp;parseQueryUpdate
<LI><a href="#[64]">&gt;&gt;</a>&nbsp;&nbsp;&nbsp;leds_init
<LI><a href="#[7b]">&gt;&gt;</a>&nbsp;&nbsp;&nbsp;led_control
<LI><a href="#[6f]">&gt;&gt;</a>&nbsp;&nbsp;&nbsp;led_blink_on_device
<LI><a href="#[74]">&gt;&gt;</a>&nbsp;&nbsp;&nbsp;getDisplayPoint
<LI><a href="#[65]">&gt;&gt;</a>&nbsp;&nbsp;&nbsp;debug_init
<LI><a href="#[67]">&gt;&gt;</a>&nbsp;&nbsp;&nbsp;button_init
<LI><a href="#[72]">&gt;&gt;</a>&nbsp;&nbsp;&nbsp;TouchPanel_SettCalibrate
<LI><a href="#[70]">&gt;&gt;</a>&nbsp;&nbsp;&nbsp;TouchPanel_Calibrate
<LI><a href="#[76]">&gt;&gt;</a>&nbsp;&nbsp;&nbsp;Timers_Update
<LI><a href="#[69]">&gt;&gt;</a>&nbsp;&nbsp;&nbsp;TP_Init
<LI><a href="#[77]">&gt;&gt;</a>&nbsp;&nbsp;&nbsp;TP_DrawPoint
<LI><a href="#[73]">&gt;&gt;</a>&nbsp;&nbsp;&nbsp;Read_Ads7846
<LI><a href="#[6e]">&gt;&gt;</a>&nbsp;&nbsp;&nbsp;Menu_Init
<LI><a href="#[75]">&gt;&gt;</a>&nbsp;&nbsp;&nbsp;MenuRedraw
<LI><a href="#[6a]">&gt;&gt;</a>&nbsp;&nbsp;&nbsp;LCD_Initializtion
<LI><a href="#[6b]">&gt;&gt;</a>&nbsp;&nbsp;&nbsp;LCD_Clear
<LI><a href="#[6c]">&gt;&gt;</a>&nbsp;&nbsp;&nbsp;GUI_Text
<LI><a href="#[78]">&gt;&gt;</a>&nbsp;&nbsp;&nbsp;ActionTouch
<LI><a href="#[6d]">&gt;&gt;</a>&nbsp;&nbsp;&nbsp;__2sprintf
<LI><a href="#[71]">&gt;&gt;</a>&nbsp;&nbsp;&nbsp;__2printf
</UL>
<BR>[Address Reference Count : 1]<UL><LI> entry9a.o(.ARM.Collect$$$$0000000B)
</UL>
<P><STRONG><a name="[82]"></a>delay_ms</STRONG> (Thumb, 28 bytes, Stack size 0 bytes, lcd.o(.text))
<BR><BR>[Called By]<UL><LI><a href="#[6a]">&gt;&gt;</a>&nbsp;&nbsp;&nbsp;LCD_Initializtion
</UL>

<P><STRONG><a name="[113]"></a>LCD_WriteData</STRONG> (Thumb, 6 bytes, Stack size 0 bytes, lcd.o(.text), UNUSED)

<P><STRONG><a name="[114]"></a>LCD_WriteIndex</STRONG> (Thumb, 8 bytes, Stack size 0 bytes, lcd.o(.text), UNUSED)

<P><STRONG><a name="[84]"></a>LCD_WriteReg</STRONG> (Thumb, 12 bytes, Stack size 0 bytes, lcd.o(.text))
<BR><BR>[Called By]<UL><LI><a href="#[87]">&gt;&gt;</a>&nbsp;&nbsp;&nbsp;LCD_SetPoint
<LI><a href="#[85]">&gt;&gt;</a>&nbsp;&nbsp;&nbsp;LCD_SetCursor
<LI><a href="#[6a]">&gt;&gt;</a>&nbsp;&nbsp;&nbsp;LCD_Initializtion
<LI><a href="#[6b]">&gt;&gt;</a>&nbsp;&nbsp;&nbsp;LCD_Clear
</UL>

<P><STRONG><a name="[115]"></a>LCD_ReadData</STRONG> (Thumb, 6 bytes, Stack size 0 bytes, lcd.o(.text), UNUSED)

<P><STRONG><a name="[83]"></a>LCD_ReadReg</STRONG> (Thumb, 12 bytes, Stack size 0 bytes, lcd.o(.text))
<BR><BR>[Called By]<UL><LI><a href="#[6a]">&gt;&gt;</a>&nbsp;&nbsp;&nbsp;LCD_Initializtion
</UL>

<P><STRONG><a name="[6a]"></a>LCD_Initializtion</STRONG> (Thumb, 5662 bytes, Stack size 40 bytes, lcd.o(.text))
<BR><BR>[Stack]<UL><LI>Max Depth = 144<LI>Call Chain = LCD_Initializtion &rArr; LCD_FSMCConfig &rArr; FSMC_NORSRAMInit
</UL>
<BR>[Calls]<UL><LI><a href="#[83]">&gt;&gt;</a>&nbsp;&nbsp;&nbsp;LCD_ReadReg
<LI><a href="#[84]">&gt;&gt;</a>&nbsp;&nbsp;&nbsp;LCD_WriteReg
<LI><a href="#[82]">&gt;&gt;</a>&nbsp;&nbsp;&nbsp;delay_ms
<LI><a href="#[81]">&gt;&gt;</a>&nbsp;&nbsp;&nbsp;LCD_FSMCConfig
<LI><a href="#[7c]">&gt;&gt;</a>&nbsp;&nbsp;&nbsp;LCD_CtrlLinesConfig
<LI><a href="#[71]">&gt;&gt;</a>&nbsp;&nbsp;&nbsp;__2printf
</UL>
<BR>[Called By]<UL><LI><a href="#[5c]">&gt;&gt;</a>&nbsp;&nbsp;&nbsp;main
</UL>

<P><STRONG><a name="[6b]"></a>LCD_Clear</STRONG> (Thumb, 116 bytes, Stack size 16 bytes, lcd.o(.text))
<BR><BR>[Stack]<UL><LI>Max Depth = 20<LI>Call Chain = LCD_Clear &rArr; LCD_SetCursor
</UL>
<BR>[Calls]<UL><LI><a href="#[84]">&gt;&gt;</a>&nbsp;&nbsp;&nbsp;LCD_WriteReg
<LI><a href="#[85]">&gt;&gt;</a>&nbsp;&nbsp;&nbsp;LCD_SetCursor
</UL>
<BR>[Called By]<UL><LI><a href="#[ea]">&gt;&gt;</a>&nbsp;&nbsp;&nbsp;ActionTouchPageChangeProg
<LI><a href="#[e4]">&gt;&gt;</a>&nbsp;&nbsp;&nbsp;ActionTouchModal
<LI><a href="#[e1]">&gt;&gt;</a>&nbsp;&nbsp;&nbsp;ActionTouchPagePaint
<LI><a href="#[c5]">&gt;&gt;</a>&nbsp;&nbsp;&nbsp;SaveYesDraw
<LI><a href="#[72]">&gt;&gt;</a>&nbsp;&nbsp;&nbsp;TouchPanel_SettCalibrate
<LI><a href="#[70]">&gt;&gt;</a>&nbsp;&nbsp;&nbsp;TouchPanel_Calibrate
<LI><a href="#[78]">&gt;&gt;</a>&nbsp;&nbsp;&nbsp;ActionTouch
<LI><a href="#[5c]">&gt;&gt;</a>&nbsp;&nbsp;&nbsp;main
</UL>

<P><STRONG><a name="[86]"></a>LCD_GetPoint</STRONG> (Thumb, 94 bytes, Stack size 8 bytes, lcd.o(.text), UNUSED)
<BR><BR>[Calls]<UL><LI><a href="#[85]">&gt;&gt;</a>&nbsp;&nbsp;&nbsp;LCD_SetCursor
</UL>

<P><STRONG><a name="[87]"></a>LCD_SetPoint</STRONG> (Thumb, 32 bytes, Stack size 8 bytes, lcd.o(.text))
<BR><BR>[Stack]<UL><LI>Max Depth = 12<LI>Call Chain = LCD_SetPoint &rArr; LCD_SetCursor
</UL>
<BR>[Calls]<UL><LI><a href="#[84]">&gt;&gt;</a>&nbsp;&nbsp;&nbsp;LCD_WriteReg
<LI><a href="#[85]">&gt;&gt;</a>&nbsp;&nbsp;&nbsp;LCD_SetCursor
</UL>
<BR>[Called By]<UL><LI><a href="#[b6]">&gt;&gt;</a>&nbsp;&nbsp;&nbsp;CircleDraw
<LI><a href="#[b4]">&gt;&gt;</a>&nbsp;&nbsp;&nbsp;RectDraw
<LI><a href="#[8a]">&gt;&gt;</a>&nbsp;&nbsp;&nbsp;PutChar
<LI><a href="#[89]">&gt;&gt;</a>&nbsp;&nbsp;&nbsp;LCD_DrawLine
<LI><a href="#[88]">&gt;&gt;</a>&nbsp;&nbsp;&nbsp;LCD_DrawPicture
<LI><a href="#[77]">&gt;&gt;</a>&nbsp;&nbsp;&nbsp;TP_DrawPoint
</UL>

<P><STRONG><a name="[88]"></a>LCD_DrawPicture</STRONG> (Thumb, 52 bytes, Stack size 32 bytes, lcd.o(.text), UNUSED)
<BR><BR>[Calls]<UL><LI><a href="#[87]">&gt;&gt;</a>&nbsp;&nbsp;&nbsp;LCD_SetPoint
</UL>

<P><STRONG><a name="[89]"></a>LCD_DrawLine</STRONG> (Thumb, 218 bytes, Stack size 32 bytes, lcd.o(.text))
<BR><BR>[Stack]<UL><LI>Max Depth = 44<LI>Call Chain = LCD_DrawLine &rArr; LCD_SetPoint &rArr; LCD_SetCursor
</UL>
<BR>[Calls]<UL><LI><a href="#[87]">&gt;&gt;</a>&nbsp;&nbsp;&nbsp;LCD_SetPoint
</UL>
<BR>[Called By]<UL><LI><a href="#[9e]">&gt;&gt;</a>&nbsp;&nbsp;&nbsp;DrawCross
</UL>

<P><STRONG><a name="[8a]"></a>PutChar</STRONG> (Thumb, 82 bytes, Stack size 56 bytes, lcd.o(.text))
<BR><BR>[Stack]<UL><LI>Max Depth = 68<LI>Call Chain = PutChar &rArr; LCD_SetPoint &rArr; LCD_SetCursor
</UL>
<BR>[Calls]<UL><LI><a href="#[8b]">&gt;&gt;</a>&nbsp;&nbsp;&nbsp;GetASCIICode
<LI><a href="#[87]">&gt;&gt;</a>&nbsp;&nbsp;&nbsp;LCD_SetPoint
</UL>
<BR>[Called By]<UL><LI><a href="#[6c]">&gt;&gt;</a>&nbsp;&nbsp;&nbsp;GUI_Text
</UL>

<P><STRONG><a name="[6c]"></a>GUI_Text</STRONG> (Thumb, 78 bytes, Stack size 32 bytes, lcd.o(.text))
<BR><BR>[Stack]<UL><LI>Max Depth = 100<LI>Call Chain = GUI_Text &rArr; PutChar &rArr; LCD_SetPoint &rArr; LCD_SetCursor
</UL>
<BR>[Calls]<UL><LI><a href="#[8a]">&gt;&gt;</a>&nbsp;&nbsp;&nbsp;PutChar
</UL>
<BR>[Called By]<UL><LI><a href="#[c5]">&gt;&gt;</a>&nbsp;&nbsp;&nbsp;SaveYesDraw
<LI><a href="#[c4]">&gt;&gt;</a>&nbsp;&nbsp;&nbsp;PageProgDraw
<LI><a href="#[c3]">&gt;&gt;</a>&nbsp;&nbsp;&nbsp;PulseChangeDrawModal
<LI><a href="#[c2]">&gt;&gt;</a>&nbsp;&nbsp;&nbsp;PulseChangeDrawModalValue
<LI><a href="#[c1]">&gt;&gt;</a>&nbsp;&nbsp;&nbsp;PaintPage
<LI><a href="#[c0]">&gt;&gt;</a>&nbsp;&nbsp;&nbsp;TablePeriodDraw
<LI><a href="#[bf]">&gt;&gt;</a>&nbsp;&nbsp;&nbsp;TablePulseCheckDraw
<LI><a href="#[be]">&gt;&gt;</a>&nbsp;&nbsp;&nbsp;TableAPOODraw
<LI><a href="#[bd]">&gt;&gt;</a>&nbsp;&nbsp;&nbsp;TableDPBDraw
<LI><a href="#[b8]">&gt;&gt;</a>&nbsp;&nbsp;&nbsp;NaviPageButtonDraw
<LI><a href="#[b7]">&gt;&gt;</a>&nbsp;&nbsp;&nbsp;RightButtonDraw
<LI><a href="#[b5]">&gt;&gt;</a>&nbsp;&nbsp;&nbsp;ModalDraw
<LI><a href="#[70]">&gt;&gt;</a>&nbsp;&nbsp;&nbsp;TouchPanel_Calibrate
<LI><a href="#[75]">&gt;&gt;</a>&nbsp;&nbsp;&nbsp;MenuRedraw
<LI><a href="#[5c]">&gt;&gt;</a>&nbsp;&nbsp;&nbsp;main
</UL>

<P><STRONG><a name="[116]"></a>Prepare_Write_RAM</STRONG> (Thumb, 10 bytes, Stack size 0 bytes, lcd.o(.text), UNUSED)

<P><STRONG><a name="[8b]"></a>GetASCIICode</STRONG> (Thumb, 16 bytes, Stack size 0 bytes, asciilib.o(.text))
<BR><BR>[Calls]<UL><LI><a href="#[8e]">&gt;&gt;</a>&nbsp;&nbsp;&nbsp;__aeabi_memcpy
</UL>
<BR>[Called By]<UL><LI><a href="#[8a]">&gt;&gt;</a>&nbsp;&nbsp;&nbsp;PutChar
</UL>

<P><STRONG><a name="[69]"></a>TP_Init</STRONG> (Thumb, 284 bytes, Stack size 56 bytes, touchpanel.o(.text))
<BR><BR>[Stack]<UL><LI>Max Depth = 80<LI>Call Chain = TP_Init &rArr; __2printf
</UL>
<BR>[Calls]<UL><LI><a href="#[92]">&gt;&gt;</a>&nbsp;&nbsp;&nbsp;SPI_Init
<LI><a href="#[91]">&gt;&gt;</a>&nbsp;&nbsp;&nbsp;SPI_I2S_DeInit
<LI><a href="#[93]">&gt;&gt;</a>&nbsp;&nbsp;&nbsp;SPI_Cmd
<LI><a href="#[8f]">&gt;&gt;</a>&nbsp;&nbsp;&nbsp;RCC_APB1PeriphClockCmd
<LI><a href="#[90]">&gt;&gt;</a>&nbsp;&nbsp;&nbsp;GPIO_SetBits
<LI><a href="#[7d]">&gt;&gt;</a>&nbsp;&nbsp;&nbsp;RCC_AHB1PeriphClockCmd
<LI><a href="#[7f]">&gt;&gt;</a>&nbsp;&nbsp;&nbsp;GPIO_PinAFConfig
<LI><a href="#[80]">&gt;&gt;</a>&nbsp;&nbsp;&nbsp;GPIO_Init
<LI><a href="#[71]">&gt;&gt;</a>&nbsp;&nbsp;&nbsp;__2printf
</UL>
<BR>[Called By]<UL><LI><a href="#[5c]">&gt;&gt;</a>&nbsp;&nbsp;&nbsp;main
</UL>

<P><STRONG><a name="[99]"></a>Read_X</STRONG> (Thumb, 48 bytes, Stack size 16 bytes, touchpanel.o(.text))
<BR><BR>[Stack]<UL><LI>Max Depth = 40<LI>Call Chain = Read_X &rArr; RD_AD &rArr; DelayUS
</UL>
<BR>[Calls]<UL><LI><a href="#[90]">&gt;&gt;</a>&nbsp;&nbsp;&nbsp;GPIO_SetBits
<LI><a href="#[9a]">&gt;&gt;</a>&nbsp;&nbsp;&nbsp;GPIO_ResetBits
<LI><a href="#[9b]">&gt;&gt;</a>&nbsp;&nbsp;&nbsp;WR_CMD
<LI><a href="#[98]">&gt;&gt;</a>&nbsp;&nbsp;&nbsp;DelayUS
<LI><a href="#[94]">&gt;&gt;</a>&nbsp;&nbsp;&nbsp;RD_AD
</UL>
<BR>[Called By]<UL><LI><a href="#[9d]">&gt;&gt;</a>&nbsp;&nbsp;&nbsp;TP_GetAdXY
</UL>

<P><STRONG><a name="[9c]"></a>Read_Y</STRONG> (Thumb, 48 bytes, Stack size 16 bytes, touchpanel.o(.text))
<BR><BR>[Stack]<UL><LI>Max Depth = 40<LI>Call Chain = Read_Y &rArr; RD_AD &rArr; DelayUS
</UL>
<BR>[Calls]<UL><LI><a href="#[90]">&gt;&gt;</a>&nbsp;&nbsp;&nbsp;GPIO_SetBits
<LI><a href="#[9a]">&gt;&gt;</a>&nbsp;&nbsp;&nbsp;GPIO_ResetBits
<LI><a href="#[9b]">&gt;&gt;</a>&nbsp;&nbsp;&nbsp;WR_CMD
<LI><a href="#[98]">&gt;&gt;</a>&nbsp;&nbsp;&nbsp;DelayUS
<LI><a href="#[94]">&gt;&gt;</a>&nbsp;&nbsp;&nbsp;RD_AD
</UL>
<BR>[Called By]<UL><LI><a href="#[9d]">&gt;&gt;</a>&nbsp;&nbsp;&nbsp;TP_GetAdXY
</UL>

<P><STRONG><a name="[9d]"></a>TP_GetAdXY</STRONG> (Thumb, 28 bytes, Stack size 16 bytes, touchpanel.o(.text))
<BR><BR>[Stack]<UL><LI>Max Depth = 56<LI>Call Chain = TP_GetAdXY &rArr; Read_Y &rArr; RD_AD &rArr; DelayUS
</UL>
<BR>[Calls]<UL><LI><a href="#[9c]">&gt;&gt;</a>&nbsp;&nbsp;&nbsp;Read_Y
<LI><a href="#[99]">&gt;&gt;</a>&nbsp;&nbsp;&nbsp;Read_X
<LI><a href="#[98]">&gt;&gt;</a>&nbsp;&nbsp;&nbsp;DelayUS
</UL>
<BR>[Called By]<UL><LI><a href="#[73]">&gt;&gt;</a>&nbsp;&nbsp;&nbsp;Read_Ads7846
</UL>

<P><STRONG><a name="[77]"></a>TP_DrawPoint</STRONG> (Thumb, 52 bytes, Stack size 24 bytes, touchpanel.o(.text))
<BR><BR>[Stack]<UL><LI>Max Depth = 36<LI>Call Chain = TP_DrawPoint &rArr; LCD_SetPoint &rArr; LCD_SetCursor
</UL>
<BR>[Calls]<UL><LI><a href="#[87]">&gt;&gt;</a>&nbsp;&nbsp;&nbsp;LCD_SetPoint
</UL>
<BR>[Called By]<UL><LI><a href="#[5c]">&gt;&gt;</a>&nbsp;&nbsp;&nbsp;main
</UL>

<P><STRONG><a name="[9e]"></a>DrawCross</STRONG> (Thumb, 256 bytes, Stack size 48 bytes, touchpanel.o(.text))
<BR><BR>[Stack]<UL><LI>Max Depth = 92<LI>Call Chain = DrawCross &rArr; LCD_DrawLine &rArr; LCD_SetPoint &rArr; LCD_SetCursor
</UL>
<BR>[Calls]<UL><LI><a href="#[89]">&gt;&gt;</a>&nbsp;&nbsp;&nbsp;LCD_DrawLine
</UL>
<BR>[Called By]<UL><LI><a href="#[70]">&gt;&gt;</a>&nbsp;&nbsp;&nbsp;TouchPanel_Calibrate
</UL>

<P><STRONG><a name="[73]"></a>Read_Ads7846</STRONG> (Thumb, 336 bytes, Stack size 104 bytes, touchpanel.o(.text))
<BR><BR>[Stack]<UL><LI>Max Depth = 160<LI>Call Chain = Read_Ads7846 &rArr; TP_GetAdXY &rArr; Read_Y &rArr; RD_AD &rArr; DelayUS
</UL>
<BR>[Calls]<UL><LI><a href="#[a0]">&gt;&gt;</a>&nbsp;&nbsp;&nbsp;GPIO_ReadInputDataBit
<LI><a href="#[9d]">&gt;&gt;</a>&nbsp;&nbsp;&nbsp;TP_GetAdXY
<LI><a href="#[9f]">&gt;&gt;</a>&nbsp;&nbsp;&nbsp;__aeabi_memclr4
</UL>
<BR>[Called By]<UL><LI><a href="#[d8]">&gt;&gt;</a>&nbsp;&nbsp;&nbsp;IsPushCoordinate
<LI><a href="#[70]">&gt;&gt;</a>&nbsp;&nbsp;&nbsp;TouchPanel_Calibrate
<LI><a href="#[5c]">&gt;&gt;</a>&nbsp;&nbsp;&nbsp;main
</UL>

<P><STRONG><a name="[a1]"></a>setCalibrationMatrix</STRONG> (Thumb, 334 bytes, Stack size 32 bytes, touchpanel.o(.text))
<BR><BR>[Stack]<UL><LI>Max Depth = 88<LI>Call Chain = setCalibrationMatrix &rArr; __aeabi_i2d &rArr; _double_epilogue &rArr; _double_round
</UL>
<BR>[Calls]<UL><LI><a href="#[a2]">&gt;&gt;</a>&nbsp;&nbsp;&nbsp;__aeabi_i2d
<LI><a href="#[a3]">&gt;&gt;</a>&nbsp;&nbsp;&nbsp;__aeabi_cdcmpeq
</UL>
<BR>[Called By]<UL><LI><a href="#[72]">&gt;&gt;</a>&nbsp;&nbsp;&nbsp;TouchPanel_SettCalibrate
<LI><a href="#[70]">&gt;&gt;</a>&nbsp;&nbsp;&nbsp;TouchPanel_Calibrate
</UL>

<P><STRONG><a name="[74]"></a>getDisplayPoint</STRONG> (Thumb, 208 bytes, Stack size 32 bytes, touchpanel.o(.text))
<BR><BR>[Stack]<UL><LI>Max Depth = 120<LI>Call Chain = getDisplayPoint &rArr; __aeabi_dmul &rArr; _double_epilogue &rArr; _double_round
</UL>
<BR>[Calls]<UL><LI><a href="#[a4]">&gt;&gt;</a>&nbsp;&nbsp;&nbsp;__aeabi_ui2d
<LI><a href="#[a5]">&gt;&gt;</a>&nbsp;&nbsp;&nbsp;__aeabi_dmul
<LI><a href="#[a7]">&gt;&gt;</a>&nbsp;&nbsp;&nbsp;__aeabi_ddiv
<LI><a href="#[a6]">&gt;&gt;</a>&nbsp;&nbsp;&nbsp;__aeabi_dadd
<LI><a href="#[a8]">&gt;&gt;</a>&nbsp;&nbsp;&nbsp;__aeabi_d2uiz
<LI><a href="#[a3]">&gt;&gt;</a>&nbsp;&nbsp;&nbsp;__aeabi_cdcmpeq
</UL>
<BR>[Called By]<UL><LI><a href="#[d8]">&gt;&gt;</a>&nbsp;&nbsp;&nbsp;IsPushCoordinate
<LI><a href="#[5c]">&gt;&gt;</a>&nbsp;&nbsp;&nbsp;main
</UL>

<P><STRONG><a name="[70]"></a>TouchPanel_Calibrate</STRONG> (Thumb, 160 bytes, Stack size 32 bytes, touchpanel.o(.text))
<BR><BR>[Stack]<UL><LI>Max Depth = 192<LI>Call Chain = TouchPanel_Calibrate &rArr; Read_Ads7846 &rArr; TP_GetAdXY &rArr; Read_Y &rArr; RD_AD &rArr; DelayUS
</UL>
<BR>[Calls]<UL><LI><a href="#[a1]">&gt;&gt;</a>&nbsp;&nbsp;&nbsp;setCalibrationMatrix
<LI><a href="#[9e]">&gt;&gt;</a>&nbsp;&nbsp;&nbsp;DrawCross
<LI><a href="#[73]">&gt;&gt;</a>&nbsp;&nbsp;&nbsp;Read_Ads7846
<LI><a href="#[6b]">&gt;&gt;</a>&nbsp;&nbsp;&nbsp;LCD_Clear
<LI><a href="#[6c]">&gt;&gt;</a>&nbsp;&nbsp;&nbsp;GUI_Text
<LI><a href="#[71]">&gt;&gt;</a>&nbsp;&nbsp;&nbsp;__2printf
</UL>
<BR>[Called By]<UL><LI><a href="#[dd]">&gt;&gt;</a>&nbsp;&nbsp;&nbsp;ActionBtn
<LI><a href="#[78]">&gt;&gt;</a>&nbsp;&nbsp;&nbsp;ActionTouch
<LI><a href="#[5c]">&gt;&gt;</a>&nbsp;&nbsp;&nbsp;main
</UL>

<P><STRONG><a name="[72]"></a>TouchPanel_SettCalibrate</STRONG> (Thumb, 58 bytes, Stack size 8 bytes, touchpanel.o(.text))
<BR><BR>[Stack]<UL><LI>Max Depth = 96<LI>Call Chain = TouchPanel_SettCalibrate &rArr; setCalibrationMatrix &rArr; __aeabi_i2d &rArr; _double_epilogue &rArr; _double_round
</UL>
<BR>[Calls]<UL><LI><a href="#[a1]">&gt;&gt;</a>&nbsp;&nbsp;&nbsp;setCalibrationMatrix
<LI><a href="#[6b]">&gt;&gt;</a>&nbsp;&nbsp;&nbsp;LCD_Clear
</UL>
<BR>[Called By]<UL><LI><a href="#[5c]">&gt;&gt;</a>&nbsp;&nbsp;&nbsp;main
</UL>

<P><STRONG><a name="[65]"></a>debug_init</STRONG> (Thumb, 72 bytes, Stack size 16 bytes, debug.o(.text))
<BR><BR>[Stack]<UL><LI>Max Depth = 40<LI>Call Chain = debug_init &rArr; __2printf
</UL>
<BR>[Calls]<UL><LI><a href="#[7f]">&gt;&gt;</a>&nbsp;&nbsp;&nbsp;GPIO_PinAFConfig
<LI><a href="#[80]">&gt;&gt;</a>&nbsp;&nbsp;&nbsp;GPIO_Init
<LI><a href="#[71]">&gt;&gt;</a>&nbsp;&nbsp;&nbsp;__2printf
</UL>
<BR>[Called By]<UL><LI><a href="#[5c]">&gt;&gt;</a>&nbsp;&nbsp;&nbsp;main
</UL>

<P><STRONG><a name="[a9]"></a>debugSendStr</STRONG> (Thumb, 22 bytes, Stack size 0 bytes, debug.o(.text))
<BR><BR>[Called By]<UL><LI><a href="#[5f]">&gt;&gt;</a>&nbsp;&nbsp;&nbsp;fputc
</UL>

<P><STRONG><a name="[5f]"></a>fputc</STRONG> (Thumb, 12 bytes, Stack size 12 bytes, debug.o(.text))
<BR><BR>[Stack]<UL><LI>Max Depth = 12<LI>Call Chain = fputc
</UL>
<BR>[Calls]<UL><LI><a href="#[a9]">&gt;&gt;</a>&nbsp;&nbsp;&nbsp;debugSendStr
</UL>
<BR>[Address Reference Count : 1]<UL><LI> printf8.o(i.__0printf$8)
</UL>
<P><STRONG><a name="[aa]"></a>printfArray</STRONG> (Thumb, 48 bytes, Stack size 16 bytes, debug.o(.text), UNUSED)
<BR><BR>[Calls]<UL><LI><a href="#[71]">&gt;&gt;</a>&nbsp;&nbsp;&nbsp;__2printf
</UL>

<P><STRONG><a name="[ab]"></a>printfArray32</STRONG> (Thumb, 50 bytes, Stack size 16 bytes, debug.o(.text), UNUSED)
<BR><BR>[Calls]<UL><LI><a href="#[71]">&gt;&gt;</a>&nbsp;&nbsp;&nbsp;__2printf
</UL>

<P><STRONG><a name="[2f]"></a>USART1_IRQHandler</STRONG> (Thumb, 2 bytes, Stack size 0 bytes, debug.o(.text))
<BR>[Address Reference Count : 1]<UL><LI> startup_stm32f4xx.o(RESET)
</UL>
<P><STRONG><a name="[117]"></a>_delay_us</STRONG> (Thumb, 34 bytes, Stack size 12 bytes, delay.o(.text), UNUSED)

<P><STRONG><a name="[ac]"></a>_delay_ms</STRONG> (Thumb, 36 bytes, Stack size 12 bytes, delay.o(.text))
<BR><BR>[Stack]<UL><LI>Max Depth = 12<LI>Call Chain = _delay_ms
</UL>
<BR>[Called By]<UL><LI><a href="#[df]">&gt;&gt;</a>&nbsp;&nbsp;&nbsp;IsPopBtnI
<LI><a href="#[de]">&gt;&gt;</a>&nbsp;&nbsp;&nbsp;IsPopBtn
<LI><a href="#[ea]">&gt;&gt;</a>&nbsp;&nbsp;&nbsp;ActionTouchPageChangeProg
<LI><a href="#[e0]">&gt;&gt;</a>&nbsp;&nbsp;&nbsp;ActionTouchPage1
<LI><a href="#[d9]">&gt;&gt;</a>&nbsp;&nbsp;&nbsp;IsPopCoordinate
<LI><a href="#[63]">&gt;&gt;</a>&nbsp;&nbsp;&nbsp;rcc_init
<LI><a href="#[6f]">&gt;&gt;</a>&nbsp;&nbsp;&nbsp;led_blink_on_device
</UL>

<P><STRONG><a name="[63]"></a>rcc_init</STRONG> (Thumb, 52 bytes, Stack size 8 bytes, rcc.o(.text))
<BR><BR>[Stack]<UL><LI>Max Depth = 20<LI>Call Chain = rcc_init &rArr; _delay_ms
</UL>
<BR>[Calls]<UL><LI><a href="#[ac]">&gt;&gt;</a>&nbsp;&nbsp;&nbsp;_delay_ms
</UL>
<BR>[Called By]<UL><LI><a href="#[5c]">&gt;&gt;</a>&nbsp;&nbsp;&nbsp;main
</UL>

<P><STRONG><a name="[b0]"></a>clearRAM</STRONG> (Thumb, 16 bytes, Stack size 0 bytes, setting.o(.text))
<BR><BR>[Called By]<UL><LI><a href="#[af]">&gt;&gt;</a>&nbsp;&nbsp;&nbsp;setting_null
</UL>

<P><STRONG><a name="[79]"></a>setting_save</STRONG> (Thumb, 74 bytes, Stack size 16 bytes, setting.o(.text))
<BR><BR>[Stack]<UL><LI>Max Depth = 40<LI>Call Chain = setting_save &rArr; __2printf
</UL>
<BR>[Calls]<UL><LI><a href="#[ae]">&gt;&gt;</a>&nbsp;&nbsp;&nbsp;flash_write
<LI><a href="#[ad]">&gt;&gt;</a>&nbsp;&nbsp;&nbsp;flash_erase_sector
<LI><a href="#[71]">&gt;&gt;</a>&nbsp;&nbsp;&nbsp;__2printf
</UL>
<BR>[Called By]<UL><LI><a href="#[af]">&gt;&gt;</a>&nbsp;&nbsp;&nbsp;setting_null
<LI><a href="#[5c]">&gt;&gt;</a>&nbsp;&nbsp;&nbsp;main
</UL>

<P><STRONG><a name="[af]"></a>setting_null</STRONG> (Thumb, 334 bytes, Stack size 32 bytes, setting.o(.text))
<BR><BR>[Stack]<UL><LI>Max Depth = 72<LI>Call Chain = setting_null &rArr; setting_save &rArr; __2printf
</UL>
<BR>[Calls]<UL><LI><a href="#[b0]">&gt;&gt;</a>&nbsp;&nbsp;&nbsp;clearRAM
<LI><a href="#[79]">&gt;&gt;</a>&nbsp;&nbsp;&nbsp;setting_save
<LI><a href="#[6d]">&gt;&gt;</a>&nbsp;&nbsp;&nbsp;__2sprintf
<LI><a href="#[71]">&gt;&gt;</a>&nbsp;&nbsp;&nbsp;__2printf
<LI><a href="#[b1]">&gt;&gt;</a>&nbsp;&nbsp;&nbsp;strcpy
</UL>
<BR>[Called By]<UL><LI><a href="#[66]">&gt;&gt;</a>&nbsp;&nbsp;&nbsp;setting_init
</UL>

<P><STRONG><a name="[118]"></a>setting_update_struct</STRONG> (Thumb, 2 bytes, Stack size 0 bytes, setting.o(.text), UNUSED)

<P><STRONG><a name="[b2]"></a>setting_load</STRONG> (Thumb, 64 bytes, Stack size 16 bytes, setting.o(.text))
<BR><BR>[Stack]<UL><LI>Max Depth = 40<LI>Call Chain = setting_load &rArr; __2printf
</UL>
<BR>[Calls]<UL><LI><a href="#[71]">&gt;&gt;</a>&nbsp;&nbsp;&nbsp;__2printf
</UL>
<BR>[Called By]<UL><LI><a href="#[66]">&gt;&gt;</a>&nbsp;&nbsp;&nbsp;setting_init
</UL>

<P><STRONG><a name="[66]"></a>setting_init</STRONG> (Thumb, 40 bytes, Stack size 8 bytes, setting.o(.text))
<BR><BR>[Stack]<UL><LI>Max Depth = 80<LI>Call Chain = setting_init &rArr; setting_null &rArr; setting_save &rArr; __2printf
</UL>
<BR>[Calls]<UL><LI><a href="#[b2]">&gt;&gt;</a>&nbsp;&nbsp;&nbsp;setting_load
<LI><a href="#[af]">&gt;&gt;</a>&nbsp;&nbsp;&nbsp;setting_null
<LI><a href="#[71]">&gt;&gt;</a>&nbsp;&nbsp;&nbsp;__2printf
</UL>
<BR>[Called By]<UL><LI><a href="#[5c]">&gt;&gt;</a>&nbsp;&nbsp;&nbsp;main
</UL>

<P><STRONG><a name="[b3]"></a>flash_unlock</STRONG> (Thumb, 32 bytes, Stack size 0 bytes, flash.o(.text))
<BR><BR>[Called By]<UL><LI><a href="#[ae]">&gt;&gt;</a>&nbsp;&nbsp;&nbsp;flash_write
<LI><a href="#[ad]">&gt;&gt;</a>&nbsp;&nbsp;&nbsp;flash_erase_sector
</UL>

<P><STRONG><a name="[ad]"></a>flash_erase_sector</STRONG> (Thumb, 92 bytes, Stack size 4 bytes, flash.o(.text))
<BR><BR>[Stack]<UL><LI>Max Depth = 4<LI>Call Chain = flash_erase_sector
</UL>
<BR>[Calls]<UL><LI><a href="#[b3]">&gt;&gt;</a>&nbsp;&nbsp;&nbsp;flash_unlock
</UL>
<BR>[Called By]<UL><LI><a href="#[79]">&gt;&gt;</a>&nbsp;&nbsp;&nbsp;setting_save
</UL>

<P><STRONG><a name="[ae]"></a>flash_write</STRONG> (Thumb, 78 bytes, Stack size 20 bytes, flash.o(.text))
<BR><BR>[Stack]<UL><LI>Max Depth = 20<LI>Call Chain = flash_write
</UL>
<BR>[Calls]<UL><LI><a href="#[b3]">&gt;&gt;</a>&nbsp;&nbsp;&nbsp;flash_unlock
</UL>
<BR>[Called By]<UL><LI><a href="#[79]">&gt;&gt;</a>&nbsp;&nbsp;&nbsp;setting_save
</UL>

<P><STRONG><a name="[6e]"></a>Menu_Init</STRONG> (Thumb, 50 bytes, Stack size 0 bytes, menu.o(.text))
<BR><BR>[Stack]<UL><LI>Max Depth = 24<LI>Call Chain = Menu_Init &rArr; __2printf
</UL>
<BR>[Calls]<UL><LI><a href="#[71]">&gt;&gt;</a>&nbsp;&nbsp;&nbsp;__2printf
</UL>
<BR>[Called By]<UL><LI><a href="#[7a]">&gt;&gt;</a>&nbsp;&nbsp;&nbsp;parseQueryUpdate
<LI><a href="#[5c]">&gt;&gt;</a>&nbsp;&nbsp;&nbsp;main
</UL>

<P><STRONG><a name="[b4]"></a>RectDraw</STRONG> (Thumb, 54 bytes, Stack size 32 bytes, menu.o(.text))
<BR><BR>[Stack]<UL><LI>Max Depth = 44<LI>Call Chain = RectDraw &rArr; LCD_SetPoint &rArr; LCD_SetCursor
</UL>
<BR>[Calls]<UL><LI><a href="#[87]">&gt;&gt;</a>&nbsp;&nbsp;&nbsp;LCD_SetPoint
</UL>
<BR>[Called By]<UL><LI><a href="#[c5]">&gt;&gt;</a>&nbsp;&nbsp;&nbsp;SaveYesDraw
<LI><a href="#[c4]">&gt;&gt;</a>&nbsp;&nbsp;&nbsp;PageProgDraw
<LI><a href="#[c3]">&gt;&gt;</a>&nbsp;&nbsp;&nbsp;PulseChangeDrawModal
<LI><a href="#[c2]">&gt;&gt;</a>&nbsp;&nbsp;&nbsp;PulseChangeDrawModalValue
<LI><a href="#[c1]">&gt;&gt;</a>&nbsp;&nbsp;&nbsp;PaintPage
<LI><a href="#[c0]">&gt;&gt;</a>&nbsp;&nbsp;&nbsp;TablePeriodDraw
<LI><a href="#[bf]">&gt;&gt;</a>&nbsp;&nbsp;&nbsp;TablePulseCheckDraw
<LI><a href="#[be]">&gt;&gt;</a>&nbsp;&nbsp;&nbsp;TableAPOODraw
<LI><a href="#[bd]">&gt;&gt;</a>&nbsp;&nbsp;&nbsp;TableDPBDraw
<LI><a href="#[b8]">&gt;&gt;</a>&nbsp;&nbsp;&nbsp;NaviPageButtonDraw
<LI><a href="#[b7]">&gt;&gt;</a>&nbsp;&nbsp;&nbsp;RightButtonDraw
<LI><a href="#[b5]">&gt;&gt;</a>&nbsp;&nbsp;&nbsp;ModalDraw
<LI><a href="#[75]">&gt;&gt;</a>&nbsp;&nbsp;&nbsp;MenuRedraw
</UL>

<P><STRONG><a name="[b5]"></a>ModalDraw</STRONG> (Thumb, 94 bytes, Stack size 24 bytes, menu.o(.text))
<BR><BR>[Stack]<UL><LI>Max Depth = 124<LI>Call Chain = ModalDraw &rArr; GUI_Text &rArr; PutChar &rArr; LCD_SetPoint &rArr; LCD_SetCursor
</UL>
<BR>[Calls]<UL><LI><a href="#[b4]">&gt;&gt;</a>&nbsp;&nbsp;&nbsp;RectDraw
<LI><a href="#[6c]">&gt;&gt;</a>&nbsp;&nbsp;&nbsp;GUI_Text
</UL>
<BR>[Called By]<UL><LI><a href="#[c3]">&gt;&gt;</a>&nbsp;&nbsp;&nbsp;PulseChangeDrawModal
</UL>

<P><STRONG><a name="[b6]"></a>CircleDraw</STRONG> (Thumb, 54 bytes, Stack size 32 bytes, menu.o(.text), UNUSED)
<BR><BR>[Calls]<UL><LI><a href="#[87]">&gt;&gt;</a>&nbsp;&nbsp;&nbsp;LCD_SetPoint
</UL>

<P><STRONG><a name="[b7]"></a>RightButtonDraw</STRONG> (Thumb, 252 bytes, Stack size 40 bytes, menu.o(.text))
<BR><BR>[Stack]<UL><LI>Max Depth = 140<LI>Call Chain = RightButtonDraw &rArr; GUI_Text &rArr; PutChar &rArr; LCD_SetPoint &rArr; LCD_SetCursor
</UL>
<BR>[Calls]<UL><LI><a href="#[b4]">&gt;&gt;</a>&nbsp;&nbsp;&nbsp;RectDraw
<LI><a href="#[6c]">&gt;&gt;</a>&nbsp;&nbsp;&nbsp;GUI_Text
</UL>
<BR>[Called By]<UL><LI><a href="#[75]">&gt;&gt;</a>&nbsp;&nbsp;&nbsp;MenuRedraw
</UL>

<P><STRONG><a name="[b8]"></a>NaviPageButtonDraw</STRONG> (Thumb, 110 bytes, Stack size 32 bytes, menu.o(.text))
<BR><BR>[Stack]<UL><LI>Max Depth = 132<LI>Call Chain = NaviPageButtonDraw &rArr; GUI_Text &rArr; PutChar &rArr; LCD_SetPoint &rArr; LCD_SetCursor
</UL>
<BR>[Calls]<UL><LI><a href="#[b4]">&gt;&gt;</a>&nbsp;&nbsp;&nbsp;RectDraw
<LI><a href="#[6c]">&gt;&gt;</a>&nbsp;&nbsp;&nbsp;GUI_Text
<LI><a href="#[6d]">&gt;&gt;</a>&nbsp;&nbsp;&nbsp;__2sprintf
</UL>
<BR>[Called By]<UL><LI><a href="#[c3]">&gt;&gt;</a>&nbsp;&nbsp;&nbsp;PulseChangeDrawModal
<LI><a href="#[75]">&gt;&gt;</a>&nbsp;&nbsp;&nbsp;MenuRedraw
</UL>

<P><STRONG><a name="[b9]"></a>convertTimeParamDraw</STRONG> (Thumb, 56 bytes, Stack size 8 bytes, menu.o(.text))
<BR><BR>[Stack]<UL><LI>Max Depth = 32<LI>Call Chain = convertTimeParamDraw &rArr; __2sprintf
</UL>
<BR>[Calls]<UL><LI><a href="#[6d]">&gt;&gt;</a>&nbsp;&nbsp;&nbsp;__2sprintf
</UL>
<BR>[Called By]<UL><LI><a href="#[c2]">&gt;&gt;</a>&nbsp;&nbsp;&nbsp;PulseChangeDrawModalValue
<LI><a href="#[c0]">&gt;&gt;</a>&nbsp;&nbsp;&nbsp;TablePeriodDraw
<LI><a href="#[be]">&gt;&gt;</a>&nbsp;&nbsp;&nbsp;TableAPOODraw
<LI><a href="#[bd]">&gt;&gt;</a>&nbsp;&nbsp;&nbsp;TableDPBDraw
</UL>

<P><STRONG><a name="[ba]"></a>convertOnOffParamDraw</STRONG> (Thumb, 14 bytes, Stack size 0 bytes, menu.o(.text))
<BR><BR>[Stack]<UL><LI>Max Depth = 24<LI>Call Chain = convertOnOffParamDraw &rArr; __2sprintf
</UL>
<BR>[Calls]<UL><LI><a href="#[6d]">&gt;&gt;</a>&nbsp;&nbsp;&nbsp;__2sprintf
</UL>
<BR>[Called By]<UL><LI><a href="#[be]">&gt;&gt;</a>&nbsp;&nbsp;&nbsp;TableAPOODraw
</UL>

<P><STRONG><a name="[bb]"></a>convertReverseParamDraw</STRONG> (Thumb, 14 bytes, Stack size 0 bytes, menu.o(.text))
<BR><BR>[Stack]<UL><LI>Max Depth = 24<LI>Call Chain = convertReverseParamDraw &rArr; __2sprintf
</UL>
<BR>[Calls]<UL><LI><a href="#[6d]">&gt;&gt;</a>&nbsp;&nbsp;&nbsp;__2sprintf
</UL>
<BR>[Called By]<UL><LI><a href="#[be]">&gt;&gt;</a>&nbsp;&nbsp;&nbsp;TableAPOODraw
</UL>

<P><STRONG><a name="[bc]"></a>convertPulseCountParamDraw</STRONG> (Thumb, 10 bytes, Stack size 0 bytes, menu.o(.text))
<BR><BR>[Stack]<UL><LI>Max Depth = 24<LI>Call Chain = convertPulseCountParamDraw &rArr; __2sprintf
</UL>
<BR>[Calls]<UL><LI><a href="#[6d]">&gt;&gt;</a>&nbsp;&nbsp;&nbsp;__2sprintf
</UL>
<BR>[Called By]<UL><LI><a href="#[bf]">&gt;&gt;</a>&nbsp;&nbsp;&nbsp;TablePulseCheckDraw
</UL>

<P><STRONG><a name="[bd]"></a>TableDPBDraw</STRONG> (Thumb, 764 bytes, Stack size 48 bytes, menu.o(.text))
<BR><BR>[Stack]<UL><LI>Max Depth = 148<LI>Call Chain = TableDPBDraw &rArr; GUI_Text &rArr; PutChar &rArr; LCD_SetPoint &rArr; LCD_SetCursor
</UL>
<BR>[Calls]<UL><LI><a href="#[b9]">&gt;&gt;</a>&nbsp;&nbsp;&nbsp;convertTimeParamDraw
<LI><a href="#[b4]">&gt;&gt;</a>&nbsp;&nbsp;&nbsp;RectDraw
<LI><a href="#[6c]">&gt;&gt;</a>&nbsp;&nbsp;&nbsp;GUI_Text
<LI><a href="#[6d]">&gt;&gt;</a>&nbsp;&nbsp;&nbsp;__2sprintf
</UL>
<BR>[Called By]<UL><LI><a href="#[75]">&gt;&gt;</a>&nbsp;&nbsp;&nbsp;MenuRedraw
</UL>

<P><STRONG><a name="[be]"></a>TableAPOODraw</STRONG> (Thumb, 602 bytes, Stack size 40 bytes, menu.o(.text))
<BR><BR>[Stack]<UL><LI>Max Depth = 140<LI>Call Chain = TableAPOODraw &rArr; GUI_Text &rArr; PutChar &rArr; LCD_SetPoint &rArr; LCD_SetCursor
</UL>
<BR>[Calls]<UL><LI><a href="#[bb]">&gt;&gt;</a>&nbsp;&nbsp;&nbsp;convertReverseParamDraw
<LI><a href="#[ba]">&gt;&gt;</a>&nbsp;&nbsp;&nbsp;convertOnOffParamDraw
<LI><a href="#[b9]">&gt;&gt;</a>&nbsp;&nbsp;&nbsp;convertTimeParamDraw
<LI><a href="#[b4]">&gt;&gt;</a>&nbsp;&nbsp;&nbsp;RectDraw
<LI><a href="#[6c]">&gt;&gt;</a>&nbsp;&nbsp;&nbsp;GUI_Text
</UL>
<BR>[Called By]<UL><LI><a href="#[75]">&gt;&gt;</a>&nbsp;&nbsp;&nbsp;MenuRedraw
</UL>

<P><STRONG><a name="[bf]"></a>TablePulseCheckDraw</STRONG> (Thumb, 520 bytes, Stack size 48 bytes, menu.o(.text))
<BR><BR>[Stack]<UL><LI>Max Depth = 148<LI>Call Chain = TablePulseCheckDraw &rArr; GUI_Text &rArr; PutChar &rArr; LCD_SetPoint &rArr; LCD_SetCursor
</UL>
<BR>[Calls]<UL><LI><a href="#[bc]">&gt;&gt;</a>&nbsp;&nbsp;&nbsp;convertPulseCountParamDraw
<LI><a href="#[b4]">&gt;&gt;</a>&nbsp;&nbsp;&nbsp;RectDraw
<LI><a href="#[6c]">&gt;&gt;</a>&nbsp;&nbsp;&nbsp;GUI_Text
</UL>
<BR>[Called By]<UL><LI><a href="#[75]">&gt;&gt;</a>&nbsp;&nbsp;&nbsp;MenuRedraw
</UL>

<P><STRONG><a name="[c0]"></a>TablePeriodDraw</STRONG> (Thumb, 94 bytes, Stack size 24 bytes, menu.o(.text))
<BR><BR>[Stack]<UL><LI>Max Depth = 124<LI>Call Chain = TablePeriodDraw &rArr; GUI_Text &rArr; PutChar &rArr; LCD_SetPoint &rArr; LCD_SetCursor
</UL>
<BR>[Calls]<UL><LI><a href="#[b9]">&gt;&gt;</a>&nbsp;&nbsp;&nbsp;convertTimeParamDraw
<LI><a href="#[b4]">&gt;&gt;</a>&nbsp;&nbsp;&nbsp;RectDraw
<LI><a href="#[6c]">&gt;&gt;</a>&nbsp;&nbsp;&nbsp;GUI_Text
</UL>
<BR>[Called By]<UL><LI><a href="#[75]">&gt;&gt;</a>&nbsp;&nbsp;&nbsp;MenuRedraw
</UL>

<P><STRONG><a name="[c1]"></a>PaintPage</STRONG> (Thumb, 194 bytes, Stack size 16 bytes, menu.o(.text))
<BR><BR>[Stack]<UL><LI>Max Depth = 116<LI>Call Chain = PaintPage &rArr; GUI_Text &rArr; PutChar &rArr; LCD_SetPoint &rArr; LCD_SetCursor
</UL>
<BR>[Calls]<UL><LI><a href="#[b4]">&gt;&gt;</a>&nbsp;&nbsp;&nbsp;RectDraw
<LI><a href="#[6c]">&gt;&gt;</a>&nbsp;&nbsp;&nbsp;GUI_Text
</UL>
<BR>[Called By]<UL><LI><a href="#[75]">&gt;&gt;</a>&nbsp;&nbsp;&nbsp;MenuRedraw
</UL>

<P><STRONG><a name="[c2]"></a>PulseChangeDrawModalValue</STRONG> (Thumb, 84 bytes, Stack size 24 bytes, menu.o(.text))
<BR><BR>[Stack]<UL><LI>Max Depth = 124<LI>Call Chain = PulseChangeDrawModalValue &rArr; GUI_Text &rArr; PutChar &rArr; LCD_SetPoint &rArr; LCD_SetCursor
</UL>
<BR>[Calls]<UL><LI><a href="#[b9]">&gt;&gt;</a>&nbsp;&nbsp;&nbsp;convertTimeParamDraw
<LI><a href="#[b4]">&gt;&gt;</a>&nbsp;&nbsp;&nbsp;RectDraw
<LI><a href="#[6c]">&gt;&gt;</a>&nbsp;&nbsp;&nbsp;GUI_Text
<LI><a href="#[6d]">&gt;&gt;</a>&nbsp;&nbsp;&nbsp;__2sprintf
</UL>
<BR>[Called By]<UL><LI><a href="#[e3]">&gt;&gt;</a>&nbsp;&nbsp;&nbsp;decValueModal
<LI><a href="#[e2]">&gt;&gt;</a>&nbsp;&nbsp;&nbsp;incValueModal
<LI><a href="#[c3]">&gt;&gt;</a>&nbsp;&nbsp;&nbsp;PulseChangeDrawModal
</UL>

<P><STRONG><a name="[c3]"></a>PulseChangeDrawModal</STRONG> (Thumb, 860 bytes, Stack size 24 bytes, menu.o(.text))
<BR><BR>[Stack]<UL><LI>Max Depth = 156<LI>Call Chain = PulseChangeDrawModal &rArr; NaviPageButtonDraw &rArr; GUI_Text &rArr; PutChar &rArr; LCD_SetPoint &rArr; LCD_SetCursor
</UL>
<BR>[Calls]<UL><LI><a href="#[c2]">&gt;&gt;</a>&nbsp;&nbsp;&nbsp;PulseChangeDrawModalValue
<LI><a href="#[b8]">&gt;&gt;</a>&nbsp;&nbsp;&nbsp;NaviPageButtonDraw
<LI><a href="#[b5]">&gt;&gt;</a>&nbsp;&nbsp;&nbsp;ModalDraw
<LI><a href="#[b4]">&gt;&gt;</a>&nbsp;&nbsp;&nbsp;RectDraw
<LI><a href="#[6c]">&gt;&gt;</a>&nbsp;&nbsp;&nbsp;GUI_Text
</UL>
<BR>[Called By]<UL><LI><a href="#[75]">&gt;&gt;</a>&nbsp;&nbsp;&nbsp;MenuRedraw
</UL>

<P><STRONG><a name="[c4]"></a>PageProgDraw</STRONG> (Thumb, 326 bytes, Stack size 40 bytes, menu.o(.text))
<BR><BR>[Stack]<UL><LI>Max Depth = 140<LI>Call Chain = PageProgDraw &rArr; GUI_Text &rArr; PutChar &rArr; LCD_SetPoint &rArr; LCD_SetCursor
</UL>
<BR>[Calls]<UL><LI><a href="#[b4]">&gt;&gt;</a>&nbsp;&nbsp;&nbsp;RectDraw
<LI><a href="#[6c]">&gt;&gt;</a>&nbsp;&nbsp;&nbsp;GUI_Text
</UL>
<BR>[Called By]<UL><LI><a href="#[75]">&gt;&gt;</a>&nbsp;&nbsp;&nbsp;MenuRedraw
</UL>

<P><STRONG><a name="[c5]"></a>SaveYesDraw</STRONG> (Thumb, 42 bytes, Stack size 16 bytes, menu.o(.text))
<BR><BR>[Stack]<UL><LI>Max Depth = 116<LI>Call Chain = SaveYesDraw &rArr; GUI_Text &rArr; PutChar &rArr; LCD_SetPoint &rArr; LCD_SetCursor
</UL>
<BR>[Calls]<UL><LI><a href="#[b4]">&gt;&gt;</a>&nbsp;&nbsp;&nbsp;RectDraw
<LI><a href="#[6b]">&gt;&gt;</a>&nbsp;&nbsp;&nbsp;LCD_Clear
<LI><a href="#[6c]">&gt;&gt;</a>&nbsp;&nbsp;&nbsp;GUI_Text
</UL>
<BR>[Called By]<UL><LI><a href="#[ea]">&gt;&gt;</a>&nbsp;&nbsp;&nbsp;ActionTouchPageChangeProg
</UL>

<P><STRONG><a name="[75]"></a>MenuRedraw</STRONG> (Thumb, 106 bytes, Stack size 16 bytes, menu.o(.text))
<BR><BR>[Stack]<UL><LI>Max Depth = 172<LI>Call Chain = MenuRedraw &rArr; PulseChangeDrawModal &rArr; NaviPageButtonDraw &rArr; GUI_Text &rArr; PutChar &rArr; LCD_SetPoint &rArr; LCD_SetCursor
</UL>
<BR>[Calls]<UL><LI><a href="#[c4]">&gt;&gt;</a>&nbsp;&nbsp;&nbsp;PageProgDraw
<LI><a href="#[c3]">&gt;&gt;</a>&nbsp;&nbsp;&nbsp;PulseChangeDrawModal
<LI><a href="#[c1]">&gt;&gt;</a>&nbsp;&nbsp;&nbsp;PaintPage
<LI><a href="#[c0]">&gt;&gt;</a>&nbsp;&nbsp;&nbsp;TablePeriodDraw
<LI><a href="#[bf]">&gt;&gt;</a>&nbsp;&nbsp;&nbsp;TablePulseCheckDraw
<LI><a href="#[be]">&gt;&gt;</a>&nbsp;&nbsp;&nbsp;TableAPOODraw
<LI><a href="#[bd]">&gt;&gt;</a>&nbsp;&nbsp;&nbsp;TableDPBDraw
<LI><a href="#[b8]">&gt;&gt;</a>&nbsp;&nbsp;&nbsp;NaviPageButtonDraw
<LI><a href="#[b7]">&gt;&gt;</a>&nbsp;&nbsp;&nbsp;RightButtonDraw
<LI><a href="#[b4]">&gt;&gt;</a>&nbsp;&nbsp;&nbsp;RectDraw
<LI><a href="#[6c]">&gt;&gt;</a>&nbsp;&nbsp;&nbsp;GUI_Text
</UL>
<BR>[Called By]<UL><LI><a href="#[ea]">&gt;&gt;</a>&nbsp;&nbsp;&nbsp;ActionTouchPageChangeProg
<LI><a href="#[e4]">&gt;&gt;</a>&nbsp;&nbsp;&nbsp;ActionTouchModal
<LI><a href="#[e1]">&gt;&gt;</a>&nbsp;&nbsp;&nbsp;ActionTouchPagePaint
<LI><a href="#[e0]">&gt;&gt;</a>&nbsp;&nbsp;&nbsp;ActionTouchPage1
<LI><a href="#[dd]">&gt;&gt;</a>&nbsp;&nbsp;&nbsp;ActionBtn
<LI><a href="#[da]">&gt;&gt;</a>&nbsp;&nbsp;&nbsp;MenuProgPageProg
<LI><a href="#[d7]">&gt;&gt;</a>&nbsp;&nbsp;&nbsp;MenuSwitchByte
<LI><a href="#[d6]">&gt;&gt;</a>&nbsp;&nbsp;&nbsp;MenuPageRight
<LI><a href="#[d5]">&gt;&gt;</a>&nbsp;&nbsp;&nbsp;MenuPageLeft
<LI><a href="#[d4]">&gt;&gt;</a>&nbsp;&nbsp;&nbsp;MenuProgPageDown
<LI><a href="#[d3]">&gt;&gt;</a>&nbsp;&nbsp;&nbsp;MenuProgPageUp
<LI><a href="#[d2]">&gt;&gt;</a>&nbsp;&nbsp;&nbsp;MenuParamDec
<LI><a href="#[d1]">&gt;&gt;</a>&nbsp;&nbsp;&nbsp;MenuParamInc
<LI><a href="#[7a]">&gt;&gt;</a>&nbsp;&nbsp;&nbsp;parseQueryUpdate
<LI><a href="#[78]">&gt;&gt;</a>&nbsp;&nbsp;&nbsp;ActionTouch
<LI><a href="#[5c]">&gt;&gt;</a>&nbsp;&nbsp;&nbsp;main
</UL>

<P><STRONG><a name="[c6]"></a>devices_init</STRONG> (Thumb, 18 bytes, Stack size 8 bytes, devices.o(.text), UNUSED)
<BR><BR>[Calls]<UL><LI><a href="#[71]">&gt;&gt;</a>&nbsp;&nbsp;&nbsp;__2printf
</UL>

<P><STRONG><a name="[c8]"></a>addPscArrHS</STRONG> (Thumb, 100 bytes, Stack size 8 bytes, devices.o(.text))
<BR><BR>[Stack]<UL><LI>Max Depth = 8<LI>Call Chain = addPscArrHS
</UL>
<BR>[Called By]<UL><LI><a href="#[c7]">&gt;&gt;</a>&nbsp;&nbsp;&nbsp;CalcParamCH
</UL>

<P><STRONG><a name="[c9]"></a>addPscArrLS</STRONG> (Thumb, 100 bytes, Stack size 8 bytes, devices.o(.text))
<BR><BR>[Stack]<UL><LI>Max Depth = 8<LI>Call Chain = addPscArrLS
</UL>
<BR>[Called By]<UL><LI><a href="#[76]">&gt;&gt;</a>&nbsp;&nbsp;&nbsp;Timers_Update
</UL>

<P><STRONG><a name="[c7]"></a>CalcParamCH</STRONG> (Thumb, 174 bytes, Stack size 24 bytes, devices.o(.text))
<BR><BR>[Stack]<UL><LI>Max Depth = 32<LI>Call Chain = CalcParamCH &rArr; addPscArrHS
</UL>
<BR>[Calls]<UL><LI><a href="#[c8]">&gt;&gt;</a>&nbsp;&nbsp;&nbsp;addPscArrHS
</UL>
<BR>[Called By]<UL><LI><a href="#[76]">&gt;&gt;</a>&nbsp;&nbsp;&nbsp;Timers_Update
</UL>

<P><STRONG><a name="[76]"></a>Timers_Update</STRONG> (Thumb, 40 bytes, Stack size 8 bytes, devices.o(.text))
<BR><BR>[Stack]<UL><LI>Max Depth = 80<LI>Call Chain = Timers_Update &rArr; timer_init &rArr; __2printf
</UL>
<BR>[Calls]<UL><LI><a href="#[ca]">&gt;&gt;</a>&nbsp;&nbsp;&nbsp;timer_init
<LI><a href="#[c7]">&gt;&gt;</a>&nbsp;&nbsp;&nbsp;CalcParamCH
<LI><a href="#[c9]">&gt;&gt;</a>&nbsp;&nbsp;&nbsp;addPscArrLS
</UL>
<BR>[Called By]<UL><LI><a href="#[d0]">&gt;&gt;</a>&nbsp;&nbsp;&nbsp;Menu_Timer_Update
<LI><a href="#[7a]">&gt;&gt;</a>&nbsp;&nbsp;&nbsp;parseQueryUpdate
<LI><a href="#[5c]">&gt;&gt;</a>&nbsp;&nbsp;&nbsp;main
</UL>

<P><STRONG><a name="[ca]"></a>timer_init</STRONG> (Thumb, 866 bytes, Stack size 48 bytes, timer.o(.text))
<BR><BR>[Stack]<UL><LI>Max Depth = 72<LI>Call Chain = timer_init &rArr; __2printf
</UL>
<BR>[Calls]<UL><LI><a href="#[cb]">&gt;&gt;</a>&nbsp;&nbsp;&nbsp;NVIC_SetPriority
<LI><a href="#[cc]">&gt;&gt;</a>&nbsp;&nbsp;&nbsp;NVIC_EnableIRQ
<LI><a href="#[7f]">&gt;&gt;</a>&nbsp;&nbsp;&nbsp;GPIO_PinAFConfig
<LI><a href="#[80]">&gt;&gt;</a>&nbsp;&nbsp;&nbsp;GPIO_Init
<LI><a href="#[71]">&gt;&gt;</a>&nbsp;&nbsp;&nbsp;__2printf
</UL>
<BR>[Called By]<UL><LI><a href="#[76]">&gt;&gt;</a>&nbsp;&nbsp;&nbsp;Timers_Update
</UL>

<P><STRONG><a name="[28]"></a>TIM4_IRQHandler</STRONG> (Thumb, 30 bytes, Stack size 0 bytes, timer.o(.text))
<BR><BR>[Calls]<UL><LI><a href="#[90]">&gt;&gt;</a>&nbsp;&nbsp;&nbsp;GPIO_SetBits
<LI><a href="#[9a]">&gt;&gt;</a>&nbsp;&nbsp;&nbsp;GPIO_ResetBits
</UL>
<BR>[Address Reference Count : 1]<UL><LI> startup_stm32f4xx.o(RESET)
</UL>
<P><STRONG><a name="[23]"></a>TIM1_UP_TIM10_IRQHandler</STRONG> (Thumb, 8 bytes, Stack size 0 bytes, timer.o(.text))
<BR>[Address Reference Count : 1]<UL><LI> startup_stm32f4xx.o(RESET)
</UL>
<P><STRONG><a name="[36]"></a>TIM8_UP_TIM13_IRQHandler</STRONG> (Thumb, 10 bytes, Stack size 0 bytes, timer.o(.text))
<BR>[Address Reference Count : 1]<UL><LI> startup_stm32f4xx.o(RESET)
</UL>
<P><STRONG><a name="[16]"></a>DMA1_Stream1_IRQHandler</STRONG> (Thumb, 32 bytes, Stack size 0 bytes, timer.o(.text))
<BR>[Address Reference Count : 1]<UL><LI> startup_stm32f4xx.o(RESET)
</UL>
<P><STRONG><a name="[15]"></a>DMA1_Stream0_IRQHandler</STRONG> (Thumb, 32 bytes, Stack size 0 bytes, timer.o(.text))
<BR>[Address Reference Count : 1]<UL><LI> startup_stm32f4xx.o(RESET)
</UL>
<P><STRONG><a name="[cd]"></a>led_off</STRONG> (Thumb, 158 bytes, Stack size 16 bytes, leds.o(.text))
<BR><BR>[Stack]<UL><LI>Max Depth = 16<LI>Call Chain = led_off
</UL>
<BR>[Calls]<UL><LI><a href="#[90]">&gt;&gt;</a>&nbsp;&nbsp;&nbsp;GPIO_SetBits
</UL>
<BR>[Called By]<UL><LI><a href="#[f4]">&gt;&gt;</a>&nbsp;&nbsp;&nbsp;blink_programm2
<LI><a href="#[f3]">&gt;&gt;</a>&nbsp;&nbsp;&nbsp;blink_programm1
<LI><a href="#[f2]">&gt;&gt;</a>&nbsp;&nbsp;&nbsp;blink_programm0
<LI><a href="#[64]">&gt;&gt;</a>&nbsp;&nbsp;&nbsp;leds_init
<LI><a href="#[6f]">&gt;&gt;</a>&nbsp;&nbsp;&nbsp;led_blink_on_device
</UL>

<P><STRONG><a name="[64]"></a>leds_init</STRONG> (Thumb, 58 bytes, Stack size 16 bytes, leds.o(.text))
<BR><BR>[Stack]<UL><LI>Max Depth = 36<LI>Call Chain = leds_init &rArr; GPIO_Init
</UL>
<BR>[Calls]<UL><LI><a href="#[cd]">&gt;&gt;</a>&nbsp;&nbsp;&nbsp;led_off
<LI><a href="#[80]">&gt;&gt;</a>&nbsp;&nbsp;&nbsp;GPIO_Init
</UL>
<BR>[Called By]<UL><LI><a href="#[5c]">&gt;&gt;</a>&nbsp;&nbsp;&nbsp;main
</UL>

<P><STRONG><a name="[7b]"></a>led_control</STRONG> (Thumb, 402 bytes, Stack size 32 bytes, leds.o(.text))
<BR><BR>[Stack]<UL><LI>Max Depth = 88<LI>Call Chain = led_control &rArr; led_blink &rArr; blink_programm2 &rArr; led_off
</UL>
<BR>[Calls]<UL><LI><a href="#[cf]">&gt;&gt;</a>&nbsp;&nbsp;&nbsp;led_blink
<LI><a href="#[90]">&gt;&gt;</a>&nbsp;&nbsp;&nbsp;GPIO_SetBits
<LI><a href="#[9a]">&gt;&gt;</a>&nbsp;&nbsp;&nbsp;GPIO_ResetBits
<LI><a href="#[ce]">&gt;&gt;</a>&nbsp;&nbsp;&nbsp;strcmp
</UL>
<BR>[Called By]<UL><LI><a href="#[5c]">&gt;&gt;</a>&nbsp;&nbsp;&nbsp;main
</UL>

<P><STRONG><a name="[6f]"></a>led_blink_on_device</STRONG> (Thumb, 964 bytes, Stack size 40 bytes, leds.o(.text))
<BR><BR>[Stack]<UL><LI>Max Depth = 56<LI>Call Chain = led_blink_on_device &rArr; led_off
</UL>
<BR>[Calls]<UL><LI><a href="#[cd]">&gt;&gt;</a>&nbsp;&nbsp;&nbsp;led_off
<LI><a href="#[ac]">&gt;&gt;</a>&nbsp;&nbsp;&nbsp;_delay_ms
<LI><a href="#[90]">&gt;&gt;</a>&nbsp;&nbsp;&nbsp;GPIO_SetBits
<LI><a href="#[9a]">&gt;&gt;</a>&nbsp;&nbsp;&nbsp;GPIO_ResetBits
</UL>
<BR>[Called By]<UL><LI><a href="#[5c]">&gt;&gt;</a>&nbsp;&nbsp;&nbsp;main
</UL>

<P><STRONG><a name="[d0]"></a>Menu_Timer_Update</STRONG> (Thumb, 20 bytes, Stack size 0 bytes, actionmenu.o(.text))
<BR><BR>[Stack]<UL><LI>Max Depth = 80<LI>Call Chain = Menu_Timer_Update &rArr; Timers_Update &rArr; timer_init &rArr; __2printf
</UL>
<BR>[Calls]<UL><LI><a href="#[76]">&gt;&gt;</a>&nbsp;&nbsp;&nbsp;Timers_Update
</UL>
<BR>[Called By]<UL><LI><a href="#[e9]">&gt;&gt;</a>&nbsp;&nbsp;&nbsp;AddNewProg
<LI><a href="#[e8]">&gt;&gt;</a>&nbsp;&nbsp;&nbsp;DeleteProg
<LI><a href="#[e4]">&gt;&gt;</a>&nbsp;&nbsp;&nbsp;ActionTouchModal
<LI><a href="#[dc]">&gt;&gt;</a>&nbsp;&nbsp;&nbsp;MenuDelCurPulse
<LI><a href="#[db]">&gt;&gt;</a>&nbsp;&nbsp;&nbsp;MenuAddNewPulse
<LI><a href="#[da]">&gt;&gt;</a>&nbsp;&nbsp;&nbsp;MenuProgPageProg
<LI><a href="#[d7]">&gt;&gt;</a>&nbsp;&nbsp;&nbsp;MenuSwitchByte
</UL>

<P><STRONG><a name="[d1]"></a>MenuParamInc</STRONG> (Thumb, 20 bytes, Stack size 0 bytes, actionmenu.o(.text))
<BR><BR>[Stack]<UL><LI>Max Depth = 172<LI>Call Chain = MenuParamInc &rArr; MenuRedraw &rArr; PulseChangeDrawModal &rArr; NaviPageButtonDraw &rArr; GUI_Text &rArr; PutChar &rArr; LCD_SetPoint &rArr; LCD_SetCursor
</UL>
<BR>[Calls]<UL><LI><a href="#[75]">&gt;&gt;</a>&nbsp;&nbsp;&nbsp;MenuRedraw
</UL>
<BR>[Called By]<UL><LI><a href="#[e0]">&gt;&gt;</a>&nbsp;&nbsp;&nbsp;ActionTouchPage1
</UL>

<P><STRONG><a name="[d2]"></a>MenuParamDec</STRONG> (Thumb, 20 bytes, Stack size 0 bytes, actionmenu.o(.text))
<BR><BR>[Stack]<UL><LI>Max Depth = 172<LI>Call Chain = MenuParamDec &rArr; MenuRedraw &rArr; PulseChangeDrawModal &rArr; NaviPageButtonDraw &rArr; GUI_Text &rArr; PutChar &rArr; LCD_SetPoint &rArr; LCD_SetCursor
</UL>
<BR>[Calls]<UL><LI><a href="#[75]">&gt;&gt;</a>&nbsp;&nbsp;&nbsp;MenuRedraw
</UL>
<BR>[Called By]<UL><LI><a href="#[e0]">&gt;&gt;</a>&nbsp;&nbsp;&nbsp;ActionTouchPage1
</UL>

<P><STRONG><a name="[d3]"></a>MenuProgPageUp</STRONG> (Thumb, 38 bytes, Stack size 8 bytes, actionmenu.o(.text))
<BR><BR>[Stack]<UL><LI>Max Depth = 180<LI>Call Chain = MenuProgPageUp &rArr; MenuRedraw &rArr; PulseChangeDrawModal &rArr; NaviPageButtonDraw &rArr; GUI_Text &rArr; PutChar &rArr; LCD_SetPoint &rArr; LCD_SetCursor
</UL>
<BR>[Calls]<UL><LI><a href="#[75]">&gt;&gt;</a>&nbsp;&nbsp;&nbsp;MenuRedraw
</UL>
<BR>[Called By]<UL><LI><a href="#[e0]">&gt;&gt;</a>&nbsp;&nbsp;&nbsp;ActionTouchPage1
<LI><a href="#[dd]">&gt;&gt;</a>&nbsp;&nbsp;&nbsp;ActionBtn
</UL>

<P><STRONG><a name="[d4]"></a>MenuProgPageDown</STRONG> (Thumb, 30 bytes, Stack size 0 bytes, actionmenu.o(.text))
<BR><BR>[Stack]<UL><LI>Max Depth = 172<LI>Call Chain = MenuProgPageDown &rArr; MenuRedraw &rArr; PulseChangeDrawModal &rArr; NaviPageButtonDraw &rArr; GUI_Text &rArr; PutChar &rArr; LCD_SetPoint &rArr; LCD_SetCursor
</UL>
<BR>[Calls]<UL><LI><a href="#[75]">&gt;&gt;</a>&nbsp;&nbsp;&nbsp;MenuRedraw
</UL>
<BR>[Called By]<UL><LI><a href="#[e0]">&gt;&gt;</a>&nbsp;&nbsp;&nbsp;ActionTouchPage1
<LI><a href="#[dd]">&gt;&gt;</a>&nbsp;&nbsp;&nbsp;ActionBtn
</UL>

<P><STRONG><a name="[d5]"></a>MenuPageLeft</STRONG> (Thumb, 20 bytes, Stack size 0 bytes, actionmenu.o(.text))
<BR><BR>[Stack]<UL><LI>Max Depth = 172<LI>Call Chain = MenuPageLeft &rArr; MenuRedraw &rArr; PulseChangeDrawModal &rArr; NaviPageButtonDraw &rArr; GUI_Text &rArr; PutChar &rArr; LCD_SetPoint &rArr; LCD_SetCursor
</UL>
<BR>[Calls]<UL><LI><a href="#[75]">&gt;&gt;</a>&nbsp;&nbsp;&nbsp;MenuRedraw
</UL>
<BR>[Called By]<UL><LI><a href="#[78]">&gt;&gt;</a>&nbsp;&nbsp;&nbsp;ActionTouch
</UL>

<P><STRONG><a name="[d6]"></a>MenuPageRight</STRONG> (Thumb, 20 bytes, Stack size 0 bytes, actionmenu.o(.text))
<BR><BR>[Stack]<UL><LI>Max Depth = 172<LI>Call Chain = MenuPageRight &rArr; MenuRedraw &rArr; PulseChangeDrawModal &rArr; NaviPageButtonDraw &rArr; GUI_Text &rArr; PutChar &rArr; LCD_SetPoint &rArr; LCD_SetCursor
</UL>
<BR>[Calls]<UL><LI><a href="#[75]">&gt;&gt;</a>&nbsp;&nbsp;&nbsp;MenuRedraw
</UL>
<BR>[Called By]<UL><LI><a href="#[78]">&gt;&gt;</a>&nbsp;&nbsp;&nbsp;ActionTouch
</UL>

<P><STRONG><a name="[d7]"></a>MenuSwitchByte</STRONG> (Thumb, 26 bytes, Stack size 8 bytes, actionmenu.o(.text))
<BR><BR>[Stack]<UL><LI>Max Depth = 180<LI>Call Chain = MenuSwitchByte &rArr; MenuRedraw &rArr; PulseChangeDrawModal &rArr; NaviPageButtonDraw &rArr; GUI_Text &rArr; PutChar &rArr; LCD_SetPoint &rArr; LCD_SetCursor
</UL>
<BR>[Calls]<UL><LI><a href="#[d0]">&gt;&gt;</a>&nbsp;&nbsp;&nbsp;Menu_Timer_Update
<LI><a href="#[75]">&gt;&gt;</a>&nbsp;&nbsp;&nbsp;MenuRedraw
</UL>
<BR>[Called By]<UL><LI><a href="#[e0]">&gt;&gt;</a>&nbsp;&nbsp;&nbsp;ActionTouchPage1
<LI><a href="#[dd]">&gt;&gt;</a>&nbsp;&nbsp;&nbsp;ActionBtn
</UL>

<P><STRONG><a name="[d8]"></a>IsPushCoordinate</STRONG> (Thumb, 62 bytes, Stack size 24 bytes, actionmenu.o(.text))
<BR><BR>[Stack]<UL><LI>Max Depth = 184<LI>Call Chain = IsPushCoordinate &rArr; Read_Ads7846 &rArr; TP_GetAdXY &rArr; Read_Y &rArr; RD_AD &rArr; DelayUS
</UL>
<BR>[Calls]<UL><LI><a href="#[74]">&gt;&gt;</a>&nbsp;&nbsp;&nbsp;getDisplayPoint
<LI><a href="#[73]">&gt;&gt;</a>&nbsp;&nbsp;&nbsp;Read_Ads7846
</UL>
<BR>[Called By]<UL><LI><a href="#[d9]">&gt;&gt;</a>&nbsp;&nbsp;&nbsp;IsPopCoordinate
</UL>

<P><STRONG><a name="[d9]"></a>IsPopCoordinate</STRONG> (Thumb, 58 bytes, Stack size 24 bytes, actionmenu.o(.text))
<BR><BR>[Stack]<UL><LI>Max Depth = 208<LI>Call Chain = IsPopCoordinate &rArr; IsPushCoordinate &rArr; Read_Ads7846 &rArr; TP_GetAdXY &rArr; Read_Y &rArr; RD_AD &rArr; DelayUS
</UL>
<BR>[Calls]<UL><LI><a href="#[d8]">&gt;&gt;</a>&nbsp;&nbsp;&nbsp;IsPushCoordinate
<LI><a href="#[ac]">&gt;&gt;</a>&nbsp;&nbsp;&nbsp;_delay_ms
</UL>
<BR>[Called By]<UL><LI><a href="#[ea]">&gt;&gt;</a>&nbsp;&nbsp;&nbsp;ActionTouchPageChangeProg
<LI><a href="#[e4]">&gt;&gt;</a>&nbsp;&nbsp;&nbsp;ActionTouchModal
<LI><a href="#[e1]">&gt;&gt;</a>&nbsp;&nbsp;&nbsp;ActionTouchPagePaint
<LI><a href="#[e0]">&gt;&gt;</a>&nbsp;&nbsp;&nbsp;ActionTouchPage1
<LI><a href="#[78]">&gt;&gt;</a>&nbsp;&nbsp;&nbsp;ActionTouch
</UL>

<P><STRONG><a name="[da]"></a>MenuProgPageProg</STRONG> (Thumb, 42 bytes, Stack size 8 bytes, actionmenu.o(.text))
<BR><BR>[Stack]<UL><LI>Max Depth = 180<LI>Call Chain = MenuProgPageProg &rArr; MenuRedraw &rArr; PulseChangeDrawModal &rArr; NaviPageButtonDraw &rArr; GUI_Text &rArr; PutChar &rArr; LCD_SetPoint &rArr; LCD_SetCursor
</UL>
<BR>[Calls]<UL><LI><a href="#[d0]">&gt;&gt;</a>&nbsp;&nbsp;&nbsp;Menu_Timer_Update
<LI><a href="#[75]">&gt;&gt;</a>&nbsp;&nbsp;&nbsp;MenuRedraw
</UL>
<BR>[Called By]<UL><LI><a href="#[e0]">&gt;&gt;</a>&nbsp;&nbsp;&nbsp;ActionTouchPage1
<LI><a href="#[dd]">&gt;&gt;</a>&nbsp;&nbsp;&nbsp;ActionBtn
</UL>

<P><STRONG><a name="[db]"></a>MenuAddNewPulse</STRONG> (Thumb, 62 bytes, Stack size 8 bytes, actionmenu.o(.text))
<BR><BR>[Stack]<UL><LI>Max Depth = 88<LI>Call Chain = MenuAddNewPulse &rArr; Menu_Timer_Update &rArr; Timers_Update &rArr; timer_init &rArr; __2printf
</UL>
<BR>[Calls]<UL><LI><a href="#[d0]">&gt;&gt;</a>&nbsp;&nbsp;&nbsp;Menu_Timer_Update
</UL>
<BR>[Called By]<UL><LI><a href="#[e0]">&gt;&gt;</a>&nbsp;&nbsp;&nbsp;ActionTouchPage1
</UL>

<P><STRONG><a name="[dc]"></a>MenuDelCurPulse</STRONG> (Thumb, 74 bytes, Stack size 8 bytes, actionmenu.o(.text))
<BR><BR>[Stack]<UL><LI>Max Depth = 88<LI>Call Chain = MenuDelCurPulse &rArr; Menu_Timer_Update &rArr; Timers_Update &rArr; timer_init &rArr; __2printf
</UL>
<BR>[Calls]<UL><LI><a href="#[d0]">&gt;&gt;</a>&nbsp;&nbsp;&nbsp;Menu_Timer_Update
</UL>
<BR>[Called By]<UL><LI><a href="#[e0]">&gt;&gt;</a>&nbsp;&nbsp;&nbsp;ActionTouchPage1
</UL>

<P><STRONG><a name="[dd]"></a>ActionBtn</STRONG> (Thumb, 324 bytes, Stack size 16 bytes, actionmenu.o(.text))
<BR><BR>[Stack]<UL><LI>Max Depth = 208<LI>Call Chain = ActionBtn &rArr; TouchPanel_Calibrate &rArr; Read_Ads7846 &rArr; TP_GetAdXY &rArr; Read_Y &rArr; RD_AD &rArr; DelayUS
</UL>
<BR>[Calls]<UL><LI><a href="#[df]">&gt;&gt;</a>&nbsp;&nbsp;&nbsp;IsPopBtnI
<LI><a href="#[de]">&gt;&gt;</a>&nbsp;&nbsp;&nbsp;IsPopBtn
<LI><a href="#[da]">&gt;&gt;</a>&nbsp;&nbsp;&nbsp;MenuProgPageProg
<LI><a href="#[d7]">&gt;&gt;</a>&nbsp;&nbsp;&nbsp;MenuSwitchByte
<LI><a href="#[d4]">&gt;&gt;</a>&nbsp;&nbsp;&nbsp;MenuProgPageDown
<LI><a href="#[d3]">&gt;&gt;</a>&nbsp;&nbsp;&nbsp;MenuProgPageUp
<LI><a href="#[70]">&gt;&gt;</a>&nbsp;&nbsp;&nbsp;TouchPanel_Calibrate
<LI><a href="#[75]">&gt;&gt;</a>&nbsp;&nbsp;&nbsp;MenuRedraw
</UL>
<BR>[Called By]<UL><LI><a href="#[e0]">&gt;&gt;</a>&nbsp;&nbsp;&nbsp;ActionTouchPage1
</UL>

<P><STRONG><a name="[e0]"></a>ActionTouchPage1</STRONG> (Thumb, 1186 bytes, Stack size 32 bytes, actionmenu.o(.text))
<BR><BR>[Stack]<UL><LI>Max Depth = 240<LI>Call Chain = ActionTouchPage1 &rArr; ActionBtn &rArr; TouchPanel_Calibrate &rArr; Read_Ads7846 &rArr; TP_GetAdXY &rArr; Read_Y &rArr; RD_AD &rArr; DelayUS
</UL>
<BR>[Calls]<UL><LI><a href="#[dd]">&gt;&gt;</a>&nbsp;&nbsp;&nbsp;ActionBtn
<LI><a href="#[dc]">&gt;&gt;</a>&nbsp;&nbsp;&nbsp;MenuDelCurPulse
<LI><a href="#[db]">&gt;&gt;</a>&nbsp;&nbsp;&nbsp;MenuAddNewPulse
<LI><a href="#[da]">&gt;&gt;</a>&nbsp;&nbsp;&nbsp;MenuProgPageProg
<LI><a href="#[d9]">&gt;&gt;</a>&nbsp;&nbsp;&nbsp;IsPopCoordinate
<LI><a href="#[d7]">&gt;&gt;</a>&nbsp;&nbsp;&nbsp;MenuSwitchByte
<LI><a href="#[d4]">&gt;&gt;</a>&nbsp;&nbsp;&nbsp;MenuProgPageDown
<LI><a href="#[d3]">&gt;&gt;</a>&nbsp;&nbsp;&nbsp;MenuProgPageUp
<LI><a href="#[d2]">&gt;&gt;</a>&nbsp;&nbsp;&nbsp;MenuParamDec
<LI><a href="#[d1]">&gt;&gt;</a>&nbsp;&nbsp;&nbsp;MenuParamInc
<LI><a href="#[ac]">&gt;&gt;</a>&nbsp;&nbsp;&nbsp;_delay_ms
<LI><a href="#[75]">&gt;&gt;</a>&nbsp;&nbsp;&nbsp;MenuRedraw
</UL>
<BR>[Called By]<UL><LI><a href="#[78]">&gt;&gt;</a>&nbsp;&nbsp;&nbsp;ActionTouch
</UL>

<P><STRONG><a name="[e1]"></a>ActionTouchPagePaint</STRONG> (Thumb, 216 bytes, Stack size 8 bytes, actionmenu.o(.text))
<BR><BR>[Stack]<UL><LI>Max Depth = 216<LI>Call Chain = ActionTouchPagePaint &rArr; IsPopCoordinate &rArr; IsPushCoordinate &rArr; Read_Ads7846 &rArr; TP_GetAdXY &rArr; Read_Y &rArr; RD_AD &rArr; DelayUS
</UL>
<BR>[Calls]<UL><LI><a href="#[d9]">&gt;&gt;</a>&nbsp;&nbsp;&nbsp;IsPopCoordinate
<LI><a href="#[75]">&gt;&gt;</a>&nbsp;&nbsp;&nbsp;MenuRedraw
<LI><a href="#[6b]">&gt;&gt;</a>&nbsp;&nbsp;&nbsp;LCD_Clear
</UL>
<BR>[Called By]<UL><LI><a href="#[78]">&gt;&gt;</a>&nbsp;&nbsp;&nbsp;ActionTouch
</UL>

<P><STRONG><a name="[e2]"></a>incValueModal</STRONG> (Thumb, 36 bytes, Stack size 8 bytes, actionmenu.o(.text))
<BR><BR>[Stack]<UL><LI>Max Depth = 132<LI>Call Chain = incValueModal &rArr; PulseChangeDrawModalValue &rArr; GUI_Text &rArr; PutChar &rArr; LCD_SetPoint &rArr; LCD_SetCursor
</UL>
<BR>[Calls]<UL><LI><a href="#[c2]">&gt;&gt;</a>&nbsp;&nbsp;&nbsp;PulseChangeDrawModalValue
</UL>
<BR>[Called By]<UL><LI><a href="#[e4]">&gt;&gt;</a>&nbsp;&nbsp;&nbsp;ActionTouchModal
</UL>

<P><STRONG><a name="[e3]"></a>decValueModal</STRONG> (Thumb, 36 bytes, Stack size 8 bytes, actionmenu.o(.text))
<BR><BR>[Stack]<UL><LI>Max Depth = 132<LI>Call Chain = decValueModal &rArr; PulseChangeDrawModalValue &rArr; GUI_Text &rArr; PutChar &rArr; LCD_SetPoint &rArr; LCD_SetCursor
</UL>
<BR>[Calls]<UL><LI><a href="#[c2]">&gt;&gt;</a>&nbsp;&nbsp;&nbsp;PulseChangeDrawModalValue
</UL>
<BR>[Called By]<UL><LI><a href="#[e4]">&gt;&gt;</a>&nbsp;&nbsp;&nbsp;ActionTouchModal
</UL>

<P><STRONG><a name="[e4]"></a>ActionTouchModal</STRONG> (Thumb, 364 bytes, Stack size 8 bytes, actionmenu.o(.text))
<BR><BR>[Stack]<UL><LI>Max Depth = 216<LI>Call Chain = ActionTouchModal &rArr; IsPopCoordinate &rArr; IsPushCoordinate &rArr; Read_Ads7846 &rArr; TP_GetAdXY &rArr; Read_Y &rArr; RD_AD &rArr; DelayUS
</UL>
<BR>[Calls]<UL><LI><a href="#[e3]">&gt;&gt;</a>&nbsp;&nbsp;&nbsp;decValueModal
<LI><a href="#[e2]">&gt;&gt;</a>&nbsp;&nbsp;&nbsp;incValueModal
<LI><a href="#[d9]">&gt;&gt;</a>&nbsp;&nbsp;&nbsp;IsPopCoordinate
<LI><a href="#[d0]">&gt;&gt;</a>&nbsp;&nbsp;&nbsp;Menu_Timer_Update
<LI><a href="#[75]">&gt;&gt;</a>&nbsp;&nbsp;&nbsp;MenuRedraw
<LI><a href="#[6b]">&gt;&gt;</a>&nbsp;&nbsp;&nbsp;LCD_Clear
</UL>
<BR>[Called By]<UL><LI><a href="#[78]">&gt;&gt;</a>&nbsp;&nbsp;&nbsp;ActionTouch
</UL>

<P><STRONG><a name="[e5]"></a>bckspsSymbol</STRONG> (Thumb, 42 bytes, Stack size 8 bytes, actionmenu.o(.text))
<BR><BR>[Stack]<UL><LI>Max Depth = 8<LI>Call Chain = bckspsSymbol
</UL>
<BR>[Calls]<UL><LI><a href="#[e6]">&gt;&gt;</a>&nbsp;&nbsp;&nbsp;strlen
</UL>
<BR>[Called By]<UL><LI><a href="#[ea]">&gt;&gt;</a>&nbsp;&nbsp;&nbsp;ActionTouchPageChangeProg
</UL>

<P><STRONG><a name="[e7]"></a>otherSymbol</STRONG> (Thumb, 52 bytes, Stack size 16 bytes, actionmenu.o(.text))
<BR><BR>[Stack]<UL><LI>Max Depth = 40<LI>Call Chain = otherSymbol &rArr; __2sprintf
</UL>
<BR>[Calls]<UL><LI><a href="#[6d]">&gt;&gt;</a>&nbsp;&nbsp;&nbsp;__2sprintf
<LI><a href="#[e6]">&gt;&gt;</a>&nbsp;&nbsp;&nbsp;strlen
</UL>
<BR>[Called By]<UL><LI><a href="#[ea]">&gt;&gt;</a>&nbsp;&nbsp;&nbsp;ActionTouchPageChangeProg
</UL>

<P><STRONG><a name="[e8]"></a>DeleteProg</STRONG> (Thumb, 104 bytes, Stack size 24 bytes, actionmenu.o(.text))
<BR><BR>[Stack]<UL><LI>Max Depth = 104<LI>Call Chain = DeleteProg &rArr; Menu_Timer_Update &rArr; Timers_Update &rArr; timer_init &rArr; __2printf
</UL>
<BR>[Calls]<UL><LI><a href="#[d0]">&gt;&gt;</a>&nbsp;&nbsp;&nbsp;Menu_Timer_Update
<LI><a href="#[8e]">&gt;&gt;</a>&nbsp;&nbsp;&nbsp;__aeabi_memcpy
</UL>
<BR>[Called By]<UL><LI><a href="#[ea]">&gt;&gt;</a>&nbsp;&nbsp;&nbsp;ActionTouchPageChangeProg
</UL>

<P><STRONG><a name="[e9]"></a>AddNewProg</STRONG> (Thumb, 134 bytes, Stack size 24 bytes, actionmenu.o(.text))
<BR><BR>[Stack]<UL><LI>Max Depth = 104<LI>Call Chain = AddNewProg &rArr; Menu_Timer_Update &rArr; Timers_Update &rArr; timer_init &rArr; __2printf
</UL>
<BR>[Calls]<UL><LI><a href="#[d0]">&gt;&gt;</a>&nbsp;&nbsp;&nbsp;Menu_Timer_Update
<LI><a href="#[6d]">&gt;&gt;</a>&nbsp;&nbsp;&nbsp;__2sprintf
<LI><a href="#[8e]">&gt;&gt;</a>&nbsp;&nbsp;&nbsp;__aeabi_memcpy
</UL>
<BR>[Called By]<UL><LI><a href="#[ea]">&gt;&gt;</a>&nbsp;&nbsp;&nbsp;ActionTouchPageChangeProg
</UL>

<P><STRONG><a name="[ea]"></a>ActionTouchPageChangeProg</STRONG> (Thumb, 210 bytes, Stack size 32 bytes, actionmenu.o(.text))
<BR><BR>[Stack]<UL><LI>Max Depth = 240<LI>Call Chain = ActionTouchPageChangeProg &rArr; IsPopCoordinate &rArr; IsPushCoordinate &rArr; Read_Ads7846 &rArr; TP_GetAdXY &rArr; Read_Y &rArr; RD_AD &rArr; DelayUS
</UL>
<BR>[Calls]<UL><LI><a href="#[e9]">&gt;&gt;</a>&nbsp;&nbsp;&nbsp;AddNewProg
<LI><a href="#[e8]">&gt;&gt;</a>&nbsp;&nbsp;&nbsp;DeleteProg
<LI><a href="#[e7]">&gt;&gt;</a>&nbsp;&nbsp;&nbsp;otherSymbol
<LI><a href="#[e5]">&gt;&gt;</a>&nbsp;&nbsp;&nbsp;bckspsSymbol
<LI><a href="#[d9]">&gt;&gt;</a>&nbsp;&nbsp;&nbsp;IsPopCoordinate
<LI><a href="#[c5]">&gt;&gt;</a>&nbsp;&nbsp;&nbsp;SaveYesDraw
<LI><a href="#[ac]">&gt;&gt;</a>&nbsp;&nbsp;&nbsp;_delay_ms
<LI><a href="#[75]">&gt;&gt;</a>&nbsp;&nbsp;&nbsp;MenuRedraw
<LI><a href="#[6b]">&gt;&gt;</a>&nbsp;&nbsp;&nbsp;LCD_Clear
</UL>
<BR>[Called By]<UL><LI><a href="#[78]">&gt;&gt;</a>&nbsp;&nbsp;&nbsp;ActionTouch
</UL>

<P><STRONG><a name="[78]"></a>ActionTouch</STRONG> (Thumb, 138 bytes, Stack size 8 bytes, actionmenu.o(.text))
<BR><BR>[Stack]<UL><LI>Max Depth = 248<LI>Call Chain = ActionTouch &rArr; ActionTouchPageChangeProg &rArr; IsPopCoordinate &rArr; IsPushCoordinate &rArr; Read_Ads7846 &rArr; TP_GetAdXY &rArr; Read_Y &rArr; RD_AD &rArr; DelayUS
</UL>
<BR>[Calls]<UL><LI><a href="#[ea]">&gt;&gt;</a>&nbsp;&nbsp;&nbsp;ActionTouchPageChangeProg
<LI><a href="#[e4]">&gt;&gt;</a>&nbsp;&nbsp;&nbsp;ActionTouchModal
<LI><a href="#[e1]">&gt;&gt;</a>&nbsp;&nbsp;&nbsp;ActionTouchPagePaint
<LI><a href="#[e0]">&gt;&gt;</a>&nbsp;&nbsp;&nbsp;ActionTouchPage1
<LI><a href="#[d9]">&gt;&gt;</a>&nbsp;&nbsp;&nbsp;IsPopCoordinate
<LI><a href="#[d6]">&gt;&gt;</a>&nbsp;&nbsp;&nbsp;MenuPageRight
<LI><a href="#[d5]">&gt;&gt;</a>&nbsp;&nbsp;&nbsp;MenuPageLeft
<LI><a href="#[70]">&gt;&gt;</a>&nbsp;&nbsp;&nbsp;TouchPanel_Calibrate
<LI><a href="#[75]">&gt;&gt;</a>&nbsp;&nbsp;&nbsp;MenuRedraw
<LI><a href="#[6b]">&gt;&gt;</a>&nbsp;&nbsp;&nbsp;LCD_Clear
</UL>
<BR>[Called By]<UL><LI><a href="#[5c]">&gt;&gt;</a>&nbsp;&nbsp;&nbsp;main
</UL>

<P><STRONG><a name="[68]"></a>update_init</STRONG> (Thumb, 240 bytes, Stack size 32 bytes, update.o(.text))
<BR><BR>[Stack]<UL><LI>Max Depth = 56<LI>Call Chain = update_init &rArr; __2printf
</UL>
<BR>[Calls]<UL><LI><a href="#[eb]">&gt;&gt;</a>&nbsp;&nbsp;&nbsp;NVIC_SetPriority
<LI><a href="#[ec]">&gt;&gt;</a>&nbsp;&nbsp;&nbsp;NVIC_EnableIRQ
<LI><a href="#[7f]">&gt;&gt;</a>&nbsp;&nbsp;&nbsp;GPIO_PinAFConfig
<LI><a href="#[80]">&gt;&gt;</a>&nbsp;&nbsp;&nbsp;GPIO_Init
<LI><a href="#[71]">&gt;&gt;</a>&nbsp;&nbsp;&nbsp;__2printf
</UL>
<BR>[Called By]<UL><LI><a href="#[5c]">&gt;&gt;</a>&nbsp;&nbsp;&nbsp;main
</UL>

<P><STRONG><a name="[ed]"></a>updateSendStrDMA</STRONG> (Thumb, 28 bytes, Stack size 8 bytes, update.o(.text))
<BR><BR>[Stack]<UL><LI>Max Depth = 8<LI>Call Chain = updateSendStrDMA
</UL>
<BR>[Calls]<UL><LI><a href="#[90]">&gt;&gt;</a>&nbsp;&nbsp;&nbsp;GPIO_SetBits
</UL>
<BR>[Called By]<UL><LI><a href="#[ee]">&gt;&gt;</a>&nbsp;&nbsp;&nbsp;sendSequencedToPC
<LI><a href="#[7a]">&gt;&gt;</a>&nbsp;&nbsp;&nbsp;parseQueryUpdate
</UL>

<P><STRONG><a name="[1b]"></a>DMA1_Stream6_IRQHandler</STRONG> (Thumb, 26 bytes, Stack size 0 bytes, update.o(.text))
<BR>[Address Reference Count : 1]<UL><LI> startup_stm32f4xx.o(RESET)
</UL>
<P><STRONG><a name="[40]"></a>TIM6_DAC_IRQHandler</STRONG> (Thumb, 18 bytes, Stack size 0 bytes, update.o(.text))
<BR><BR>[Calls]<UL><LI><a href="#[9a]">&gt;&gt;</a>&nbsp;&nbsp;&nbsp;GPIO_ResetBits
</UL>
<BR>[Address Reference Count : 1]<UL><LI> startup_stm32f4xx.o(RESET)
</UL>
<P><STRONG><a name="[30]"></a>USART2_IRQHandler</STRONG> (Thumb, 78 bytes, Stack size 0 bytes, update.o(.text))
<BR>[Address Reference Count : 1]<UL><LI> startup_stm32f4xx.o(RESET)
</UL>
<P><STRONG><a name="[41]"></a>TIM7_IRQHandler</STRONG> (Thumb, 30 bytes, Stack size 0 bytes, update.o(.text))
<BR>[Address Reference Count : 1]<UL><LI> startup_stm32f4xx.o(RESET)
</UL>
<P><STRONG><a name="[ef]"></a>calcCRC</STRONG> (Thumb, 26 bytes, Stack size 8 bytes, update.o(.text))
<BR><BR>[Stack]<UL><LI>Max Depth = 8<LI>Call Chain = calcCRC
</UL>
<BR>[Called By]<UL><LI><a href="#[ee]">&gt;&gt;</a>&nbsp;&nbsp;&nbsp;sendSequencedToPC
<LI><a href="#[7a]">&gt;&gt;</a>&nbsp;&nbsp;&nbsp;parseQueryUpdate
</UL>

<P><STRONG><a name="[ee]"></a>sendSequencedToPC</STRONG> (Thumb, 76 bytes, Stack size 8 bytes, update.o(.text))
<BR><BR>[Stack]<UL><LI>Max Depth = 16<LI>Call Chain = sendSequencedToPC &rArr; calcCRC
</UL>
<BR>[Calls]<UL><LI><a href="#[ef]">&gt;&gt;</a>&nbsp;&nbsp;&nbsp;calcCRC
<LI><a href="#[ed]">&gt;&gt;</a>&nbsp;&nbsp;&nbsp;updateSendStrDMA
<LI><a href="#[8e]">&gt;&gt;</a>&nbsp;&nbsp;&nbsp;__aeabi_memcpy
</UL>
<BR>[Called By]<UL><LI><a href="#[7a]">&gt;&gt;</a>&nbsp;&nbsp;&nbsp;parseQueryUpdate
</UL>

<P><STRONG><a name="[7a]"></a>parseQueryUpdate</STRONG> (Thumb, 174 bytes, Stack size 16 bytes, update.o(.text))
<BR><BR>[Stack]<UL><LI>Max Depth = 188<LI>Call Chain = parseQueryUpdate &rArr; MenuRedraw &rArr; PulseChangeDrawModal &rArr; NaviPageButtonDraw &rArr; GUI_Text &rArr; PutChar &rArr; LCD_SetPoint &rArr; LCD_SetCursor
</UL>
<BR>[Calls]<UL><LI><a href="#[ee]">&gt;&gt;</a>&nbsp;&nbsp;&nbsp;sendSequencedToPC
<LI><a href="#[ef]">&gt;&gt;</a>&nbsp;&nbsp;&nbsp;calcCRC
<LI><a href="#[ed]">&gt;&gt;</a>&nbsp;&nbsp;&nbsp;updateSendStrDMA
<LI><a href="#[76]">&gt;&gt;</a>&nbsp;&nbsp;&nbsp;Timers_Update
<LI><a href="#[6e]">&gt;&gt;</a>&nbsp;&nbsp;&nbsp;Menu_Init
<LI><a href="#[75]">&gt;&gt;</a>&nbsp;&nbsp;&nbsp;MenuRedraw
<LI><a href="#[8e]">&gt;&gt;</a>&nbsp;&nbsp;&nbsp;__aeabi_memcpy
</UL>
<BR>[Called By]<UL><LI><a href="#[5c]">&gt;&gt;</a>&nbsp;&nbsp;&nbsp;main
</UL>

<P><STRONG><a name="[67]"></a>button_init</STRONG> (Thumb, 54 bytes, Stack size 16 bytes, button.o(.text))
<BR><BR>[Stack]<UL><LI>Max Depth = 36<LI>Call Chain = button_init &rArr; GPIO_Init
</UL>
<BR>[Calls]<UL><LI><a href="#[80]">&gt;&gt;</a>&nbsp;&nbsp;&nbsp;GPIO_Init
</UL>
<BR>[Called By]<UL><LI><a href="#[5c]">&gt;&gt;</a>&nbsp;&nbsp;&nbsp;main
</UL>

<P><STRONG><a name="[f0]"></a>IsPushBtn</STRONG> (Thumb, 18 bytes, Stack size 0 bytes, button.o(.text))
<BR><BR>[Called By]<UL><LI><a href="#[de]">&gt;&gt;</a>&nbsp;&nbsp;&nbsp;IsPopBtn
</UL>

<P><STRONG><a name="[de]"></a>IsPopBtn</STRONG> (Thumb, 44 bytes, Stack size 16 bytes, button.o(.text))
<BR><BR>[Stack]<UL><LI>Max Depth = 28<LI>Call Chain = IsPopBtn &rArr; _delay_ms
</UL>
<BR>[Calls]<UL><LI><a href="#[f0]">&gt;&gt;</a>&nbsp;&nbsp;&nbsp;IsPushBtn
<LI><a href="#[ac]">&gt;&gt;</a>&nbsp;&nbsp;&nbsp;_delay_ms
</UL>
<BR>[Called By]<UL><LI><a href="#[dd]">&gt;&gt;</a>&nbsp;&nbsp;&nbsp;ActionBtn
</UL>

<P><STRONG><a name="[f1]"></a>IsPushBtnI</STRONG> (Thumb, 16 bytes, Stack size 0 bytes, button.o(.text))
<BR><BR>[Called By]<UL><LI><a href="#[df]">&gt;&gt;</a>&nbsp;&nbsp;&nbsp;IsPopBtnI
</UL>

<P><STRONG><a name="[df]"></a>IsPopBtnI</STRONG> (Thumb, 44 bytes, Stack size 16 bytes, button.o(.text))
<BR><BR>[Stack]<UL><LI>Max Depth = 28<LI>Call Chain = IsPopBtnI &rArr; _delay_ms
</UL>
<BR>[Calls]<UL><LI><a href="#[f1]">&gt;&gt;</a>&nbsp;&nbsp;&nbsp;IsPushBtnI
<LI><a href="#[ac]">&gt;&gt;</a>&nbsp;&nbsp;&nbsp;_delay_ms
</UL>
<BR>[Called By]<UL><LI><a href="#[dd]">&gt;&gt;</a>&nbsp;&nbsp;&nbsp;ActionBtn
</UL>

<P><STRONG><a name="[f2]"></a>blink_programm0</STRONG> (Thumb, 282 bytes, Stack size 40 bytes, blink.o(.text))
<BR><BR>[Stack]<UL><LI>Max Depth = 56<LI>Call Chain = blink_programm0 &rArr; led_off
</UL>
<BR>[Calls]<UL><LI><a href="#[cd]">&gt;&gt;</a>&nbsp;&nbsp;&nbsp;led_off
<LI><a href="#[90]">&gt;&gt;</a>&nbsp;&nbsp;&nbsp;GPIO_SetBits
<LI><a href="#[9a]">&gt;&gt;</a>&nbsp;&nbsp;&nbsp;GPIO_ResetBits
</UL>
<BR>[Called By]<UL><LI><a href="#[cf]">&gt;&gt;</a>&nbsp;&nbsp;&nbsp;led_blink
</UL>

<P><STRONG><a name="[f3]"></a>blink_programm1</STRONG> (Thumb, 280 bytes, Stack size 40 bytes, blink.o(.text))
<BR><BR>[Stack]<UL><LI>Max Depth = 56<LI>Call Chain = blink_programm1 &rArr; led_off
</UL>
<BR>[Calls]<UL><LI><a href="#[cd]">&gt;&gt;</a>&nbsp;&nbsp;&nbsp;led_off
<LI><a href="#[90]">&gt;&gt;</a>&nbsp;&nbsp;&nbsp;GPIO_SetBits
<LI><a href="#[9a]">&gt;&gt;</a>&nbsp;&nbsp;&nbsp;GPIO_ResetBits
</UL>
<BR>[Called By]<UL><LI><a href="#[cf]">&gt;&gt;</a>&nbsp;&nbsp;&nbsp;led_blink
</UL>

<P><STRONG><a name="[f4]"></a>blink_programm2</STRONG> (Thumb, 282 bytes, Stack size 40 bytes, blink.o(.text))
<BR><BR>[Stack]<UL><LI>Max Depth = 56<LI>Call Chain = blink_programm2 &rArr; led_off
</UL>
<BR>[Calls]<UL><LI><a href="#[cd]">&gt;&gt;</a>&nbsp;&nbsp;&nbsp;led_off
<LI><a href="#[90]">&gt;&gt;</a>&nbsp;&nbsp;&nbsp;GPIO_SetBits
<LI><a href="#[9a]">&gt;&gt;</a>&nbsp;&nbsp;&nbsp;GPIO_ResetBits
</UL>
<BR>[Called By]<UL><LI><a href="#[cf]">&gt;&gt;</a>&nbsp;&nbsp;&nbsp;led_blink
</UL>

<P><STRONG><a name="[cf]"></a>led_blink</STRONG> (Thumb, 62 bytes, Stack size 0 bytes, blink.o(.text))
<BR><BR>[Stack]<UL><LI>Max Depth = 56<LI>Call Chain = led_blink &rArr; blink_programm2 &rArr; led_off
</UL>
<BR>[Calls]<UL><LI><a href="#[f4]">&gt;&gt;</a>&nbsp;&nbsp;&nbsp;blink_programm2
<LI><a href="#[f3]">&gt;&gt;</a>&nbsp;&nbsp;&nbsp;blink_programm1
<LI><a href="#[f2]">&gt;&gt;</a>&nbsp;&nbsp;&nbsp;blink_programm0
</UL>
<BR>[Called By]<UL><LI><a href="#[7b]">&gt;&gt;</a>&nbsp;&nbsp;&nbsp;led_control
</UL>

<P><STRONG><a name="[0]"></a>Reset_Handler</STRONG> (Thumb, 8 bytes, Stack size 0 bytes, startup_stm32f4xx.o(.text))
<BR>[Address Reference Count : 1]<UL><LI> startup_stm32f4xx.o(RESET)
</UL>
<P><STRONG><a name="[1]"></a>NMI_Handler</STRONG> (Thumb, 2 bytes, Stack size 0 bytes, startup_stm32f4xx.o(.text))
<BR><BR>[Calls]<UL><LI><a href="#[1]">&gt;&gt;</a>&nbsp;&nbsp;&nbsp;NMI_Handler
</UL>
<BR>[Called By]<UL><LI><a href="#[1]">&gt;&gt;</a>&nbsp;&nbsp;&nbsp;NMI_Handler
</UL>
<BR>[Address Reference Count : 1]<UL><LI> startup_stm32f4xx.o(RESET)
</UL>
<P><STRONG><a name="[2]"></a>HardFault_Handler</STRONG> (Thumb, 2 bytes, Stack size 0 bytes, startup_stm32f4xx.o(.text))
<BR><BR>[Calls]<UL><LI><a href="#[2]">&gt;&gt;</a>&nbsp;&nbsp;&nbsp;HardFault_Handler
</UL>
<BR>[Called By]<UL><LI><a href="#[2]">&gt;&gt;</a>&nbsp;&nbsp;&nbsp;HardFault_Handler
</UL>
<BR>[Address Reference Count : 1]<UL><LI> startup_stm32f4xx.o(RESET)
</UL>
<P><STRONG><a name="[3]"></a>MemManage_Handler</STRONG> (Thumb, 2 bytes, Stack size 0 bytes, startup_stm32f4xx.o(.text))
<BR><BR>[Calls]<UL><LI><a href="#[3]">&gt;&gt;</a>&nbsp;&nbsp;&nbsp;MemManage_Handler
</UL>
<BR>[Called By]<UL><LI><a href="#[3]">&gt;&gt;</a>&nbsp;&nbsp;&nbsp;MemManage_Handler
</UL>
<BR>[Address Reference Count : 1]<UL><LI> startup_stm32f4xx.o(RESET)
</UL>
<P><STRONG><a name="[4]"></a>BusFault_Handler</STRONG> (Thumb, 2 bytes, Stack size 0 bytes, startup_stm32f4xx.o(.text))
<BR><BR>[Calls]<UL><LI><a href="#[4]">&gt;&gt;</a>&nbsp;&nbsp;&nbsp;BusFault_Handler
</UL>
<BR>[Called By]<UL><LI><a href="#[4]">&gt;&gt;</a>&nbsp;&nbsp;&nbsp;BusFault_Handler
</UL>
<BR>[Address Reference Count : 1]<UL><LI> startup_stm32f4xx.o(RESET)
</UL>
<P><STRONG><a name="[5]"></a>UsageFault_Handler</STRONG> (Thumb, 2 bytes, Stack size 0 bytes, startup_stm32f4xx.o(.text))
<BR><BR>[Calls]<UL><LI><a href="#[5]">&gt;&gt;</a>&nbsp;&nbsp;&nbsp;UsageFault_Handler
</UL>
<BR>[Called By]<UL><LI><a href="#[5]">&gt;&gt;</a>&nbsp;&nbsp;&nbsp;UsageFault_Handler
</UL>
<BR>[Address Reference Count : 1]<UL><LI> startup_stm32f4xx.o(RESET)
</UL>
[...]

<P><STRONG><a name="[162]"></a>SPI_GetCRC</STRONG> (Thumb, 12 bytes, Stack size 0 bytes, stm32f4xx_spi.o(.text), UNUSED)

<P><STRONG><a name="[163]"></a>SPI_GetCRCPolynomial</STRONG> (Thumb, 4 bytes, Stack size 0 bytes, stm32f4xx_spi.o(.text), UNUSED)

<P><STRONG><a name="[164]"></a>SPI_I2S_DMACmd</STRONG> (Thumb, 16 bytes, Stack size 0 bytes, stm32f4xx_spi.o(.text), UNUSED)

<P><STRONG><a name="[165]"></a>SPI_I2S_ITConfig</STRONG> (Thumb, 24 bytes, Stack size 0 bytes, stm32f4xx_spi.o(.text), UNUSED)

<P><STRONG><a name="[95]"></a>SPI_I2S_GetFlagStatus</STRONG> (Thumb, 14 bytes, Stack size 0 bytes, stm32f4xx_spi.o(.text))
<BR><BR>[Called By]<UL><LI><a href="#[9b]">&gt;&gt;</a>&nbsp;&nbsp;&nbsp;WR_CMD
<LI><a href="#[94]">&gt;&gt;</a>&nbsp;&nbsp;&nbsp;RD_AD
</UL>

<P><STRONG><a name="[166]"></a>SPI_I2S_ClearFlag</STRONG> (Thumb, 6 bytes, Stack size 0 bytes, stm32f4xx_spi.o(.text), UNUSED)

<P><STRONG><a name="[167]"></a>SPI_I2S_GetITStatus</STRONG> (Thumb, 44 bytes, Stack size 12 bytes, stm32f4xx_spi.o(.text), UNUSED)

<P><STRONG><a name="[168]"></a>SPI_I2S_ClearITPendingBit</STRONG> (Thumb, 14 bytes, Stack size 0 bytes, stm32f4xx_spi.o(.text), UNUSED)

<P><STRONG><a name="[5d]"></a>SystemInit</STRONG> (Thumb, 74 bytes, Stack size 8 bytes, system_stm32f4xx.o(.text))
<BR><BR>[Stack]<UL><LI>Max Depth = 20<LI>Call Chain = SystemInit &rArr; SetSysClock
</UL>
<BR>[Calls]<UL><LI><a href="#[fb]">&gt;&gt;</a>&nbsp;&nbsp;&nbsp;SetSysClock
</UL>
<BR>[Address Reference Count : 1]<UL><LI> startup_stm32f4xx.o(.text)
</UL>
<P><STRONG><a name="[169]"></a>SystemCoreClockUpdate</STRONG> (Thumb, 108 bytes, Stack size 16 bytes, system_stm32f4xx.o(.text), UNUSED)

<P><STRONG><a name="[8e]"></a>__aeabi_memcpy</STRONG> (Thumb, 36 bytes, Stack size 0 bytes, memcpya.o(.text))
<BR><BR>[Called By]<UL><LI><a href="#[ee]">&gt;&gt;</a>&nbsp;&nbsp;&nbsp;sendSequencedToPC
<LI><a href="#[e9]">&gt;&gt;</a>&nbsp;&nbsp;&nbsp;AddNewProg
<LI><a href="#[e8]">&gt;&gt;</a>&nbsp;&nbsp;&nbsp;DeleteProg
<LI><a href="#[8b]">&gt;&gt;</a>&nbsp;&nbsp;&nbsp;GetASCIICode
<LI><a href="#[7a]">&gt;&gt;</a>&nbsp;&nbsp;&nbsp;parseQueryUpdate
</UL>

<P><STRONG><a name="[16a]"></a>__aeabi_memcpy4</STRONG> (Thumb, 0 bytes, Stack size 0 bytes, memcpya.o(.text), UNUSED)

<P><STRONG><a name="[16b]"></a>__aeabi_memcpy8</STRONG> (Thumb, 0 bytes, Stack size 0 bytes, memcpya.o(.text), UNUSED)

<P><STRONG><a name="[fd]"></a>__aeabi_memset</STRONG> (Thumb, 14 bytes, Stack size 0 bytes, memseta.o(.text), UNUSED)
<BR><BR>[Called By]<UL><LI><a href="#[fe]">&gt;&gt;</a>&nbsp;&nbsp;&nbsp;_memset$wrapper
<LI><a href="#[fc]">&gt;&gt;</a>&nbsp;&nbsp;&nbsp;__aeabi_memclr
</UL>

<P><STRONG><a name="[16c]"></a>__aeabi_memset4</STRONG> (Thumb, 0 bytes, Stack size 0 bytes, memseta.o(.text), UNUSED)

<P><STRONG><a name="[16d]"></a>__aeabi_memset8</STRONG> (Thumb, 0 bytes, Stack size 0 bytes, memseta.o(.text), UNUSED)

<P><STRONG><a name="[fc]"></a>__aeabi_memclr</STRONG> (Thumb, 4 bytes, Stack size 0 bytes, memseta.o(.text), UNUSED)
<BR><BR>[Calls]<UL><LI><a href="#[fd]">&gt;&gt;</a>&nbsp;&nbsp;&nbsp;__aeabi_memset
</UL>

<P><STRONG><a name="[9f]"></a>__aeabi_memclr4</STRONG> (Thumb, 0 bytes, Stack size 0 bytes, memseta.o(.text))
<BR><BR>[Called By]<UL><LI><a href="#[73]">&gt;&gt;</a>&nbsp;&nbsp;&nbsp;Read_Ads7846
</UL>

<P><STRONG><a name="[16e]"></a>__aeabi_memclr8</STRONG> (Thumb, 0 bytes, Stack size 0 bytes, memseta.o(.text), UNUSED)

<P><STRONG><a name="[fe]"></a>_memset$wrapper</STRONG> (Thumb, 18 bytes, Stack size 8 bytes, memseta.o(.text), UNUSED)
<BR><BR>[Calls]<UL><LI><a href="#[fd]">&gt;&gt;</a>&nbsp;&nbsp;&nbsp;__aeabi_memset
</UL>

<P><STRONG><a name="[e6]"></a>strlen</STRONG> (Thumb, 14 bytes, Stack size 0 bytes, strlen.o(.text))
<BR><BR>[Called By]<UL><LI><a href="#[e7]">&gt;&gt;</a>&nbsp;&nbsp;&nbsp;otherSymbol
<LI><a href="#[e5]">&gt;&gt;</a>&nbsp;&nbsp;&nbsp;bckspsSymbol
</UL>

<P><STRONG><a name="[ce]"></a>strcmp</STRONG> (Thumb, 28 bytes, Stack size 8 bytes, strcmp.o(.text))
<BR><BR>[Stack]<UL><LI>Max Depth = 8<LI>Call Chain = strcmp
</UL>
<BR>[Called By]<UL><LI><a href="#[7b]">&gt;&gt;</a>&nbsp;&nbsp;&nbsp;led_control
</UL>

<P><STRONG><a name="[b1]"></a>strcpy</STRONG> (Thumb, 18 bytes, Stack size 0 bytes, strcpy.o(.text))
<BR><BR>[Called By]<UL><LI><a href="#[af]">&gt;&gt;</a>&nbsp;&nbsp;&nbsp;setting_null
</UL>

<P><STRONG><a name="[a6]"></a>__aeabi_dadd</STRONG> (Thumb, 322 bytes, Stack size 48 bytes, dadd.o(.text))
<BR><BR>[Stack]<UL><LI>Max Depth = 88<LI>Call Chain = __aeabi_dadd &rArr; _double_epilogue &rArr; _double_round
</UL>
<BR>[Calls]<UL><LI><a href="#[102]">&gt;&gt;</a>&nbsp;&nbsp;&nbsp;_double_round
<LI><a href="#[101]">&gt;&gt;</a>&nbsp;&nbsp;&nbsp;_double_epilogue
<LI><a href="#[100]">&gt;&gt;</a>&nbsp;&nbsp;&nbsp;__aeabi_lasr
<LI><a href="#[ff]">&gt;&gt;</a>&nbsp;&nbsp;&nbsp;__aeabi_llsl
</UL>
<BR>[Called By]<UL><LI><a href="#[74]">&gt;&gt;</a>&nbsp;&nbsp;&nbsp;getDisplayPoint
<LI><a href="#[104]">&gt;&gt;</a>&nbsp;&nbsp;&nbsp;__aeabi_drsub
<LI><a href="#[103]">&gt;&gt;</a>&nbsp;&nbsp;&nbsp;__aeabi_dsub
</UL>

<P><STRONG><a name="[103]"></a>__aeabi_dsub</STRONG> (Thumb, 6 bytes, Stack size 0 bytes, dadd.o(.text), UNUSED)
<BR><BR>[Calls]<UL><LI><a href="#[a6]">&gt;&gt;</a>&nbsp;&nbsp;&nbsp;__aeabi_dadd
</UL>

<P><STRONG><a name="[104]"></a>__aeabi_drsub</STRONG> (Thumb, 6 bytes, Stack size 0 bytes, dadd.o(.text), UNUSED)
<BR><BR>[Calls]<UL><LI><a href="#[a6]">&gt;&gt;</a>&nbsp;&nbsp;&nbsp;__aeabi_dadd
</UL>

<P><STRONG><a name="[a5]"></a>__aeabi_dmul</STRONG> (Thumb, 228 bytes, Stack size 48 bytes, dmul.o(.text))
<BR><BR>[Stack]<UL><LI>Max Depth = 88<LI>Call Chain = __aeabi_dmul &rArr; _double_epilogue &rArr; _double_round
</UL>
<BR>[Calls]<UL><LI><a href="#[101]">&gt;&gt;</a>&nbsp;&nbsp;&nbsp;_double_epilogue
</UL>
<BR>[Called By]<UL><LI><a href="#[74]">&gt;&gt;</a>&nbsp;&nbsp;&nbsp;getDisplayPoint
</UL>

<P><STRONG><a name="[a7]"></a>__aeabi_ddiv</STRONG> (Thumb, 222 bytes, Stack size 32 bytes, ddiv.o(.text))
<BR><BR>[Stack]<UL><LI>Max Depth = 40<LI>Call Chain = __aeabi_ddiv &rArr; _double_round
</UL>
<BR>[Calls]<UL><LI><a href="#[102]">&gt;&gt;</a>&nbsp;&nbsp;&nbsp;_double_round
</UL>
<BR>[Called By]<UL><LI><a href="#[74]">&gt;&gt;</a>&nbsp;&nbsp;&nbsp;getDisplayPoint
</UL>

<P><STRONG><a name="[a2]"></a>__aeabi_i2d</STRONG> (Thumb, 34 bytes, Stack size 16 bytes, dflti.o(.text))
<BR><BR>[Stack]<UL><LI>Max Depth = 56<LI>Call Chain = __aeabi_i2d &rArr; _double_epilogue &rArr; _double_round
</UL>
<BR>[Calls]<UL><LI><a href="#[101]">&gt;&gt;</a>&nbsp;&nbsp;&nbsp;_double_epilogue
</UL>
<BR>[Called By]<UL><LI><a href="#[a1]">&gt;&gt;</a>&nbsp;&nbsp;&nbsp;setCalibrationMatrix
</UL>

<P><STRONG><a name="[a4]"></a>__aeabi_ui2d</STRONG> (Thumb, 26 bytes, Stack size 16 bytes, dfltui.o(.text))
<BR><BR>[Stack]<UL><LI>Max Depth = 56<LI>Call Chain = __aeabi_ui2d &rArr; _double_epilogue &rArr; _double_round
</UL>
<BR>[Calls]<UL><LI><a href="#[101]">&gt;&gt;</a>&nbsp;&nbsp;&nbsp;_double_epilogue
</UL>
<BR>[Called By]<UL><LI><a href="#[74]">&gt;&gt;</a>&nbsp;&nbsp;&nbsp;getDisplayPoint
</UL>

<P><STRONG><a name="[a8]"></a>__aeabi_d2uiz</STRONG> (Thumb, 50 bytes, Stack size 8 bytes, dfixui.o(.text))
<BR><BR>[Stack]<UL><LI>Max Depth = 8<LI>Call Chain = __aeabi_d2uiz
</UL>
<BR>[Calls]<UL><LI><a href="#[105]">&gt;&gt;</a>&nbsp;&nbsp;&nbsp;__aeabi_llsr
</UL>
<BR>[Called By]<UL><LI><a href="#[74]">&gt;&gt;</a>&nbsp;&nbsp;&nbsp;getDisplayPoint
</UL>

<P><STRONG><a name="[a3]"></a>__aeabi_cdcmpeq</STRONG> (Thumb, 0 bytes, Stack size 0 bytes, cdcmple.o(.text))
<BR><BR>[Called By]<UL><LI><a href="#[a1]">&gt;&gt;</a>&nbsp;&nbsp;&nbsp;setCalibrationMatrix
<LI><a href="#[74]">&gt;&gt;</a>&nbsp;&nbsp;&nbsp;getDisplayPoint
</UL>

<P><STRONG><a name="[16f]"></a>__aeabi_cdcmple</STRONG> (Thumb, 48 bytes, Stack size 0 bytes, cdcmple.o(.text), UNUSED)

<P><STRONG><a name="[106]"></a>__aeabi_uldivmod</STRONG> (Thumb, 98 bytes, Stack size 40 bytes, uldiv.o(.text), UNUSED)
<BR><BR>[Calls]<UL><LI><a href="#[105]">&gt;&gt;</a>&nbsp;&nbsp;&nbsp;__aeabi_llsr
<LI><a href="#[ff]">&gt;&gt;</a>&nbsp;&nbsp;&nbsp;__aeabi_llsl
</UL>
<BR>[Called By]<UL><LI><a href="#[109]">&gt;&gt;</a>&nbsp;&nbsp;&nbsp;_printf_core
</UL>

<P><STRONG><a name="[ff]"></a>__aeabi_llsl</STRONG> (Thumb, 30 bytes, Stack size 0 bytes, llshl.o(.text))
<BR><BR>[Called By]<UL><LI><a href="#[a6]">&gt;&gt;</a>&nbsp;&nbsp;&nbsp;__aeabi_dadd
<LI><a href="#[101]">&gt;&gt;</a>&nbsp;&nbsp;&nbsp;_double_epilogue
<LI><a href="#[106]">&gt;&gt;</a>&nbsp;&nbsp;&nbsp;__aeabi_uldivmod
</UL>

<P><STRONG><a name="[170]"></a>_ll_shift_l</STRONG> (Thumb, 0 bytes, Stack size 0 bytes, llshl.o(.text), UNUSED)

<P><STRONG><a name="[105]"></a>__aeabi_llsr</STRONG> (Thumb, 32 bytes, Stack size 0 bytes, llushr.o(.text))
<BR><BR>[Called By]<UL><LI><a href="#[a8]">&gt;&gt;</a>&nbsp;&nbsp;&nbsp;__aeabi_d2uiz
<LI><a href="#[101]">&gt;&gt;</a>&nbsp;&nbsp;&nbsp;_double_epilogue
<LI><a href="#[106]">&gt;&gt;</a>&nbsp;&nbsp;&nbsp;__aeabi_uldivmod
</UL>

<P><STRONG><a name="[171]"></a>_ll_ushift_r</STRONG> (Thumb, 0 bytes, Stack size 0 bytes, llushr.o(.text), UNUSED)

<P><STRONG><a name="[100]"></a>__aeabi_lasr</STRONG> (Thumb, 36 bytes, Stack size 0 bytes, llsshr.o(.text))
<BR><BR>[Called By]<UL><LI><a href="#[a6]">&gt;&gt;</a>&nbsp;&nbsp;&nbsp;__aeabi_dadd
</UL>

<P><STRONG><a name="[172]"></a>_ll_sshift_r</STRONG> (Thumb, 0 bytes, Stack size 0 bytes, llsshr.o(.text), UNUSED)

<P><STRONG><a name="[173]"></a>__I$use$fp</STRONG> (Thumb, 0 bytes, Stack size 8 bytes, iusefp.o(.text), UNUSED)

<P><STRONG><a name="[102]"></a>_double_round</STRONG> (Thumb, 30 bytes, Stack size 8 bytes, depilogue.o(.text))
<BR><BR>[Stack]<UL><LI>Max Depth = 8<LI>Call Chain = _double_round
</UL>
<BR>[Called By]<UL><LI><a href="#[a7]">&gt;&gt;</a>&nbsp;&nbsp;&nbsp;__aeabi_ddiv
<LI><a href="#[a6]">&gt;&gt;</a>&nbsp;&nbsp;&nbsp;__aeabi_dadd
<LI><a href="#[101]">&gt;&gt;</a>&nbsp;&nbsp;&nbsp;_double_epilogue
</UL>

<P><STRONG><a name="[101]"></a>_double_epilogue</STRONG> (Thumb, 156 bytes, Stack size 32 bytes, depilogue.o(.text))
<BR><BR>[Stack]<UL><LI>Max Depth = 40<LI>Call Chain = _double_epilogue &rArr; _double_round
</UL>
<BR>[Calls]<UL><LI><a href="#[102]">&gt;&gt;</a>&nbsp;&nbsp;&nbsp;_double_round
<LI><a href="#[105]">&gt;&gt;</a>&nbsp;&nbsp;&nbsp;__aeabi_llsr
<LI><a href="#[ff]">&gt;&gt;</a>&nbsp;&nbsp;&nbsp;__aeabi_llsl
</UL>
<BR>[Called By]<UL><LI><a href="#[a4]">&gt;&gt;</a>&nbsp;&nbsp;&nbsp;__aeabi_ui2d
<LI><a href="#[a2]">&gt;&gt;</a>&nbsp;&nbsp;&nbsp;__aeabi_i2d
<LI><a href="#[a5]">&gt;&gt;</a>&nbsp;&nbsp;&nbsp;__aeabi_dmul
<LI><a href="#[a6]">&gt;&gt;</a>&nbsp;&nbsp;&nbsp;__aeabi_dadd
</UL>

<P><STRONG><a name="[62]"></a>__scatterload</STRONG> (Thumb, 28 bytes, Stack size 0 bytes, init.o(.text))
<BR><BR>[Calls]<UL><LI><a href="#[107]">&gt;&gt;</a>&nbsp;&nbsp;&nbsp;__main_after_scatterload
</UL>
<BR>[Called By]<UL><LI><a href="#[61]">&gt;&gt;</a>&nbsp;&nbsp;&nbsp;_main_scatterload
</UL>

<P><STRONG><a name="[174]"></a>__scatterload_rt2</STRONG> (Thumb, 0 bytes, Stack size 0 bytes, init.o(.text), UNUSED)

<P><STRONG><a name="[108]"></a>__0printf$8</STRONG> (Thumb, 22 bytes, Stack size 24 bytes, printf8.o(i.__0printf$8), UNUSED)
<BR><BR>[Calls]<UL><LI><a href="#[109]">&gt;&gt;</a>&nbsp;&nbsp;&nbsp;_printf_core
</UL>

<P><STRONG><a name="[175]"></a>__1printf$8</STRONG> (Thumb, 0 bytes, Stack size 24 bytes, printf8.o(i.__0printf$8), UNUSED)

<P><STRONG><a name="[71]"></a>__2printf</STRONG> (Thumb, 0 bytes, Stack size 24 bytes, printf8.o(i.__0printf$8))
<BR><BR>[Stack]<UL><LI>Max Depth = 24<LI>Call Chain = __2printf
</UL>
<BR>[Called By]<UL><LI><a href="#[ca]">&gt;&gt;</a>&nbsp;&nbsp;&nbsp;timer_init
<LI><a href="#[c6]">&gt;&gt;</a>&nbsp;&nbsp;&nbsp;devices_init
<LI><a href="#[b2]">&gt;&gt;</a>&nbsp;&nbsp;&nbsp;setting_load
<LI><a href="#[af]">&gt;&gt;</a>&nbsp;&nbsp;&nbsp;setting_null
<LI><a href="#[ab]">&gt;&gt;</a>&nbsp;&nbsp;&nbsp;printfArray32
<LI><a href="#[aa]">&gt;&gt;</a>&nbsp;&nbsp;&nbsp;printfArray
<LI><a href="#[68]">&gt;&gt;</a>&nbsp;&nbsp;&nbsp;update_init
<LI><a href="#[79]">&gt;&gt;</a>&nbsp;&nbsp;&nbsp;setting_save
<LI><a href="#[66]">&gt;&gt;</a>&nbsp;&nbsp;&nbsp;setting_init
<LI><a href="#[65]">&gt;&gt;</a>&nbsp;&nbsp;&nbsp;debug_init
<LI><a href="#[70]">&gt;&gt;</a>&nbsp;&nbsp;&nbsp;TouchPanel_Calibrate
<LI><a href="#[69]">&gt;&gt;</a>&nbsp;&nbsp;&nbsp;TP_Init
<LI><a href="#[6e]">&gt;&gt;</a>&nbsp;&nbsp;&nbsp;Menu_Init
<LI><a href="#[6a]">&gt;&gt;</a>&nbsp;&nbsp;&nbsp;LCD_Initializtion
<LI><a href="#[5c]">&gt;&gt;</a>&nbsp;&nbsp;&nbsp;main
</UL>

<P><STRONG><a name="[10a]"></a>__0sprintf$8</STRONG> (Thumb, 34 bytes, Stack size 24 bytes, printf8.o(i.__0sprintf$8), UNUSED)
<BR><BR>[Calls]<UL><LI><a href="#[60]">&gt;&gt;</a>&nbsp;&nbsp;&nbsp;_sputc
<LI><a href="#[109]">&gt;&gt;</a>&nbsp;&nbsp;&nbsp;_printf_core
</UL>

<P><STRONG><a name="[176]"></a>__1sprintf$8</STRONG> (Thumb, 0 bytes, Stack size 24 bytes, printf8.o(i.__0sprintf$8), UNUSED)

<P><STRONG><a name="[6d]"></a>__2sprintf</STRONG> (Thumb, 0 bytes, Stack size 24 bytes, printf8.o(i.__0sprintf$8))
<BR><BR>[Stack]<UL><LI>Max Depth = 24<LI>Call Chain = __2sprintf
</UL>
<BR>[Called By]<UL><LI><a href="#[e9]">&gt;&gt;</a>&nbsp;&nbsp;&nbsp;AddNewProg
<LI><a href="#[e7]">&gt;&gt;</a>&nbsp;&nbsp;&nbsp;otherSymbol
<LI><a href="#[c2]">&gt;&gt;</a>&nbsp;&nbsp;&nbsp;PulseChangeDrawModalValue
<LI><a href="#[bd]">&gt;&gt;</a>&nbsp;&nbsp;&nbsp;TableDPBDraw
<LI><a href="#[bc]">&gt;&gt;</a>&nbsp;&nbsp;&nbsp;convertPulseCountParamDraw
<LI><a href="#[bb]">&gt;&gt;</a>&nbsp;&nbsp;&nbsp;convertReverseParamDraw
<LI><a href="#[ba]">&gt;&gt;</a>&nbsp;&nbsp;&nbsp;convertOnOffParamDraw
<LI><a href="#[b9]">&gt;&gt;</a>&nbsp;&nbsp;&nbsp;convertTimeParamDraw
<LI><a href="#[b8]">&gt;&gt;</a>&nbsp;&nbsp;&nbsp;NaviPageButtonDraw
<LI><a href="#[af]">&gt;&gt;</a>&nbsp;&nbsp;&nbsp;setting_null
<LI><a href="#[5c]">&gt;&gt;</a>&nbsp;&nbsp;&nbsp;main
</UL>

<P><STRONG><a name="[177]"></a>__scatterload_copy</STRONG> (Thumb, 14 bytes, Stack size unknown bytes, handlers.o(i.__scatterload_copy), UNUSED)

<P><STRONG><a name="[178]"></a>__scatterload_null</STRONG> (Thumb, 2 bytes, Stack size unknown bytes, handlers.o(i.__scatterload_null), UNUSED)

<P><STRONG><a name="[179]"></a>__scatterload_zeroinit</STRONG> (Thumb, 14 bytes, Stack size unknown bytes, handlers.o(i.__scatterload_zeroinit), UNUSED)
<P>
<H3>
Local Symbols
</H3>
<P><STRONG><a name="[7c]"></a>LCD_CtrlLinesConfig</STRONG> (Thumb, 318 bytes, Stack size 16 bytes, lcd.o(.text))
<BR><BR>[Stack]<UL><LI>Max Depth = 36<LI>Call Chain = LCD_CtrlLinesConfig &rArr; GPIO_Init
</UL>
<BR>[Calls]<UL><LI><a href="#[7e]">&gt;&gt;</a>&nbsp;&nbsp;&nbsp;RCC_AHB3PeriphClockCmd
<LI><a href="#[7d]">&gt;&gt;</a>&nbsp;&nbsp;&nbsp;RCC_AHB1PeriphClockCmd
<LI><a href="#[7f]">&gt;&gt;</a>&nbsp;&nbsp;&nbsp;GPIO_PinAFConfig
<LI><a href="#[80]">&gt;&gt;</a>&nbsp;&nbsp;&nbsp;GPIO_Init
</UL>
<BR>[Called By]<UL><LI><a href="#[6a]">&gt;&gt;</a>&nbsp;&nbsp;&nbsp;LCD_Initializtion
</UL>

<P><STRONG><a name="[85]"></a>LCD_SetCursor</STRONG> (Thumb, 60 bytes, Stack size 4 bytes, lcd.o(.text))
<BR><BR>[Stack]<UL><LI>Max Depth = 4<LI>Call Chain = LCD_SetCursor
</UL>
<BR>[Calls]<UL><LI><a href="#[84]">&gt;&gt;</a>&nbsp;&nbsp;&nbsp;LCD_WriteReg
</UL>
<BR>[Called By]<UL><LI><a href="#[87]">&gt;&gt;</a>&nbsp;&nbsp;&nbsp;LCD_SetPoint
<LI><a href="#[86]">&gt;&gt;</a>&nbsp;&nbsp;&nbsp;LCD_GetPoint
<LI><a href="#[6b]">&gt;&gt;</a>&nbsp;&nbsp;&nbsp;LCD_Clear
</UL>

<P><STRONG><a name="[81]"></a>LCD_FSMCConfig</STRONG> (Thumb, 78 bytes, Stack size 96 bytes, lcd.o(.text))
<BR><BR>[Stack]<UL><LI>Max Depth = 104<LI>Call Chain = LCD_FSMCConfig &rArr; FSMC_NORSRAMInit
</UL>
<BR>[Calls]<UL><LI><a href="#[8c]">&gt;&gt;</a>&nbsp;&nbsp;&nbsp;FSMC_NORSRAMInit
<LI><a href="#[8d]">&gt;&gt;</a>&nbsp;&nbsp;&nbsp;FSMC_NORSRAMCmd
</UL>
<BR>[Called By]<UL><LI><a href="#[6a]">&gt;&gt;</a>&nbsp;&nbsp;&nbsp;LCD_Initializtion
</UL>

<P><STRONG><a name="[94]"></a>RD_AD</STRONG> (Thumb, 102 bytes, Stack size 16 bytes, touchpanel.o(.text))
<BR><BR>[Stack]<UL><LI>Max Depth = 24<LI>Call Chain = RD_AD &rArr; DelayUS
</UL>
<BR>[Calls]<UL><LI><a href="#[96]">&gt;&gt;</a>&nbsp;&nbsp;&nbsp;SPI_I2S_SendData
<LI><a href="#[97]">&gt;&gt;</a>&nbsp;&nbsp;&nbsp;SPI_I2S_ReceiveData
<LI><a href="#[95]">&gt;&gt;</a>&nbsp;&nbsp;&nbsp;SPI_I2S_GetFlagStatus
<LI><a href="#[98]">&gt;&gt;</a>&nbsp;&nbsp;&nbsp;DelayUS
</UL>
<BR>[Called By]<UL><LI><a href="#[9c]">&gt;&gt;</a>&nbsp;&nbsp;&nbsp;Read_Y
<LI><a href="#[99]">&gt;&gt;</a>&nbsp;&nbsp;&nbsp;Read_X
</UL>

<P><STRONG><a name="[98]"></a>DelayUS</STRONG> (Thumb, 26 bytes, Stack size 8 bytes, touchpanel.o(.text))
<BR><BR>[Stack]<UL><LI>Max Depth = 8<LI>Call Chain = DelayUS
</UL>
<BR>[Called By]<UL><LI><a href="#[9d]">&gt;&gt;</a>&nbsp;&nbsp;&nbsp;TP_GetAdXY
<LI><a href="#[9c]">&gt;&gt;</a>&nbsp;&nbsp;&nbsp;Read_Y
<LI><a href="#[99]">&gt;&gt;</a>&nbsp;&nbsp;&nbsp;Read_X
<LI><a href="#[94]">&gt;&gt;</a>&nbsp;&nbsp;&nbsp;RD_AD
</UL>

<P><STRONG><a name="[9b]"></a>WR_CMD</STRONG> (Thumb, 48 bytes, Stack size 16 bytes, touchpanel.o(.text))
<BR><BR>[Stack]<UL><LI>Max Depth = 16<LI>Call Chain = WR_CMD
</UL>
<BR>[Calls]<UL><LI><a href="#[96]">&gt;&gt;</a>&nbsp;&nbsp;&nbsp;SPI_I2S_SendData
<LI><a href="#[97]">&gt;&gt;</a>&nbsp;&nbsp;&nbsp;SPI_I2S_ReceiveData
<LI><a href="#[95]">&gt;&gt;</a>&nbsp;&nbsp;&nbsp;SPI_I2S_GetFlagStatus
</UL>
<BR>[Called By]<UL><LI><a href="#[9c]">&gt;&gt;</a>&nbsp;&nbsp;&nbsp;Read_Y
<LI><a href="#[99]">&gt;&gt;</a>&nbsp;&nbsp;&nbsp;Read_X
</UL>

<P><STRONG><a name="[cc]"></a>NVIC_EnableIRQ</STRONG> (Thumb, 126 bytes, Stack size 0 bytes, timer.o(.text))
<BR><BR>[Called By]<UL><LI><a href="#[ca]">&gt;&gt;</a>&nbsp;&nbsp;&nbsp;timer_init
</UL>

<P><STRONG><a name="[cb]"></a>NVIC_SetPriority</STRONG> (Thumb, 32 bytes, Stack size 0 bytes, timer.o(.text))
<BR><BR>[Called By]<UL><LI><a href="#[ca]">&gt;&gt;</a>&nbsp;&nbsp;&nbsp;timer_init
</UL>

<P><STRONG><a name="[ec]"></a>NVIC_EnableIRQ</STRONG> (Thumb, 22 bytes, Stack size 0 bytes, update.o(.text))
<BR><BR>[Called By]<UL><LI><a href="#[68]">&gt;&gt;</a>&nbsp;&nbsp;&nbsp;update_init
</UL>

<P><STRONG><a name="[eb]"></a>NVIC_SetPriority</STRONG> (Thumb, 32 bytes, Stack size 0 bytes, update.o(.text))
<BR><BR>[Called By]<UL><LI><a href="#[68]">&gt;&gt;</a>&nbsp;&nbsp;&nbsp;update_init
</UL>

<P><STRONG><a name="[fb]"></a>SetSysClock</STRONG> (Thumb, 162 bytes, Stack size 12 bytes, system_stm32f4xx.o(.text))
<BR><BR>[Stack]<UL><LI>Max Depth = 12<LI>Call Chain = SetSysClock
</UL>
<BR>[Called By]<UL><LI><a href="#[5d]">&gt;&gt;</a>&nbsp;&nbsp;&nbsp;SystemInit
</UL>

<P><STRONG><a name="[109]"></a>_printf_core</STRONG> (Thumb, 996 bytes, Stack size 104 bytes, printf8.o(i._printf_core), UNUSED)
<BR><BR>[Calls]<UL><LI><a href="#[10b]">&gt;&gt;</a>&nbsp;&nbsp;&nbsp;_printf_pre_padding
<LI><a href="#[10c]">&gt;&gt;</a>&nbsp;&nbsp;&nbsp;_printf_post_padding
<LI><a href="#[106]">&gt;&gt;</a>&nbsp;&nbsp;&nbsp;__aeabi_uldivmod
</UL>
<BR>[Called By]<UL><LI><a href="#[10a]">&gt;&gt;</a>&nbsp;&nbsp;&nbsp;__0sprintf$8
<LI><a href="#[108]">&gt;&gt;</a>&nbsp;&nbsp;&nbsp;__0printf$8
</UL>

<P><STRONG><a name="[10c]"></a>_printf_post_padding</STRONG> (Thumb, 36 bytes, Stack size 24 bytes, printf8.o(i._printf_post_padding), UNUSED)
<BR><BR>[Called By]<UL><LI><a href="#[109]">&gt;&gt;</a>&nbsp;&nbsp;&nbsp;_printf_core
</UL>

<P><STRONG><a name="[10b]"></a>_printf_pre_padding</STRONG> (Thumb, 46 bytes, Stack size 24 bytes, printf8.o(i._printf_pre_padding), UNUSED)
<BR><BR>[Called By]<UL><LI><a href="#[109]">&gt;&gt;</a>&nbsp;&nbsp;&nbsp;_printf_core
</UL>

<P><STRONG><a name="[60]"></a>_sputc</STRONG> (Thumb, 10 bytes, Stack size 0 bytes, printf8.o(i._sputc))
<BR><BR>[Called By]<UL><LI><a href="#[10a]">&gt;&gt;</a>&nbsp;&nbsp;&nbsp;__0sprintf$8
</UL>
<BR>[Address Reference Count : 1]<UL><LI> printf8.o(i.__0sprintf$8)
</UL><P>
<H3>
Undefined Global Symbols
</H3><HR></body></html>
